07-29 15:12:12.115  1083  1095 V WindowManager: Check opening app=AppWindowToken{f378992 token=Token{f2bf31d ActivityRecord{6ef2ff4 u0 com.wujie.siyu/com.yizhuan.cutesound.ui.login.ModifyInfoActivity t1393}}}: allDrawn=false startingDisplayed=false startingMoved=false isRelaunching()=false startingWindow=null
07-29 15:12:12.122   600   898 I GRALLOC : getCallingPid=639, shrFd=31,fmt=0x1,intFmt=0x200000001,btStrd=4352,size=9973760,pid=600 
07-29 15:12:12.122   600   898 I GRALLOC : 	 yuv=2,w=1080,h=2244,Stride u=0 v=0,offset u=0 v=0 
07-29 15:12:12.122   600   898 I GRALLOC : 	 iova_size=9973760,conUsg=0x900,proUsg=0x900,	 strd=1088,[afbc]HdrStrd=1088 PyldStrd=69632 Scrmbl=2,ionhnd = 1 
07-29 15:12:12.124   600   898 I GRALLOC : getCallingPid=639, shrFd=31,fmt=0x1,intFmt=0x200000001,btStrd=4352,size=9973760,pid=600 
07-29 15:12:12.124   600   898 I GRALLOC : 	 yuv=2,w=1080,h=2244,Stride u=0 v=0,offset u=0 v=0 
07-29 15:12:12.124   600   898 I GRALLOC : 	 iova_size=9973760,conUsg=0x900,proUsg=0x900,	 strd=1088,[afbc]HdrStrd=1088 PyldStrd=69632 Scrmbl=2,ionhnd = 1 
07-29 15:12:12.124  2424  2424 D HwAutofillHelper: recordCurrentInfo:0
07-29 15:12:12.125  2424  2424 D HwAutofillHelper: inputType = 131073
07-29 15:12:12.127   600   898 I GRALLOC : getCallingPid=639, shrFd=31,fmt=0x1,intFmt=0x200000001,btStrd=4352,size=9973760,pid=600 
07-29 15:12:12.127   600   898 I GRALLOC : 	 yuv=2,w=1080,h=2244,Stride u=0 v=0,offset u=0 v=0 
07-29 15:12:12.127   600   898 I GRALLOC : 	 iova_size=9973760,conUsg=0x900,proUsg=0x900,	 strd=1088,[afbc]HdrStrd=1088 PyldStrd=69632 Scrmbl=2,ionhnd = 1 
07-29 15:12:12.129  2424  2596 D mali_winsys: EGLint new_window_surface(egl_winsys_display *, void *, EGLSurface, EGLConfig, egl_winsys_surface **, EGLBoolean) returns 0x3000
07-29 15:12:12.129  2424  2424 W InputMethodManager: startInputReason = 1
07-29 15:12:12.146   600   898 I GRALLOC : getCallingPid=639, shrFd=31,fmt=0x1,intFmt=0x200000001,btStrd=4352,size=9973760,pid=600 
07-29 15:12:12.146   600   898 I GRALLOC : 	 yuv=2,w=1080,h=2244,Stride u=0 v=0,offset u=0 v=0 
07-29 15:12:12.146   600   898 I GRALLOC : 	 iova_size=9973760,conUsg=0xb00,proUsg=0xb00,	 strd=1088,[afbc]HdrStrd=1088 PyldStrd=69632 Scrmbl=2,ionhnd = 1 
07-29 15:12:12.146  1951  1967 D HwRecentsTaskUtils: refreshToCache
07-29 15:12:12.146  1951  1967 D HwRecentsTaskUtils: searchFromDate
07-29 15:12:12.149  1819 25523 E HsmCoreServiceImpl: onTransact in code is: 103
07-29 15:12:12.149  1819 25523 I MediaProcessHandler: playingUids: 10157|10159|10162|10169|10171|10244|
07-29 15:12:12.151  1951  1967 I RecentsTaskLoadPlan: to show tasks size is 4
07-29 15:12:12.152  1083  1483 V WindowManager_visibility: updateAllDrawn Add AppWindowToken{f378992 token=Token{f2bf31d ActivityRecord{6ef2ff4 u0 com.wujie.siyu/com.yizhuan.cutesound.ui.login.ModifyInfoActivity t1393}}}
07-29 15:12:12.153  1083  1483 V WindowManager_visibility: updateAllDrawn allDrawn=false interesting=1 drawn=1 relaunchCount=0 for AppWindowToken{f378992 token=Token{f2bf31d ActivityRecord{6ef2ff4 u0 com.wujie.siyu/com.yizhuan.cutesound.ui.login.ModifyInfoActivity t1393}}}
07-29 15:12:12.153  1083  1483 V WindowManager: Checking 1 opening apps (frozen=false timeout=false), Track:  performsurface
07-29 15:12:12.153  1083  1483 V WindowManager: Check opening app=AppWindowToken{f378992 token=Token{f2bf31d ActivityRecord{6ef2ff4 u0 com.wujie.siyu/com.yizhuan.cutesound.ui.login.ModifyInfoActivity t1393}}}: allDrawn=true startingDisplayed=false startingMoved=false isRelaunching()=false startingWindow=null
07-29 15:12:12.153  1083  1483 I WindowManager: closing apps count = 1
07-29 15:12:12.160   639   795 I chatty  : uid=1000(system) unnamed expire 1 line
07-29 15:12:12.164  1695  1695 D BarTransitions.HwPhoneStatusBarView: MODE_TRANSLUCENT -> MODE_TRANSPARENT animate=false
07-29 15:12:12.164  1695  1695 D BarTransitions.HwPhoneStatusBarView: applyModeBackground oldMode=MODE_TRANSLUCENT newMode=MODE_TRANSPARENT animate=false
07-29 15:12:12.170  1083  1210 I chatty  : uid=1000(system) android.display expire 1 line
07-29 15:12:12.170  1083  1210 D ActivityManager: EVENT_APP_ACTIVITY_DISPLAYED_FINISH reportData: com.wujie.siyu/com.yizhuan.cutesound.ui.login.ModifyInfoActivity 2424 125
07-29 15:12:12.359  2424  2424 D HwAppInnerBoostImpl: asyncReportData com.wujie.siyu,1,1,6,0 interval=2121
07-29 15:12:12.360   624   624 E uniperf server: uniPerfEvent doParse failed, cmdId=4402
07-29 15:12:12.360   624   624 D uniperf hal: do uniPerfEvent failed, cmdId=4402, ret=2
07-29 15:12:12.377  2424  2596 W libEGL  : EGLNativeWindowType 0xca67c008 disconnect failed
07-29 15:12:12.384  2424  2424 D ViewRootImpl[UserInfoModifyActivity]: surface should not be released
07-29 15:12:12.385  2424  2424 I com.microquation.linkedme.android.LinkedME: onStopped UserInfoModifyActivity  activityCnt_ = 2
07-29 15:12:12.392  1083  1095 V WindowManager: notifyAppStopped: AppWindowToken{7f9de2f token=Token{2f8740e ActivityRecord{d244a09 u0 com.wujie.siyu/com.yizhuan.cutesound.ui.user.UserInfoModifyActivity t1393}}}
07-29 15:12:12.393  1083  1095 E WindowManager: win=Window{be7dc5 u0 com.wujie.siyu/com.yizhuan.cutesound.ui.user.UserInfoModifyActivity} destroySurfaces: appStopped=true win.mWindowRemovalAllowed=false win.mRemoveOnExit=false
07-29 15:12:12.568  1083  1548 I chatty  : uid=1000(system) WifiService expire 1 line
07-29 15:12:12.568  1083  1548 I TrafficMonitor: start expired. level:-1
07-29 15:12:12.569  1083  1548 I TrafficMonitor: gettimer:interval=2000
07-29 15:12:12.632  2424  2424 D HwAppInnerBoostImpl: asyncReportData com.wujie.siyu,1,1,7,0 interval=2393
07-29 15:12:12.633   624   624 E uniperf server: uniPerfEvent doParse failed, cmdId=4402
07-29 15:12:12.633   624   624 D uniperf hal: do uniPerfEvent failed, cmdId=4402, ret=2
07-29 15:12:12.649   600   898 I GRALLOC : getCallingPid=639, shrFd=31,fmt=0x1,intFmt=0x200000001,btStrd=4352,size=9973760,pid=600 
07-29 15:12:12.649   600   898 I GRALLOC : 	 yuv=2,w=1080,h=2244,Stride u=0 v=0,offset u=0 v=0 
07-29 15:12:12.649   600   898 I GRALLOC : 	 iova_size=9973760,conUsg=0xb00,proUsg=0xb00,	 strd=1088,[afbc]HdrStrd=1088 PyldStrd=69632 Scrmbl=2,ionhnd = 1 
07-29 15:12:12.709  1862  2057 D HwWifiStatStore: handleMessage : 200
07-29 15:12:13.134  2424  2424 D HwAppInnerBoostImpl: asyncReportData com.wujie.siyu,1,1,8,0 interval=2895
07-29 15:12:13.135   624   624 E uniperf server: uniPerfEvent doParse failed, cmdId=4402
07-29 15:12:13.135   624   624 D uniperf hal: do uniPerfEvent failed, cmdId=4402, ret=2
07-29 15:12:13.152   600   898 I GRALLOC : getCallingPid=639, shrFd=31,fmt=0x1,intFmt=0x200000001,btStrd=4352,size=9973760,pid=600 
07-29 15:12:13.152   600   898 I GRALLOC : 	 yuv=2,w=1080,h=2244,Stride u=0 v=0,offset u=0 v=0 
07-29 15:12:13.152   600   898 I GRALLOC : 	 iova_size=9973760,conUsg=0xb00,proUsg=0xb00,	 strd=1088,[afbc]HdrStrd=1088 PyldStrd=69632 Scrmbl=2,ionhnd = 1 
07-29 15:12:13.533   765   804 I Pged-IPgedBinderService: ****action is 2, pid num is 3***
07-29 15:12:13.534   765   804 I Pged-Freezer: thawPids
07-29 15:12:13.536  1908  2181 D PgedBinderAdapter: unfrz ok, pid: [31054, 32533]
07-29 15:12:13.562  1083  1548 I TrafficMonitor: expired arrive. level:-1
07-29 15:12:13.563  1083  1548 I TrafficMonitor: during_ms:2004,period_ms:2000
07-29 15:12:13.563  1083  1548 I TrafficMonitor: count:83,rx_sum:50,tx_sum:55,rxBytes:14952,during_ms:2004,rx_speed:7461.077844311377,tx_speed:3928.1437125748503,rto:0.9090909090909091
07-29 15:12:13.585  3207  3207 W dumpsys : type=1400 audit(0.0:57807): avc: denied { read } for name="pipe-max-size" dev="proc" ino=307292 scontext=u:r:shell:s0 tcontext=u:object_r:proc_pipe_conf:s0 tclass=file permissive=0
07-29 15:12:13.637  2424  2424 D HwAppInnerBoostImpl: asyncReportData com.wujie.siyu,1,1,9,0 interval=3398
07-29 15:12:13.639   624   624 E uniperf server: uniPerfEvent doParse failed, cmdId=4402
07-29 15:12:13.639   624   624 D uniperf hal: do uniPerfEvent failed, cmdId=4402, ret=2
07-29 15:12:13.782   635   635 E WifiHAL : enter wifi_get_link_stats
07-29 15:12:13.797  1083  1549 E WificondControl: Noise: -92, Snr: 35, Chload: -1
07-29 15:12:13.798  1083  1549 D HwInnerWifiManagerImpl: SupplicantState = COMPLETED
07-29 15:12:13.798  1083  1549 D HwInnerWifiManagerImpl: isPhoneAP = false
07-29 15:12:13.801  1083  1549 D WifiScoreReport: Score = 60, wifiConnectivityManagerEnabled = false, lowScoreCount = 0
07-29 15:12:13.849  3212  3212 W dumpsys : type=1400 audit(0.0:57808): avc: denied { read } for name="pipe-max-size" dev="proc" ino=307292 scontext=u:r:shell:s0 tcontext=u:object_r:proc_pipe_conf:s0 tclass=file permissive=0
07-29 15:12:13.981  6170 25357 I HiBoard_IntelligentProvider: Provider.call: getIntelligentSwitch
07-29 15:12:13.981  6170 25357 I HiBoard_a: Provider.call isFirst: false
07-29 15:12:13.981  6170 25357 I HiBoard_IntelligentProvider: Provider.call: getPrefBoolean
07-29 15:12:13.981  6170 25357 I HiBoard_a: Provider.call get: true
07-29 15:12:13.986  6170 25357 I HiBoard_IntelligentProvider: Provider.call: getPrefBoolean
07-29 15:12:14.020  1886  2998 D TelephonyManager: getAllCellInfo calling app is com.huawei.msdp
07-29 15:12:14.023  1934  2361 W PhoneInterfaceManager: shouldBlockLocation running ...
07-29 15:12:14.023  1934  2361 I PhoneInterfaceManager: shouldBlockLocation  ret:false
07-29 15:12:14.113  3216  3216 W dumpsys : type=1400 audit(0.0:57809): avc: denied { read } for name="pipe-max-size" dev="proc" ino=307292 scontext=u:r:shell:s0 tcontext=u:object_r:proc_pipe_conf:s0 tclass=file permissive=0
07-29 15:12:14.140  2424  2424 D HwAppInnerBoostImpl: asyncReportData com.wujie.siyu,1,1,10,0 interval=3901
07-29 15:12:14.142   624   624 E uniperf server: uniPerfEvent doParse failed, cmdId=4402
07-29 15:12:14.142   624   624 D uniperf hal: do uniPerfEvent failed, cmdId=4402, ret=2
07-29 15:12:14.369  3221  3221 W dumpsys : type=1400 audit(0.0:57810): avc: denied { read } for name="pipe-max-size" dev="proc" ino=307292 scontext=u:r:shell:s0 tcontext=u:object_r:proc_pipe_conf:s0 tclass=file permissive=0
07-29 15:12:14.572  1083  1548 I TrafficMonitor: update:rxPkts:10,txPkts:12,rxBytes:1050,txBytes:624
07-29 15:12:14.572  1083  1548 I TrafficMonitor: start expired. level:-1
07-29 15:12:14.572  1083  1548 I TrafficMonitor: gettimer:interval=2000
07-29 15:12:14.621  3227  3227 W dumpsys : type=1400 audit(0.0:57811): avc: denied { read } for name="pipe-max-size" dev="proc" ino=307292 scontext=u:r:shell:s0 tcontext=u:object_r:proc_pipe_conf:s0 tclass=file permissive=0
07-29 15:12:14.641  2424  2424 D HwAppInnerBoostImpl: asyncReportData com.wujie.siyu,1,1,11,0 interval=4403
07-29 15:12:14.643   624   624 E uniperf server: uniPerfEvent doParse failed, cmdId=4402
07-29 15:12:14.643   624   624 D uniperf hal: do uniPerfEvent failed, cmdId=4402, ret=2
07-29 15:12:14.647  1083  1633 E TaskPersister: File error accessing recents directory (directory doesn't exist?).
07-29 15:12:14.885  3231  3231 W dumpsys : type=1400 audit(0.0:57812): avc: denied { read } for name="pipe-max-size" dev="proc" ino=307292 scontext=u:r:shell:s0 tcontext=u:object_r:proc_pipe_conf:s0 tclass=file permissive=0
07-29 15:12:14.911   560   584 W SocketListener: sending broadcast to Pid = 1083, Uid = 1000 
07-29 15:12:14.914  1083  1542 D NetdConnector: RCV <- {601 limit alert globalAlert lo}
07-29 15:12:14.916  1083  1542 D NetdConnector: RCV <- {601 limit alert globalAlert lo}
07-29 15:12:14.917  1083  1208 D NetdConnector: RCV unsolicited event from native daemon, event = 601
07-29 15:12:14.919  1083  1208 I NetworkStats: limitReached
07-29 15:12:14.921  1083  1545 I NetworkStats: performPollLocked, pid = 1083
07-29 15:12:14.947  1083  1545 W NetworkStatsFactory: mStatsXtProcUid: /proc/net/comm/stats does not exist!
07-29 15:12:14.948  1083  1545 D HwNetworkStatsService: hwRecordUidAndProcSnapshotLocked currentTime = 1564384335389
07-29 15:12:14.962  1083  1545 I NetworkStatsFactory: javaReadNetworkStatsUidAndProcDetail. cost time = 15
07-29 15:12:14.969  1083  1545 D NetdConnector: SND -> {4193 bandwidth setglobalalert 2097152}
07-29 15:12:14.970  1083  1542 D NetdConnector: RCV <- {200 4193 Bandwidth command succeeeded}
07-29 15:12:14.971  1083  1542 D NetdConnector: RCV <- {200 4193 Bandwidth command succeeeded}
07-29 15:12:14.971  1969  2180 E HSM_Install_BG: NatTrafficNotifyService:imsi is null, so return
07-29 15:12:15.133  3235  3235 W dumpsys : type=1400 audit(0.0:57813): avc: denied { read } for name="pipe-max-size" dev="proc" ino=307292 scontext=u:r:shell:s0 tcontext=u:object_r:proc_pipe_conf:s0 tclass=file permissive=0
07-29 15:12:15.144  2424  2424 D HwAppInnerBoostImpl: asyncReportData com.wujie.siyu,1,1,12,0 interval=4905
07-29 15:12:15.145   624   624 E uniperf server: uniPerfEvent doParse failed, cmdId=4402
07-29 15:12:15.145   624   624 D uniperf hal: do uniPerfEvent failed, cmdId=4402, ret=2
07-29 15:12:15.397  3239  3239 W dumpsys : type=1400 audit(0.0:57814): avc: denied { read } for name="pipe-max-size" dev="proc" ino=307292 scontext=u:r:shell:s0 tcontext=u:object_r:proc_pipe_conf:s0 tclass=file permissive=0
07-29 15:12:15.594  1695  1695 D StatusBarIconController: setIconVisibility icon is null or visibility not change visibility=false
07-29 15:12:15.595  1695  1695 I chatty  : uid=10030(com.huawei.desktop.systemui) com.android.systemui identical 1 line
07-29 15:12:15.596  1695  1695 D StatusBarIconController: setIconVisibility icon is null or visibility not change visibility=false
07-29 15:12:15.649  3243  3243 W dumpsys : type=1400 audit(0.0:57815): avc: denied { read } for name="pipe-max-size" dev="proc" ino=307292 scontext=u:r:shell:s0 tcontext=u:object_r:proc_pipe_conf:s0 tclass=file permissive=0
07-29 15:12:15.717  1862  2057 D HwWifiStatStore: handleMessage : 200
07-29 15:12:15.816  2424  2594 E CursorResourceWrapper: context is wrong!
07-29 15:12:15.821  2424  2424 W dataAnalyzeThre: type=1400 audit(0.0:57816): avc: granted { create } for name=".confd-wal" scontext=u:r:untrusted_app_27:s0:c512,c768 tcontext=u:object_r:sdcardfs:s0:c512,c768 tclass=file
07-29 15:12:15.821  2424  2424 W dataAnalyzeThre: type=1400 audit(0.0:57817): avc: granted { create } for name=".confd-shm" scontext=u:r:untrusted_app_27:s0:c512,c768 tcontext=u:object_r:sdcardfs:s0:c512,c768 tclass=file
07-29 15:12:15.833  2424  2424 W dataAnalyzeThre: type=1400 audit(0.0:57818): avc: granted { create } for name=".confd-wal" scontext=u:r:untrusted_app_27:s0:c512,c768 tcontext=u:object_r:sdcardfs:s0:c512,c768 tclass=file
07-29 15:12:15.833  2424  2424 W dataAnalyzeThre: type=1400 audit(0.0:57819): avc: granted { create } for name=".confd-shm" scontext=u:r:untrusted_app_27:s0:c512,c768 tcontext=u:object_r:sdcardfs:s0:c512,c768 tclass=file
07-29 15:12:15.834  2424  2594 E CursorResourceWrapper: context is wrong!
07-29 15:12:15.841  2424  2424 W dataAnalyzeThre: type=1400 audit(0.0:57820): avc: granted { create } for name=".confd-wal" scontext=u:r:untrusted_app_27:s0:c512,c768 tcontext=u:object_r:sdcardfs:s0:c512,c768 tclass=file
07-29 15:12:15.844  2424  2594 E CursorResourceWrapper: context is wrong!
07-29 15:12:15.845  2424  2424 W dataAnalyzeThre: type=1400 audit(0.0:57821): avc: granted { create } for name=".confd-shm" scontext=u:r:untrusted_app_27:s0:c512,c768 tcontext=u:object_r:sdcardfs:s0:c512,c768 tclass=file
07-29 15:12:15.849  2424  2424 W dataAnalyzeThre: type=1400 audit(0.0:57822): avc: granted { create } for name=".confd-wal" scontext=u:r:untrusted_app_27:s0:c512,c768 tcontext=u:object_r:sdcardfs:s0:c512,c768 tclass=file
07-29 15:12:15.852  2424  2594 E CursorResourceWrapper: context is wrong!
07-29 15:12:15.853  2424  2424 W dataAnalyzeThre: type=1400 audit(0.0:57823): avc: granted { create } for name=".confd-shm" scontext=u:r:untrusted_app_27:s0:c512,c768 tcontext=u:object_r:sdcardfs:s0:c512,c768 tclass=file
07-29 15:12:15.909  3247  3247 W dumpsys : type=1400 audit(0.0:57824): avc: denied { read } for name="pipe-max-size" dev="proc" ino=307292 scontext=u:r:shell:s0 tcontext=u:object_r:proc_pipe_conf:s0 tclass=file permissive=0
07-29 15:12:16.153  3251  3251 W dumpsys : type=1400 audit(0.0:57825): avc: denied { read } for name="pipe-max-size" dev="proc" ino=307292 scontext=u:r:shell:s0 tcontext=u:object_r:proc_pipe_conf:s0 tclass=file permissive=0
07-29 15:12:16.249  2424  2521 I com.wujie.siyu: Explicit concurrent copying GC freed 57955(4MB) AllocSpace objects, 88(1760KB) LOS objects, 49% free, 9MB/19MB, paused 683us total 155.277ms
07-29 15:12:16.401  3255  3255 W dumpsys : type=1400 audit(0.0:57826): avc: denied { read } for name="pipe-max-size" dev="proc" ino=307292 scontext=u:r:shell:s0 tcontext=u:object_r:proc_pipe_conf:s0 tclass=file permissive=0
07-29 15:12:16.574  1083  1548 I TrafficMonitor: update:rxPkts:6,txPkts:0,rxBytes:850,txBytes:0
07-29 15:12:16.574  1083  1548 I TrafficMonitor: start expired. level:-1
07-29 15:12:16.574  1083  1548 I TrafficMonitor: gettimer:interval=2000
07-29 15:12:16.649  3259  3259 W dumpsys : type=1400 audit(0.0:57827): avc: denied { read } for name="pipe-max-size" dev="proc" ino=307292 scontext=u:r:shell:s0 tcontext=u:object_r:proc_pipe_conf:s0 tclass=file permissive=0
07-29 15:12:16.660  1083  1598 D HwArpVerifier: performPollAndLog:
07-29 15:12:16.666  1083  1598 D hw_netstat: total/4195/868,com.wujie.siyu/2316/868,unknown:0/1879/0
07-29 15:12:16.805   635   635 E WifiHAL : enter wifi_get_link_stats
07-29 15:12:16.828  1083  1549 E WificondControl: Noise: -92, Snr: 35, Chload: -1
07-29 15:12:16.829  1083  1549 D HwInnerWifiManagerImpl: SupplicantState = COMPLETED
07-29 15:12:16.829  1083  1549 D HwInnerWifiManagerImpl: isPhoneAP = false
07-29 15:12:16.832  1083  1549 D WifiScoreReport: Score = 60, wifiConnectivityManagerEnabled = false, lowScoreCount = 0
07-29 15:12:16.905  3264  3264 W dumpsys : type=1400 audit(0.0:57828): avc: denied { read } for name="pipe-max-size" dev="proc" ino=307292 scontext=u:r:shell:s0 tcontext=u:object_r:proc_pipe_conf:s0 tclass=file permissive=0
07-29 15:12:17.123   702   702 I aptouch_daemon: check_afe_status, afe[106 120 X1] [ctrl:X40020 ftr:X100] dif[27 -27] raw[32032 28938] [exp:X0 aN:0 lo:0]
07-29 15:12:17.156  1083  1156 D ZrHung.AppEyeTransparentWindow: handleMessage CHECK_TRANS_WINDOW_ERROR_MSG
07-29 15:12:17.165  3268  3268 W dumpsys : type=1400 audit(0.0:57829): avc: denied { read } for name="pipe-max-size" dev="proc" ino=307292 scontext=u:r:shell:s0 tcontext=u:object_r:proc_pipe_conf:s0 tclass=file permissive=0
07-29 15:12:17.208   775   886 D SensorHub: Get acc data 0.199849, 8.602376, 4.512084
07-29 15:12:17.421  3274  3274 W dumpsys : type=1400 audit(0.0:57830): avc: denied { read } for name="pipe-max-size" dev="proc" ino=307292 scontext=u:r:shell:s0 tcontext=u:object_r:proc_pipe_conf:s0 tclass=file permissive=0
07-29 15:12:17.677  3280  3280 W dumpsys : type=1400 audit(0.0:57831): avc: denied { read } for name="pipe-max-size" dev="proc" ino=307292 scontext=u:r:shell:s0 tcontext=u:object_r:proc_pipe_conf:s0 tclass=file permissive=0
07-29 15:12:17.933  3298  3298 W dumpsys : type=1400 audit(0.0:57832): avc: denied { read } for name="pipe-max-size" dev="proc" ino=307292 scontext=u:r:shell:s0 tcontext=u:object_r:proc_pipe_conf:s0 tclass=file permissive=0
07-29 15:12:18.189  3302  3302 W dumpsys : type=1400 audit(0.0:57833): avc: denied { read } for name="pipe-max-size" dev="proc" ino=307292 scontext=u:r:shell:s0 tcontext=u:object_r:proc_pipe_conf:s0 tclass=file permissive=0
07-29 15:12:18.445  3307  3307 W dumpsys : type=1400 audit(0.0:57834): avc: denied { read } for name="pipe-max-size" dev="proc" ino=307292 scontext=u:r:shell:s0 tcontext=u:object_r:proc_pipe_conf:s0 tclass=file permissive=0
07-29 15:12:18.577  1083  1548 I TrafficMonitor: update:rxPkts:3,txPkts:0,rxBytes:660,txBytes:0
07-29 15:12:18.577  1083  1548 I TrafficMonitor: start expired. level:-1
07-29 15:12:18.578  1083  1548 I TrafficMonitor: gettimer:interval=2000
07-29 15:12:18.701  2129  3311 D UIAutomatorStub: URI: /jsonrpc/0, Method: POST, params, {NanoHttpd.QUERY_STRING=null}, files: {postData={"jsonrpc": "2.0", "id": "7f4023dd34914054f389fdc3dbf27df2", "method": "waitForExists", "params": [{"mask": 131072, "childOrSibling": [], "childOrSiblingSelector": [], "focused": true}, 10000]}}
07-29 15:12:18.703  2129  3311 W QueryController: Could not detect idle state.
07-29 15:12:18.704  2129  3311 W AccessibilityInteractionClient: old interaction Id is: -1,current interaction Id is:0
07-29 15:12:18.719  2129  3311 W AccessibilityInteractionClient: old interaction Id is: -1,current interaction Id is:1
07-29 15:12:18.724  1862  2057 D HwWifiStatStore: handleMessage : 200
07-29 15:12:18.742  2129  3311 W AccessibilityInteractionClient: old interaction Id is: -1,current interaction Id is:2
07-29 15:12:18.776  2129  3311 D UIAutomatorStub: URI: /jsonrpc/0, Method: POST, params, {NanoHttpd.QUERY_STRING=null}, files: {postData={"jsonrpc": "2.0", "id": "6c1231810bafc21bbb5dcaf46ea95c50", "method": "setText", "params": [{"mask": 131072, "childOrSibling": [], "childOrSiblingSelector": [], "focused": true}, "J"]}}
07-29 15:12:18.781  2129  3311 W QueryController: Could not detect idle state.
07-29 15:12:18.782  2129  3311 W AccessibilityInteractionClient: old interaction Id is: -1,current interaction Id is:3
07-29 15:12:18.791  2129  3311 W AccessibilityInteractionClient: old interaction Id is: -1,current interaction Id is:4
07-29 15:12:18.807  2129  3311 W AccessibilityInteractionClient: old interaction Id is: -1,current interaction Id is:5
07-29 15:12:18.815  2129  3311 W QueryController: Could not detect idle state.
07-29 15:12:18.816  2129  3311 W AccessibilityInteractionClient: old interaction Id is: -1,current interaction Id is:6
07-29 15:12:18.828  1083  1169 D FingerprintActionsListener: touchDownIsValid MotionEvent.ACTION_DOWN 
07-29 15:12:18.828  1083  1169 D FingerprintActionsListener: touchDownIsValidLazyMode = false  touchDownIsValidHiBoard = false
07-29 15:12:18.836  2424  2424 I InputMethodManager: showSoftInput
07-29 15:12:18.837  2424  2424 I InputMethodManager: mServedView =com.wujie.siyu;view =com.wujie.siyu;flags =0
07-29 15:12:18.841  2129  2129 I InputMethodService: default input mode = 0
07-29 15:12:18.842  1083  1745 W System.err: java.lang.SecurityException: Package : com.github.uiautomator,uid : 10183 does not have permission to access THP interfaces
07-29 15:12:18.842  1908  2035 I AppManager: dependence has been existed:1083 -> 2129
07-29 15:12:18.842  1083  1745 W System.err: 	at com.android.server.input.HwInputManagerServiceEx.enforceCallingPermission(HwInputManagerServiceEx.java:320)
07-29 15:12:18.842  1083  1745 W System.err: 	at com.android.server.input.HwInputManagerServiceEx.runHwTHPCommand(HwInputManagerServiceEx.java:358)
07-29 15:12:18.842  1083  1745 W System.err: 	at com.android.server.input.InputManagerService$HwInnerInputManagerService.runHwTHPCommand(InputManagerService.java:2459)
07-29 15:12:18.842  1083  1745 W System.err: 	at com.huawei.android.hardware.input.IHwInputManager$Stub.onTransact(IHwInputManager.java:53)
07-29 15:12:18.842  1083  1745 W System.err: 	at android.os.Binder.execTransact(Binder.java:739)
07-29 15:12:18.843  2129  2129 W InputMethodService: onStartInputView runHwTHPCommand error occured:java.lang.SecurityException: Package : com.github.uiautomator,uid : 10183 does not have permission to access THP interfaces
07-29 15:12:18.849  2424  2424 D HwAutofillHelper: recordCurrentInfo:0
07-29 15:12:18.850  2424  2424 D HwAutofillHelper: inputType = 131073
07-29 15:12:18.850  2129  3311 W QueryController: Could not detect idle state.
07-29 15:12:18.851  2129  3311 W AccessibilityInteractionClient: old interaction Id is: -1,current interaction Id is:7
07-29 15:12:18.852  2129  2165 W AccessibilityInteractionClient: old interaction Id is: -1,current interaction Id is:27
07-29 15:12:18.862  2129  3311 W AccessibilityInteractionClient: old interaction Id is: -1,current interaction Id is:8
07-29 15:12:18.862  1083  1745 I HwInputMethodManagerService: NaviBar defValue = 0
07-29 15:12:18.863  1083  1745 I InputMethodManagerService: --- show notification config: mIWindowManager.hasNavigationBar() =  true ,isEnableNavBar = false
07-29 15:12:18.864  1083  1745 I NotificationService: enqueueNotificationInternal: pkg=android id=8 notification=Notification(channel=DEVELOPER pri=0 contentView=null vibrate=null sound=null defaults=0x0 flags=0x2 color=0x00000000 category=sys vis=PRIVATE)
07-29 15:12:18.864  1083  1745 I HwNotificationManagerService: recognize: tag=null, id=8, user=UserHandle{-1}, pkg=android, uid=1000, callingPid=1083
07-29 15:12:18.864  1083  1745 I HwNotificationManagerService: Return ! recognize the app not in list : android
07-29 15:12:18.865  1083  1745 I NotificationService: enqueueNotificationInternal Channel Info : pkg=android id=8 importance =2
07-29 15:12:18.871  1083  6303 I HwInputMethodManagerService: NaviBar defValue = 0
07-29 15:12:18.871  1083  6303 I InputMethodManagerService: --- show notification config: mIWindowManager.hasNavigationBar() =  true ,isEnableNavBar = false
07-29 15:12:18.872  1083  6303 I NotificationService: enqueueNotificationInternal: pkg=android id=8 notification=Notification(channel=DEVELOPER pri=0 contentView=null vibrate=null sound=null defaults=0x0 flags=0x2 color=0x00000000 category=sys vis=PRIVATE)
07-29 15:12:18.873  1083  6303 I HwNotificationManagerService: recognize: tag=null, id=8, user=UserHandle{-1}, pkg=android, uid=1000, callingPid=1083
07-29 15:12:18.873  1083  6303 I HwNotificationManagerService: Return ! recognize the app not in list : android
07-29 15:12:18.873  1083  6303 I NotificationService: enqueueNotificationInternal Channel Info : pkg=android id=8 importance =2
07-29 15:12:18.875  2129  3160 I FastInputIME: StartInputView text send to atx-agent
07-29 15:12:18.877  1083  1083 D NotificationService: mGameDndStatus is:false ,isGameDndSwitchOn is:false
07-29 15:12:18.882  1083  1561 W NotificationRecord: Use default channel, The importance is:2
07-29 15:12:18.886 12788 13560 E SQLiteLog: (1) 
07-29 15:12:18.893  1083  1083 D NotificationService: mGameDndStatus is:false ,isGameDndSwitchOn is:false
07-29 15:12:18.894  1083  1095 W ActivityManager: Sending non-protected broadcast huawei.action.floattasks.IME_WINDOW_STATE_CHANGED from system 1695:com.android.systemui/u0a30 pkg com.android.systemui
07-29 15:12:18.899  1695  1695 I NotificationInflation1: start: entry=75390857
07-29 15:12:18.900  1695  1695 W NotificationViewHierarchyManager: updateNotificationShade activeNotificationSize=4;hasFaceDT: false; Detected:false
07-29 15:12:18.901  1695  1825 D ReporterUtil:  e id:344 type:{pkg:android,hw_type:null,hw_btw:false,onGoing:true,importance:2}
07-29 15:12:18.904  2129  3311 W AccessibilityInteractionClient: old interaction Id is: -1,current interaction Id is:9
07-29 15:12:18.904  1695  2778 I FakeShadowView: radius12
07-29 15:12:18.908 12788 13560 E SQLiteLog: (1) 
07-29 15:12:18.908  1695  1695 I NotificationInflation1: finish: entry=75390857
07-29 15:12:18.910  1695  1695 I NotificationInflation2: start: entry=75390857
07-29 15:12:18.910  1695  2790 I GlobalContext: Runnable for SerialExecutor
07-29 15:12:18.910  1695  2790 I NotificationInflation4: doInBackground is begin
07-29 15:12:18.912  2129  3311 W QueryController: Could not detect idle state.
07-29 15:12:18.913  2129  3162 D mali_winsys: EGLint new_window_surface(egl_winsys_display *, void *, EGLSurface, EGLConfig, egl_winsys_surface **, EGLBoolean) returns 0x3000
07-29 15:12:18.913  2129  3311 W AccessibilityInteractionClient: old interaction Id is: -1,current interaction Id is:10
07-29 15:12:18.914   600   898 I GRALLOC : getCallingPid=639, shrFd=31,fmt=0x1,intFmt=0x1,btStrd=4352,size=557056,pid=600 
07-29 15:12:18.914   600   898 I GRALLOC : 	 yuv=2,w=1080,h=125,Stride u=0 v=0,offset u=0 v=0 
07-29 15:12:18.914   600   898 I GRALLOC : 	 iova_size=557056,conUsg=0xb00,proUsg=0xb00,	 strd=1088,[afbc]HdrStrd=0 PyldStrd=0 Scrmbl=0,ionhnd = 1 
07-29 15:12:18.915   600   600 I GRALLOC : getCallingPid=639, shrFd=33,fmt=0x1,intFmt=0x1,btStrd=4352,size=557056,pid=600 
07-29 15:12:18.915   600   600 I GRALLOC : 	 yuv=2,w=1080,h=125,Stride u=0 v=0,offset u=0 v=0 
07-29 15:12:18.915   600   600 I GRALLOC : 	 iova_size=557056,conUsg=0xb00,proUsg=0xb00,	 strd=1088,[afbc]HdrStrd=0 PyldStrd=0 Scrmbl=0,ionhnd = 2 
07-29 15:12:18.915  1695  2790 I NotificationInflation5: doInBackground is end
07-29 15:12:18.916   600  1063 I GRALLOC : getCallingPid=639, shrFd=35,fmt=0x1,intFmt=0x1,btStrd=4352,size=557056,pid=600 
07-29 15:12:18.916   600  1063 I GRALLOC : 	 yuv=2,w=1080,h=125,Stride u=0 v=0,offset u=0 v=0 
07-29 15:12:18.916   600  1063 I GRALLOC : 	 iova_size=557056,conUsg=0xb00,proUsg=0xb00,	 strd=1088,[afbc]HdrStrd=0 PyldStrd=0 Scrmbl=0,ionhnd = 3 
07-29 15:12:18.918  1695  1695 W HwKeyguardDragHelper: AnimationBlocked 
07-29 15:12:18.922  2129  3311 W AccessibilityInteractionClient: old interaction Id is: -1,current interaction Id is:11
07-29 15:12:18.922  1695  1695 I NotificationInflation1: start: entry=141250492
07-29 15:12:18.923  1695  1695 E NotificationInflation23: abort: entry=75390857
07-29 15:12:18.923  1695  1825 D ReporterUtil:  e id:344 type:{pkg:android,hw_type:null,hw_btw:false,onGoing:true,importance:2}
07-29 15:12:18.923  2424  2424 W InputMethodManager: startInputReason = 3
07-29 15:12:18.926  2424  2424 D Editor  : sendUpdateSelection: Spannable name is SpannableStringBuilder, text length:1
07-29 15:12:18.926  2424  2424 D Editor  : sendUpdateSelection: selectionStart=1, selectionEnd=1, candStart=-1, candEnd-1
07-29 15:12:18.927  1695  2778 I FakeShadowView: radius12
07-29 15:12:18.927  1083  1095 D HwInputMethodManagerService: ------------startInput--------------
07-29 15:12:18.928  1695  1695 I NotificationInflation1: finish: entry=141250492
07-29 15:12:18.929  1695  1695 I NotificationInflation2: start: entry=141250492
07-29 15:12:18.930  2424  2424 D HwAppInnerBoostImpl: asyncReportData com.wujie.siyu,2,1,1,0 interval=103
07-29 15:12:18.931   624   624 E uniperf server: uniPerfEvent doParse failed, cmdId=4400
07-29 15:12:18.931   624   624 D uniperf hal: do uniPerfEvent failed, cmdId=4400, ret=2
07-29 15:12:18.934  2424  2424 D Editor  : sendUpdateSelection: Spannable name is SpannableStringBuilder, text length:1
07-29 15:12:18.934  2424  2424 D Editor  : sendUpdateSelection: selectionStart=0, selectionEnd=0, candStart=-1, candEnd-1
07-29 15:12:18.934  1862  2089 E BDLog   : BD.FilterImpl:com.android.systemui 65880 rejected for too many at instant
07-29 15:12:18.938  2424  2424 D Editor  : sendUpdateSelection: Spannable name is SpannableStringBuilder, text length:1
07-29 15:12:18.938  2424  2424 D Editor  : sendUpdateSelection: selectionStart=1, selectionEnd=1, candStart=-1, candEnd-1
07-29 15:12:18.939  1695  2790 I GlobalContext: Runnable for SerialExecutor
07-29 15:12:18.939  1695  2790 I NotificationInflation4: doInBackground is begin
07-29 15:12:18.942  1695  2790 I NotificationInflation5: doInBackground is end
07-29 15:12:18.942  2129  2129 I InputMethodService: default input mode = 0
07-29 15:12:18.942  1695  1695 I NotificationInflation2: finish: entry=141250492
07-29 15:12:18.943  1695  1695 I NotificationInflation3: start: entry=141250492
07-29 15:12:18.943  1083  6303 W System.err: java.lang.SecurityException: Package : com.github.uiautomator,uid : 10183 does not have permission to access THP interfaces
07-29 15:12:18.943  1083  6303 W System.err: 	at com.android.server.input.HwInputManagerServiceEx.enforceCallingPermission(HwInputManagerServiceEx.java:320)
07-29 15:12:18.943  1083  6303 W System.err: 	at com.android.server.input.HwInputManagerServiceEx.runHwTHPCommand(HwInputManagerServiceEx.java:358)
07-29 15:12:18.943  1083  6303 W System.err: 	at com.android.server.input.InputManagerService$HwInnerInputManagerService.runHwTHPCommand(InputManagerService.java:2459)
07-29 15:12:18.943  1083  6303 W System.err: 	at com.huawei.android.hardware.input.IHwInputManager$Stub.onTransact(IHwInputManager.java:53)
07-29 15:12:18.943  1083  6303 W System.err: 	at android.os.Binder.execTransact(Binder.java:739)
07-29 15:12:18.944  2129  2129 W InputMethodService: onStartInputView runHwTHPCommand error occured:java.lang.SecurityException: Package : com.github.uiautomator,uid : 10183 does not have permission to access THP interfaces
07-29 15:12:18.960  1083  1745 I HwInputMethodManagerService: NaviBar defValue = 0
07-29 15:12:18.960  1083  1745 I InputMethodManagerService: --- show notification config: mIWindowManager.hasNavigationBar() =  true ,isEnableNavBar = false
07-29 15:12:18.960  1695  3170 W HwPhoneLayoutInflater: onCreateView : ClassNotFoundException, In this case we want to let the base class take a crack at it
07-29 15:12:18.961  1083  1745 I NotificationService: enqueueNotificationInternal: pkg=android id=8 notification=Notification(channel=DEVELOPER pri=0 contentView=null vibrate=null sound=null defaults=0x0 flags=0x2 color=0x00000000 category=sys vis=PRIVATE)
07-29 15:12:18.962  1695  3168 W HwPhoneLayoutInflater: onCreateView : ClassNotFoundException, In this case we want to let the base class take a crack at it
07-29 15:12:18.962  1083  1745 I HwNotificationManagerService: recognize: tag=null, id=8, user=UserHandle{-1}, pkg=android, uid=1000, callingPid=1083
07-29 15:12:18.962  1083  1745 I HwNotificationManagerService: Return ! recognize the app not in list : android
07-29 15:12:18.962  1695  3168 W HwPhoneLayoutInflater: onCreateView : ClassNotFoundException, In this case we want to let the base class take a crack at it
07-29 15:12:18.962  1083  1745 I NotificationService: enqueueNotificationInternal Channel Info : pkg=android id=8 importance =2
07-29 15:12:18.963  1695  3170 W HwPhoneLayoutInflater: onCreateView : ClassNotFoundException, In this case we want to let the base class take a crack at it
07-29 15:12:18.965  1695  3168 W HwPhoneLayoutInflater: onCreateView : ClassNotFoundException, In this case we want to let the base class take a crack at it
07-29 15:12:18.968  1695  3168 I chatty  : uid=10030(com.huawei.desktop.systemui) InflaterThread identical 6 lines
07-29 15:12:18.968  1695  3168 W HwPhoneLayoutInflater: onCreateView : ClassNotFoundException, In this case we want to let the base class take a crack at it
07-29 15:12:18.970  1083  1083 D NotificationService: mGameDndStatus is:false ,isGameDndSwitchOn is:false
07-29 15:12:18.974  1695  3170 W HwPhoneLayoutInflater: onCreateView : ClassNotFoundException, In this case we want to let the base class take a crack at it
07-29 15:12:18.974  1695  3170 W HwPhoneLayoutInflater: onCreateView : ClassNotFoundException, In this case we want to let the base class take a crack at it
07-29 15:12:18.974  1695  3167 W HwPhoneLayoutInflater: onCreateView : ClassNotFoundException, In this case we want to let the base class take a crack at it
07-29 15:12:18.974  1695  3167 W HwPhoneLayoutInflater: onCreateView : ClassNotFoundException, In this case we want to let the base class take a crack at it
07-29 15:12:18.977  1695  1695 I NotificationInflation1: start: entry=127813568
07-29 15:12:18.977  1695  1695 E NotificationInflation23: abort: entry=141250492
07-29 15:12:18.979  1695  3170 W HwPhoneLayoutInflater: onCreateView : ClassNotFoundException, In this case we want to let the base class take a crack at it
07-29 15:12:18.979 12788 13560 E SQLiteLog: (1) 
07-29 15:12:18.980  1695  3170 W HwPhoneLayoutInflater: onCreateView : ClassNotFoundException, In this case we want to let the base class take a crack at it
07-29 15:12:18.980  1695  1825 D ReporterUtil:  e id:344 type:{pkg:android,hw_type:null,hw_btw:false,onGoing:true,importance:2}
07-29 15:12:18.981  1695  3170 W HwPhoneLayoutInflater: onCreateView : ClassNotFoundException, In this case we want to let the base class take a crack at it
07-29 15:12:18.982  1695  2778 I FakeShadowView: radius12
07-29 15:12:18.983  1695  1695 I NotificationInflation1: finish: entry=127813568
07-29 15:12:18.984  1695  1695 I NotificationInflation2: start: entry=127813568
07-29 15:12:18.984  1695  3167 W HwPhoneLayoutInflater: onCreateView : ClassNotFoundException, In this case we want to let the base class take a crack at it
07-29 15:12:18.985  1695  3167 W HwPhoneLayoutInflater: onCreateView : ClassNotFoundException, In this case we want to let the base class take a crack at it
07-29 15:12:18.986  1695  2790 I GlobalContext: Runnable for SerialExecutor
07-29 15:12:18.986  1695  2790 I NotificationInflation4: doInBackground is begin
07-29 15:12:18.987  1695  3167 W HwPhoneLayoutInflater: onCreateView : ClassNotFoundException, In this case we want to let the base class take a crack at it
07-29 15:12:18.987  1862  2089 E BDLog   : BD.FilterImpl:com.android.systemui 65880 rejected for too many at instant
07-29 15:12:18.988  2129  3160 I FastInputIME: StartInputView text send to atx-agent
07-29 15:12:18.990  1695  3167 W HwPhoneLayoutInflater: onCreateView : ClassNotFoundException, In this case we want to let the base class take a crack at it
07-29 15:12:18.990  1695  3167 W HwPhoneLayoutInflater: onCreateView : ClassNotFoundException, In this case we want to let the base class take a crack at it
07-29 15:12:18.991  1695  2790 I NotificationInflation5: doInBackground is end
07-29 15:12:18.991  1695  1695 I NotificationInflation2: finish: entry=127813568
07-29 15:12:18.991  1695  1695 I NotificationInflation3: start: entry=127813568
07-29 15:12:18.994  2129  2129 I ViewRootImpl: jank_removeInvalidNode all the node in jank list is out of time
07-29 15:12:18.995  2129  3312 D UIAutomatorStub: URI: /jsonrpc/0, Method: POST, params, {NanoHttpd.QUERY_STRING=null}, files: {postData={"jsonrpc":"2.0","id":1564384338,"method":"dumpWindowHierarchy","params":[false]}}
07-29 15:12:18.998  1083  1095 I [SPMN]  : insert SECURE -- name = accessibility_enabled, package = android, user = 0, value = 1
07-29 15:12:18.999  2129  3312 W QueryController: Could not detect idle state.
07-29 15:12:18.999  1083  1083 D AudioService: Accessibility volume enabled = false
07-29 15:12:19.000  2129  3312 W QueryController: Could not detect idle state.
07-29 15:12:19.000  1695  3168 W HwPhoneLayoutInflater: onCreateView : ClassNotFoundException, In this case we want to let the base class take a crack at it
07-29 15:12:19.000  1695  3168 W HwPhoneLayoutInflater: onCreateView : ClassNotFoundException, In this case we want to let the base class take a crack at it
07-29 15:12:19.001  1695  1695 D NavigationBar: SettingNotFoundException
07-29 15:12:19.001  1695  1695 D NavigationBar: android.provider.Settings$SettingNotFoundException: accessibility_display_magnification_navbar_enabled
07-29 15:12:19.001  1695  1695 D NavigationBar: 	at android.provider.Settings$Secure.getIntForUser(Settings.java:5435)
07-29 15:12:19.001  1695  1695 D NavigationBar: 	at com.android.systemui.statusbar.phone.NavigationBarFragment.updateAccessibilityServicesState(NavigationBarFragment.java:890)
07-29 15:12:19.001  1695  1695 D NavigationBar: 	at com.android.systemui.statusbar.phone.NavigationBarFragment.lambda$dxES00kAyC8r2RmY9FwTYgUhoj8(Unknown Source:0)
07-29 15:12:19.001  1695  1695 D NavigationBar: 	at com.android.systemui.statusbar.phone.-$$Lambda$NavigationBarFragment$dxES00kAyC8r2RmY9FwTYgUhoj8.onAccessibilityServicesStateChanged(Unknown Source:2)
07-29 15:12:19.001  1695  1695 D NavigationBar: 	at android.view.accessibility.AccessibilityManager$1.lambda$notifyServicesStateChanged$0(AccessibilityManager.java:304)
07-29 15:12:19.001  1695  1695 D NavigationBar: 	at android.view.accessibility.-$$Lambda$AccessibilityManager$1$o7fCplskH9NlBwJvkl6NoZ0L_BA.run(Unknown Source:4)
07-29 15:12:19.001  1695  1695 D NavigationBar: 	at android.os.Handler.handleCallback(Handler.java:891)
07-29 15:12:19.001  1695  1695 D NavigationBar: 	at android.os.Handler.dispatchMessage(Handler.java:102)
07-29 15:12:19.001  1695  1695 D NavigationBar: 	at android.os.Looper.loop(Looper.java:207)
07-29 15:12:19.001  1695  1695 D NavigationBar: 	at android.app.ActivityThread.main(ActivityThread.java:7470)
07-29 15:12:19.001  1695  1695 D NavigationBar: 	at java.lang.reflect.Method.invoke(Native Method)
07-29 15:12:19.001  1695  1695 D NavigationBar: 	at com.android.internal.os.RuntimeInit$MethodAndArgsCaller.run(RuntimeInit.java:524)
07-29 15:12:19.001  1695  1695 D NavigationBar: 	at com.android.internal.os.ZygoteInit.main(ZygoteInit.java:958)
07-29 15:12:19.003  1695  3168 W HwPhoneLayoutInflater: onCreateView : ClassNotFoundException, In this case we want to let the base class take a crack at it
07-29 15:12:19.004  1695  3168 W HwPhoneLayoutInflater: onCreateView : ClassNotFoundException, In this case we want to let the base class take a crack at it
07-29 15:12:19.007  1695  3170 W HwPhoneLayoutInflater: onCreateView : ClassNotFoundException, In this case we want to let the base class take a crack at it
07-29 15:12:19.007  1695  3170 W HwPhoneLayoutInflater: onCreateView : ClassNotFoundException, In this case we want to let the base class take a crack at it
07-29 15:12:19.010  1695  3169 W HwPhoneLayoutInflater: onCreateView : ClassNotFoundException, In this case we want to let the base class take a crack at it
07-29 15:12:19.010  1695  3169 W HwPhoneLayoutInflater: onCreateView : ClassNotFoundException, In this case we want to let the base class take a crack at it
07-29 15:12:19.014  2129  3312 W AccessibilityInteractionClient: old interaction Id is: -1,current interaction Id is:0
07-29 15:12:19.015  1695  1825 E StatusBar: Setting not found exception : accessibility_display_magnification_navbar_enabled
07-29 15:12:19.015  1695  3169 W HwPhoneLayoutInflater: onCreateView : ClassNotFoundException, In this case we want to let the base class take a crack at it
07-29 15:12:19.015  1695  3169 W HwPhoneLayoutInflater: onCreateView : ClassNotFoundException, In this case we want to let the base class take a crack at it
07-29 15:12:19.016  1695  3169 W HwPhoneLayoutInflater: onCreateView : ClassNotFoundException, In this case we want to let the base class take a crack at it
07-29 15:12:19.017  1695  3169 W HwPhoneLayoutInflater: onCreateView : ClassNotFoundException, In this case we want to let the base class take a crack at it
07-29 15:12:19.017  1695  3169 W HwPhoneLayoutInflater: onCreateView : ClassNotFoundException, In this case we want to let the base class take a crack at it
07-29 15:12:19.021  2129  3312 W AccessibilityInteractionClient: old interaction Id is: -1,current interaction Id is:1
07-29 15:12:19.021  1695  3170 W HwPhoneLayoutInflater: onCreateView : ClassNotFoundException, In this case we want to let the base class take a crack at it
07-29 15:12:19.023  1695  3170 I chatty  : uid=10030(com.huawei.desktop.systemui) InflaterThread identical 3 lines
07-29 15:12:19.023  1695  3170 W HwPhoneLayoutInflater: onCreateView : ClassNotFoundException, In this case we want to let the base class take a crack at it
07-29 15:12:19.027  1695  1695 I NotificationInflation3: finish: entry=127813568
07-29 15:12:19.028  2129  3312 W AccessibilityInteractionClient: old interaction Id is: -1,current interaction Id is:2
07-29 15:12:19.028  1695  1695 W NotificationViewHierarchyManager: updateNotificationShade activeNotificationSize=5;hasFaceDT: false; Detected:false
07-29 15:12:19.036  1695  1695 W NotificationViewHierarchyManager: updateNotificationShade activeNotificationSize=5;hasFaceDT: false; Detected:false
07-29 15:12:19.041  1695  1695 W HwKeyguardDragHelper: AnimationBlocked 
07-29 15:12:19.042  2129  3312 W AccessibilityInteractionClient: old interaction Id is: -1,current interaction Id is:3
07-29 15:12:19.043  1695  1695 W View    : requestLayout() improperly called by huawei.android.widget.ImageView{4a1f61 V.ED..... ......ID 0,0-1056,2 #7f0a0254 app:id/hw_notification_more_divider} during layout: running second layout pass
07-29 15:12:19.043  1695  1695 W HwKeyguardDragHelper: AnimationBlocked 
07-29 15:12:19.051  2129  3312 W AccessibilityInteractionClient: old interaction Id is: -1,current interaction Id is:4
07-29 15:12:19.060  2129  3312 I AccessibilityNodeInfoDumper: Skipping invisible child: android.view.accessibility.AccessibilityNodeInfo@8096; boundsInParent: Rect(0, 0 - 1080, 0); boundsInScreen: Rect(0, 2119 - 1080, 2119); packageName: com.github.uiautomator; className: android.widget.LinearLayout; text: null; error: null; maxTextLength: -1; contentDescription: null; tooltipText: null; viewIdResName: android:id/fullscreenArea; checkable: false; checked: false; focusable: false; focused: false; selected: false; clickable: false; longClickable: false; contextClickable: false; enabled: true; password: false; scrollable: false; importantForAccessibility: false; visible: false; actions: [AccessibilityAction: ACTION_SELECT - null, AccessibilityAction: ACTION_CLEAR_SELECTION - null, AccessibilityAction: ACTION_ACCESSIBILITY_FOCUS - null, AccessibilityAction: ACTION_SHOW_ON_SCREEN - null]
07-29 15:12:19.069  2129  3312 W AccessibilityInteractionClient: old interaction Id is: -1,current interaction Id is:5
07-29 15:12:19.073  2129  3312 W AccessibilityInteractionClient: old interaction Id is: -1,current interaction Id is:6
07-29 15:12:19.075  2129  3312 W AccessibilityInteractionClient: old interaction Id is: -1,current interaction Id is:7
07-29 15:12:19.078  2129  3312 W AccessibilityInteractionClient: old interaction Id is: -1,current interaction Id is:8
07-29 15:12:19.084  2129  3312 I AccessibilityNodeInfoDumper: Skipping invisible child: android.view.accessibility.AccessibilityNodeInfo@143af; boundsInParent: Rect(0, 0 - 0, 85); boundsInScreen: Rect(42, 0 - 42, 85); packageName: com.android.systemui; className: android.widget.FrameLayout; text: null; error: null; maxTextLength: -1; contentDescription: null; tooltipText: null; viewIdResName: com.android.systemui:id/link_plus_view; checkable: false; checked: false; focusable: false; focused: false; selected: false; clickable: false; longClickable: false; contextClickable: false; enabled: true; password: false; scrollable: false; importantForAccessibility: false; visible: false; actions: [AccessibilityAction: ACTION_SELECT - null, AccessibilityAction: ACTION_CLEAR_SELECTION - null, AccessibilityAction: ACTION_ACCESSIBILITY_FOCUS - null, AccessibilityAction: ACTION_SHOW_ON_SCREEN - null]
07-29 15:12:19.085  2129  3312 I AccessibilityNodeInfoDumper: Skipping invisible child: android.view.accessibility.AccessibilityNodeInfo@18741; boundsInParent: Rect(0, 0 - 0, 0); boundsInScreen: Rect(122, 42 - 122, 42); packageName: com.android.systemui; className: android.widget.LinearLayout; text: null; error: null; maxTextLength: -1; contentDescription: null; tooltipText: null; viewIdResName: com.android.systemui:id/mobile_signal_group; checkable: false; checked: false; focusable: false; focused: false; selected: false; clickable: false; longClickable: false; contextClickable: false; enabled: true; password: false; scrollable: false; importantForAccessibility: false; visible: false; actions: [AccessibilityAction: ACTION_SELECT - null, AccessibilityAction: ACTION_CLEAR_SELECTION - null, AccessibilityAction: ACTION_ACCESSIBILITY_FOCUS - null, AccessibilityAction: ACTION_SHOW_ON_SCREEN - null]
07-29 15:12:19.085  2129  3312 I AccessibilityNodeInfoDumper: Skipping invisible child: android.view.accessibility.AccessibilityNodeInfo@18b02; boundsInParent: Rect(0, 0 - 0, 0); boundsInScreen: Rect(42, 42 - 42, 42); packageName: com.android.systemui; className: android.widget.FrameLayout; text: null; error: null; maxTextLength: -1; contentDescription: null; tooltipText: null; viewIdResName: null; checkable: false; checked: false; focusable: false; focused: false; selected: false; clickable: false; longClickable: false; contextClickable: false; enabled: true; password: false; scrollable: false; importantForAccessibility: false; visible: false; actions: [AccessibilityAction: ACTION_SELECT - null, AccessibilityAction: ACTION_CLEAR_SELECTION - null, AccessibilityAction: ACTION_ACCESSIBILITY_FOCUS - null, AccessibilityAction: ACTION_SHOW_ON_SCREEN - null]
07-29 15:12:19.086  2129  3312 I AccessibilityNodeInfoDumper: Skipping invisible child: android.view.accessibility.AccessibilityNodeInfo@112e2; boundsInParent: Rect(0, 0 - 44, 42); boundsInScreen: Rect(78, 21 - 122, 63); packageName: com.android.systemui; className: android.widget.ImageView; text: null; error: null; maxTextLength: -1; contentDescription: null; tooltipText: null; viewIdResName: com.android.systemui:id/wifi_signal_dark; checkable: false; checked: false; focusable: false; focused: false; selected: false; clickable: false; longClickable: false; contextClickable: false; enabled: true; password: false; scrollable: false; importantForAccessibility: false; visible: false; actions: [AccessibilityAction: ACTION_SELECT - null, AccessibilityAction: ACTION_CLEAR_SELECTION - null, AccessibilityAction: ACTION_ACCESSIBILITY_FOCUS - null, AccessibilityAction: ACTION_SHOW_ON_SCREEN - null]
