07-29 15:11:19.153  1083  1483 V WindowManager: Checking 1 opening apps (frozen=false timeout=false), Track:  performsurface
07-29 15:11:19.153  1083  1483 V WindowManager: Check opening app=AppWindowToken{7c5b9c9 token=Token{f4675d0 ActivityRecord{4ba1193 u0 com.wujie.siyu/com.yizhuan.cutesound.ui.relation.AttentionListActivity t1393}}}: allDrawn=true startingDisplayed=false startingMoved=false isRelaunching()=false startingWindow=null
07-29 15:11:19.153  1083  1483 I WindowManager: closing apps count = 1
07-29 15:11:19.168  1083  1210 D ActivityManager: EVENT_APP_ACTIVITY_DISPLAYED_FINISH reportData: com.wujie.siyu/com.yizhuan.cutesound.ui.relation.AttentionListActivity 2424 209
07-29 15:11:19.411  1083  3945 V WindowManager: notifyAppStopped: AppWindowToken{861f0ca token=Token{11f1435 ActivityRecord{594466c u0 com.wujie.siyu/com.yizhuan.cutesound.MainActivity t1393}}}
07-29 15:11:19.411  1083  3945 E WindowManager: win=Window{2b55d58 u0 com.wujie.siyu/com.yizhuan.cutesound.MainActivity} destroySurfaces: appStopped=true win.mWindowRemovalAllowed=false win.mRemoveOnExit=false
07-29 15:11:19.443  1083  3945 I [SPMN]  : insert SECURE -- name = accessibility_enabled, package = android, user = 0, value = 1
07-29 15:11:19.745  1083  3945 I [SPMN]  : insert SECURE -- name = accessibility_enabled, package = android, user = 0, value = 1
07-29 15:11:19.760   560   588 W SocketListener: sending broadcast to Pid = 1083, Uid = 1000 
07-29 15:11:19.762  1083  1542 D NetdConnector: RCV <- {661 ReportType 0 0 0 0 0 0 0 0 0 0 0 0 0 0 0 0 0 0 0 0 0 0 0 0 0 0 0 0 0 0 0 0 0 0 0 0 0 0 0 0 0 0 0 0 0 0 0 0 0 0 0 0 0 0 0 0 0 0 0 0 0 0 0 0 0 0 0 0 0 0 0 0 0 0 0 0 0 0 0 0 0 0 0 0 0 0 0 0 0 0 0 0 0 0 0 0 0 0 0 0 0 0 0 0 0 0 0 0 0 0 0 0 0 0 0 0 0 0 0 0 0 0 0 0 0 0 0 0 0 0 0 0 0 0 0 0 0 0 0 0 0 0 0 0 0 0 0 0 0 0 0 0 0 0 0 0 0 0 0 0 0 0 0 0 0 0 0 0 0 0 0 0 0 0 0 0 0 0 0 0 0 0 0 0 0 0 0 0 0 0 0 0 0 0 0 0 0 0 0 0 0 0 0 0 0 0 0 0 0 0 0 0 0 0 0 0 0 0 0 0 0 0 0 0 0 0 0 0 0 ReportType 0 660 1356 17 0 0 17 44 16 1 0 0 0 0 29 0 0 0 0 17 0 0 0 0 0 0 0 0 0 0 0 0 0 0 0 0 0 0 0 0 0 0 0 0 0 0 0 0 0 0 0 0 0 0 0 0 0 0 0 0 0 0 0 0 0 0 0 0 0 0 0 0 0 0 0 0 0 0 0 0 0 0 0 0 0 0 0 0 0 0 0 0 0 0 0 0 0 0 0 0 0 0 0 0 0 0 0 0 0 0 0 0 0 0 0 0 0 0 0 0 0 0 0 0 0 0 0 0 0 0 0 0 0 0 0 0 0 0 0 0 0 0 0 0 0 0 0 0 0 0 0 0 0 0 0 0 0 0 0 0 0 0 0 0 0 0 0 0 0 0 0 0 0 0 0 0 0 0 0 0 0 0 0 0 0 0 0 0 0 0 0 0 0 0 0 0 0 0 0 0 0 0 0 0 0 0 0 0 0 0 0 0 44 0 0 336 20 336 0 0 0 0 0 0 0 0 300 60 17}
07-29 15:11:19.765  1083  1542 D NetdConnector: RCV <- {661 ReportType 0 0 0 0 0 0 0 0 0 0 0 0 0 0 0 0 0 0 0 0 0 0 0 0 0 0 0 0 0 0 0 0 0 0 0 0 0 0 0 0 0 0 0 0 0 0 0 0 0 0 0 0 0 0 0 0 0 0 0 0 0 0 0 0 0 0 0 0 0 0 0 0 0 0 0 0 0 0 0 0 0 0 0 0 0 0 0 0 0 0 0 0 0 0 0 0 0 0 0 0 0 0 0 0 0 0 0 0 0 0 0 0 0 0 0 0 0 0 0 0 0 0 0 0 0 0 0 0 0 0 0 0 0 0 0 0 0 0 0 0 0 0 0 0 0 0 0 0 0 0 0 0 0 0 0 0 0 0 0 0 0 0 0 0 0 0 0 0 0 0 0 0 0 0 0 0 0 0 0 0 0 0 0 0 0 0 0 0 0 0 0 0 0 0 0 0 0 0 0 0 0 0 0 0 0 0 0 0 0 0 0 0 0 0 0 0 0 0 0 0 0 0 0 0 0 0 0 0 0 ReportType 0 660 1356 17 0 0 17 44 16 1 0 0 0 0 29 0 0 0 0 17 0 0 0 0 0 0 0 0 0 0 0 0 0 0 0 0 0 0 0 0 0 0 0 0 0 0 0 0 0 0 0 0 0 0 0 0 0 0 0 0 0 0 0 0 0 0 0 0 0 0 0 0 0 0 0 0 0 0 0 0 0 0 0 0 0 0 0 0 0 0 0 0 0 0 0 0 0 0 0 0 0 0 0 0 0 0 0 0 0 0 0 0 0 0 0 0 0 0 0 0 0 0 0 0 0 0 0 0 0 0 0 0 0 0 0 0 0 0 0 0 0 0 0 0 0 0 0 0 0 0 0 0 0 0 0 0 0 0 0 0 0 0 0 0 0 0 0 0 0 0 0 0 0 0 0 0 0 0 0 0 0 0 0 0 0 0 0 0 0 0 0 0 0 0 0 0 0 0 0 0 0 0 0 0 0 0 0 0 0 0 0 0 44 0 0 336 20 336 0 0 0 0 0 0 0 0 300 60 17}
07-29 15:11:19.766  1083  1208 D NetdConnector: RCV unsolicited event from native daemon, event = 661
07-29 15:11:19.772  1083  1208 D HwNetworkManagementService: onEvent receive Web Stat Report:661 ReportType 0 0 0 0 0 0 0 0 0 0 0 0 0 0 0 0 0 0 0 0 0 0 0 0 0 0 0 0 0 0 0 0 0 0 0 0 0 0 0 0 0 0 0 0 0 0 0 0 0 0 0 0 0 0 0 0 0 0 0 0 0 0 0 0 0 0 0 0 0 0 0 0 0 0 0 0 0 0 0 0 0 0 0 0 0 0 0 0 0 0 0 0 0 0 0 0 0 0 0 0 0 0 0 0 0 0 0 0 0 0 0 0 0 0 0 0 0 0 0 0 0 0 0 0 0 0 0 0 0 0 0 0 0 0 0 0 0 0 0 0 0 0 0 0 0 0 0 0 0 0 0 0 0 0 0 0 0 0 0 0 0 0 0 0 0 0 0 0 0 0 0 0 0 0 0 0 0 0 0 0 0 0 0 0 0 0 0 0 0 0 0 0 0 0 0 0 0 0 0 0 0 0 0 0 0 0 0 0 0 0 0 0 0 0 0 0 0 0 0 0 0 0 0 0 0 0 0 0 0 ReportType 0 660 1356 17 0 0 17 44 16 1 0 0 0 0 29 0 0 0 0 17 0 0 0 0 0 0 0 0 0 0 0 0 0 0 0 0 0 0 0 0 0 0 0 0 0 0 0 0 0 0 0 0 0 0 0 0 0 0 0 0 0 0 0 0 0 0 0 0 0 0 0 0 0 0 0 0 0 0 0 0 0 0 0 0 0 0 0 0 0 0 0 0 0 0 0 0 0 0 0 0 0 0 0 0 0 0 0 0 0 0 0 0 0 0 0 0 0 0 0 0 0 0 0 0 0 0 0 0 0 0 0 0 0 0 0 0 0 0 0 0 0 0 0 0 0 0 0 0 0 0 0 0 0 0 0 0 0 0 0 0 0 0 0 0 0 0 0 0 0 0 0 0 0 0 0 0 0 0 0 0 0 0 0 0 0 0 0 0 0 0 0 0 0 0 0 0 0 0 0 0 0 0 0 0 0 0 0 0 0 0 0 0 44 0 0 336 20 336 0 0 0 0 0 0 0 0 300 60 17
07-29 15:11:19.772  1083  1208 W ContextImpl: Calling a method in the system process without a qualified user: android.app.ContextImpl.sendBroadcast:1208 com.android.server.HwNetworkManagementService.sendWebStatMessage:1299 com.android.server.HwServiceFactoryImpl$HwNetworkManagementServiceImpl.sendWebStatMessage:732 com.android.server.NetworkManagementService$NetdCallbackReceiver.onEvent:1095 com.android.server.NativeDaemonConnector.handleMessage:176 
07-29 15:11:19.810  1083  1633 E TaskPersister: File error accessing recents directory (directory doesn't exist?).
07-29 15:11:20.182  1083  3946 I [SPMN]  : insert SECURE -- name = accessibility_enabled, package = android, user = 0, value = 1
07-29 15:11:20.630  1083  3945 I ActivityManager: START u0 {cmp=com.wujie.siyu/com.yizhuan.cutesound.user.PersonalHomepageActivity (has extras)} from uid 10259
07-29 15:11:20.632  1083  3945 I ActivityManager: ActivityRecord info: ActivityInfo{af300 com.yizhuan.cutesound.user.PersonalHomepageActivity}
07-29 15:11:20.638  1083  3945 V WindowManager: addAppToken: AppWindowToken{35f6df token=Token{487c17e ActivityRecord{cb3a739 u0 com.wujie.siyu/com.yizhuan.cutesound.user.PersonalHomepageActivity t1393}}} controller={TaskWindowContainerController taskId=1393} at 2147483647
07-29 15:11:20.656  1083  3945 V ActivityManager: Making visible and scheduling visibility: ActivityRecord{cb3a739 u0 com.wujie.siyu/com.yizhuan.cutesound.user.PersonalHomepageActivity t1393}
07-29 15:11:20.657  1083  3945 D HwPhoneWindowManager: sensorRotation = 0 lastRotation:0
07-29 15:11:20.663  1083  3945 V WindowManager: Checking 1 opening apps (frozen=false timeout=false), Track: activitypause performsurface
07-29 15:11:20.663  1083  3945 V WindowManager: Check opening app=AppWindowToken{35f6df token=Token{487c17e ActivityRecord{cb3a739 u0 com.wujie.siyu/com.yizhuan.cutesound.user.PersonalHomepageActivity t1393}}}: allDrawn=false startingDisplayed=false startingMoved=false isRelaunching()=false startingWindow=null
07-29 15:11:20.664  1083  1162 W HwActivityManagerServiceEx: HwActivityNotifier end call android.app.IHwActivityNotifier$Stub$Proxy@2277345 for activityLifeState under user 0 cost 1
07-29 15:11:20.664  1083  1162 W HwActivityManagerServiceEx: HwActivityNotifier end call android.app.IHwActivityNotifier$Stub$Proxy@50ff195 for activityLifeState under user 0 cost 0
07-29 15:11:20.669  2424  2424 V ActivityThread: Skipping new config:{1.0 ?mcc?mnc [zh_CN_#Hans] ldltr sw360dp w360dp h719dp 480dpi nrml long hdr port finger -keyb/v/h -nav/h winConfig={ mBounds=Rect(0, 0 - 0, 0) mAppBounds=Rect(0, 85 - 1080, 2244) mWindowingMode=fullscreen mActivityType=undefined} nonFullScreen=0 suim:1 s.8}, config:{1.0 ?mcc?mnc [zh_CN_#Hans] ldltr sw360dp w360dp h719dp 480dpi nrml long hdr port finger -keyb/v/h -nav/h winConfig={ mBounds=Rect(0, 0 - 0, 0) mAppBounds=Rect(0, 85 - 1080, 2244) mWindowingMode=fullscreen mActivityType=undefined} nonFullScreen=0 suim:1 s.8} for app:com.wujie.siyu
07-29 15:11:20.680  2424  2424 V ActivityThread: callActivityOnCreate
07-29 15:11:20.695  1083  3946 D HwPhoneWindowManager: sensorRotation = 0 lastRotation:0
07-29 15:11:20.812  2424  2424 D ActivityThread: add activity client record, r= ActivityRecord{dfe7345 token=android.os.BinderProxy@ec9c9 {com.wujie.siyu/com.yizhuan.cutesound.user.PersonalHomepageActivity}} token= android.os.BinderProxy@ec9c9
07-29 15:11:20.829  1083  3945 V WindowManager: addWindow: Window{79e7df5 u0 com.wujie.siyu/com.yizhuan.cutesound.user.PersonalHomepageActivity}
07-29 15:11:20.831  1083  3945 D HwGameAssistantController: pid=2424, uid=10259, component=ComponentInfo{com.wujie.siyu/com.yizhuan.cutesound.user.PersonalHomepageActivity}
07-29 15:11:20.831  1083  1211 D HwGameAssistantController: UPDATE: mCurFgPkg=com.wujie.siyu, mCurFgPid=2424, mCurIsGame=false
07-29 15:11:20.832  1083  1162 W HwActivityManagerServiceEx: HwActivityNotifier end call android.app.IHwActivityNotifier$Stub$Proxy@2277345 for activityLifeState under user 0 cost 0
07-29 15:11:20.832  1083  1162 W HwActivityManagerServiceEx: HwActivityNotifier end call android.app.IHwActivityNotifier$Stub$Proxy@50ff195 for activityLifeState under user 0 cost 0
07-29 15:11:20.840  1083  3945 D PackageManager: resolve intent for uid:10259, matchs:3, res:ResolveInfo{95a778a com.huawei.android.launcher/.unihome.UniHomeLauncher m=0x108000}
07-29 15:11:20.942  1083  3946 V WindowManager: Checking 1 opening apps (frozen=false timeout=false), Track: relayout performsurface
07-29 15:11:20.943  1083  3946 V WindowManager: Check opening app=AppWindowToken{35f6df token=Token{487c17e ActivityRecord{cb3a739 u0 com.wujie.siyu/com.yizhuan.cutesound.user.PersonalHomepageActivity t1393}}}: allDrawn=false startingDisplayed=false startingMoved=false isRelaunching()=false startingWindow=null
07-29 15:11:21.034  1083  1483 V WindowManager_visibility: updateAllDrawn Add AppWindowToken{35f6df token=Token{487c17e ActivityRecord{cb3a739 u0 com.wujie.siyu/com.yizhuan.cutesound.user.PersonalHomepageActivity t1393}}}
07-29 15:11:21.034  1083  1483 V WindowManager_visibility: updateAllDrawn allDrawn=false interesting=1 drawn=1 relaunchCount=0 for AppWindowToken{35f6df token=Token{487c17e ActivityRecord{cb3a739 u0 com.wujie.siyu/com.yizhuan.cutesound.user.PersonalHomepageActivity t1393}}}
07-29 15:11:21.035  1083  1483 V WindowManager: Checking 1 opening apps (frozen=false timeout=false), Track:  performsurface
07-29 15:11:21.035  1083  1483 V WindowManager: Check opening app=AppWindowToken{35f6df token=Token{487c17e ActivityRecord{cb3a739 u0 com.wujie.siyu/com.yizhuan.cutesound.user.PersonalHomepageActivity t1393}}}: allDrawn=true startingDisplayed=false startingMoved=false isRelaunching()=false startingWindow=null
07-29 15:11:21.035  1083  1483 I WindowManager: closing apps count = 1
07-29 15:11:21.049  1083  1210 D ActivityManager: EVENT_APP_ACTIVITY_DISPLAYED_FINISH reportData: com.wujie.siyu/com.yizhuan.cutesound.user.PersonalHomepageActivity 2424 386
07-29 15:11:21.431  1083  6303 V WindowManager: notifyAppStopped: AppWindowToken{7c5b9c9 token=Token{f4675d0 ActivityRecord{4ba1193 u0 com.wujie.siyu/com.yizhuan.cutesound.ui.relation.AttentionListActivity t1393}}}
07-29 15:11:21.431  1083  6303 E WindowManager: win=Window{8ea33ef u0 com.wujie.siyu/com.yizhuan.cutesound.ui.relation.AttentionListActivity} destroySurfaces: appStopped=true win.mWindowRemovalAllowed=false win.mRemoveOnExit=false
07-29 15:11:21.806  1083  6303 I [SPMN]  : insert SECURE -- name = accessibility_enabled, package = android, user = 0, value = 1
07-29 15:11:22.827  1819  1929 I DeepNoDisturbP: handleStateChanged reason=8
07-29 15:11:22.827  1819  1929 I HidataAppQoeP: handleStateChanged reason=8
07-29 15:11:22.831  1819  1929 I BrowserChrP: handleStateChanged
07-29 15:11:23.532  1083  2136 V WindowManager: addWindow: Window{647d73a u0 com.wujie.siyu/com.yizhuan.cutesound.user.PersonalHomepageActivity}
07-29 15:11:23.542  1083  3945 D PackageManager: resolve intent for uid:10259, matchs:3, res:ResolveInfo{1067feb com.huawei.android.launcher/.unihome.UniHomeLauncher m=0x108000}
07-29 15:11:23.546  1083  3945 V WindowManager_visibility: updateAllDrawn Add AppWindowToken{35f6df token=Token{487c17e ActivityRecord{cb3a739 u0 com.wujie.siyu/com.yizhuan.cutesound.user.PersonalHomepageActivity t1393}}}
07-29 15:11:23.546  1083  3945 V WindowManager_visibility: updateAllDrawn allDrawn=false interesting=1 drawn=1 relaunchCount=0 for AppWindowToken{35f6df token=Token{487c17e ActivityRecord{cb3a739 u0 com.wujie.siyu/com.yizhuan.cutesound.user.PersonalHomepageActivity t1393}}}
07-29 15:11:23.608  1083  1483 V WindowManager_visibility: updateAllDrawn Add AppWindowToken{35f6df token=Token{487c17e ActivityRecord{cb3a739 u0 com.wujie.siyu/com.yizhuan.cutesound.user.PersonalHomepageActivity t1393}}}
07-29 15:11:23.610  1083  1483 V WindowManager_visibility: updateAllDrawn allDrawn=false interesting=2 drawn=2 relaunchCount=0 for AppWindowToken{35f6df token=Token{487c17e ActivityRecord{cb3a739 u0 com.wujie.siyu/com.yizhuan.cutesound.user.PersonalHomepageActivity t1393}}}
07-29 15:11:24.032  1083  2136 I ActivityManager: START u0 {cmp=com.wujie.siyu/com.yizhuan.cutesound.ui.webview.CommonWebViewActivity (has extras)} from uid 10259
07-29 15:11:24.033  1083  2136 I ActivityManager: ActivityRecord info: ActivityInfo{4cec38c com.yizhuan.cutesound.ui.webview.CommonWebViewActivity}
07-29 15:11:24.039  1083  2136 V WindowManager: addAppToken: AppWindowToken{2b39db token=Token{4e482ea ActivityRecord{5e61ad5 u0 com.wujie.siyu/com.yizhuan.cutesound.ui.webview.CommonWebViewActivity t1393}}} controller={TaskWindowContainerController taskId=1393} at 2147483647
07-29 15:11:24.057  1083  2136 I [SPMN]  : insert SECURE -- name = accessibility_enabled, package = android, user = 0, value = 1
07-29 15:11:24.060  1083  3945 V WindowManager: removeIfPossible: Window{647d73a u0 com.wujie.siyu/com.yizhuan.cutesound.user.PersonalHomepageActivity}
07-29 15:11:24.063  1083  3945 V WindowManager: Not removing Window{647d73a u0 com.wujie.siyu/com.yizhuan.cutesound.user.PersonalHomepageActivity EXITING} due to exit animation 
07-29 15:11:24.075  1083  6303 V ActivityManager: Making visible and scheduling visibility: ActivityRecord{5e61ad5 u0 com.wujie.siyu/com.yizhuan.cutesound.ui.webview.CommonWebViewActivity t1393}
07-29 15:11:24.075  1083  6303 D HwPhoneWindowManager: sensorRotation = 0 lastRotation:0
07-29 15:11:24.081  1083  6303 V WindowManager: Checking 1 opening apps (frozen=false timeout=false), Track: activitypause performsurface
07-29 15:11:24.081  1083  6303 V WindowManager: Check opening app=AppWindowToken{2b39db token=Token{4e482ea ActivityRecord{5e61ad5 u0 com.wujie.siyu/com.yizhuan.cutesound.ui.webview.CommonWebViewActivity t1393}}}: allDrawn=false startingDisplayed=false startingMoved=false isRelaunching()=false startingWindow=null
07-29 15:11:24.082  1083  1162 W HwActivityManagerServiceEx: HwActivityNotifier end call android.app.IHwActivityNotifier$Stub$Proxy@2277345 for activityLifeState under user 0 cost 0
07-29 15:11:24.083  1083  1162 W HwActivityManagerServiceEx: HwActivityNotifier end call android.app.IHwActivityNotifier$Stub$Proxy@50ff195 for activityLifeState under user 0 cost 0
07-29 15:11:24.086  2424  2424 V ActivityThread: Skipping new config:{1.0 ?mcc?mnc [zh_CN_#Hans] ldltr sw360dp w360dp h719dp 480dpi nrml long hdr port finger -keyb/v/h -nav/h winConfig={ mBounds=Rect(0, 0 - 0, 0) mAppBounds=Rect(0, 85 - 1080, 2244) mWindowingMode=fullscreen mActivityType=undefined} nonFullScreen=0 suim:1 s.8}, config:{1.0 ?mcc?mnc [zh_CN_#Hans] ldltr sw360dp w360dp h719dp 480dpi nrml long hdr port finger -keyb/v/h -nav/h winConfig={ mBounds=Rect(0, 0 - 0, 0) mAppBounds=Rect(0, 85 - 1080, 2244) mWindowingMode=fullscreen mActivityType=undefined} nonFullScreen=0 suim:1 s.8} for app:com.wujie.siyu
07-29 15:11:24.092  2424  2424 V ActivityThread: callActivityOnCreate
07-29 15:11:24.148  1083  3945 V ActivityManager: startProcess: name=com.google.android.webview:sandboxed_process0 app=null knownToBeDead=true thread=null pid=-1
07-29 15:11:24.158  1083  1174 I ActivityManager: Start proc 2805:com.google.android.webview:sandboxed_process0/u0i24 for webview_service com.wujie.siyu/org.chromium.content.app.SandboxedProcessService0
07-29 15:11:24.159  1083  1797 E ProcessInfoCollector: getProcessInfo: failed to find this proc 
07-29 15:11:24.171  2805  2805 D ActivityThread: Attach thread to application
07-29 15:11:24.214  1083  6303 D ConnectivityService: requestNetwork for uid/pid:10259/2424 NetworkRequest [ TRACK_DEFAULT id=182, [ Capabilities: INTERNET&NOT_RESTRICTED&TRUSTED Uid: 10259] ]
07-29 15:11:24.215  1083  1555 D ConnectivityService: rematching NetworkAgentInfo [WIFI () - 174]
07-29 15:11:24.215  1083  1555 D ConnectivityService:  network has: [ Transports: WIFI Capabilities: NOT_METERED&INTERNET&NOT_RESTRICTED&TRUSTED&NOT_VPN&VALIDATED&NOT_ROAMING&FOREGROUND&NOT_CONGESTED&NOT_SUSPENDED LinkUpBandwidth>=1048576Kbps LinkDnBandwidth>=1048576Kbps SignalStrength: -44 SSID: "601-5.0G"]
07-29 15:11:24.215  1083  1555 D ConnectivityService: Network NetworkAgentInfo [WIFI () - 174] was already satisfying request 12. No change.
07-29 15:11:24.215  1083  1555 D ConnectivityService: Network NetworkAgentInfo [WIFI () - 174] was already satisfying request 8. No change.
07-29 15:11:24.215  1083  1555 D ConnectivityService: currentScore = 0, newScore = 60
07-29 15:11:24.215  1083  1555 D ConnectivityService: rematch for NetworkAgentInfo [WIFI () - 174]
07-29 15:11:24.215  1083  1555 D ConnectivityService:    accepting network in place of null
07-29 15:11:24.215  1083  1555 D ConnectivityService: sending new Min Network Score(60): NetworkRequest [ TRACK_DEFAULT id=182, [ Capabilities: INTERNET&NOT_RESTRICTED&TRUSTED Uid: 10259] ]
07-29 15:11:24.216  1083  1555 D ConnectivityService: Network NetworkAgentInfo [WIFI () - 174] was already satisfying request 180. No change.
07-29 15:11:24.217  1083  6303 D ConnectivityService: listenForNetwork for uid/pid:10259/2424 NetworkRequest [ LISTEN id=183, [ Capabilities: INTERNET&NOT_RESTRICTED&TRUSTED&FOREGROUND Uid: 10259] ]
07-29 15:11:24.217  1083  1555 D ConnectivityService: Network NetworkAgentInfo [WIFI () - 174] was already satisfying request 5. No change.
07-29 15:11:24.217  1083  1555 D ConnectivityService: Network NetworkAgentInfo [WIFI () - 174] was already satisfying request 1. No change.
07-29 15:11:24.217  1083  1555 D ConnectivityService: rematching NetworkAgentInfo [WIFI () - 174]
07-29 15:11:24.217  1083  1555 D ConnectivityService:  network has: [ Transports: WIFI Capabilities: NOT_METERED&INTERNET&NOT_RESTRICTED&TRUSTED&NOT_VPN&VALIDATED&NOT_ROAMING&FOREGROUND&NOT_CONGESTED&NOT_SUSPENDED LinkUpBandwidth>=1048576Kbps LinkDnBandwidth>=1048576Kbps SignalStrength: -44 SSID: "601-5.0G"]
07-29 15:11:24.217  1083  1555 D ConnectivityService: Network NetworkAgentInfo [WIFI () - 174] was already satisfying request 12. No change.
07-29 15:11:24.217  1083  1555 D ConnectivityService: Network NetworkAgentInfo [WIFI () - 174] was already satisfying request 8. No change.
07-29 15:11:24.217  1083  1555 D ConnectivityService: Network NetworkAgentInfo [WIFI () - 174] was already satisfying request 182. No change.
07-29 15:11:24.217  1083  1555 D ConnectivityService: Network NetworkAgentInfo [WIFI () - 174] was already satisfying request 180. No change.
07-29 15:11:24.217  1083  1555 D ConnectivityService: Network NetworkAgentInfo [WIFI () - 174] was already satisfying request 5. No change.
07-29 15:11:24.217  1083  1555 D ConnectivityService: Network NetworkAgentInfo [WIFI () - 174] was already satisfying request 1. No change.
07-29 15:11:24.260  2424  2424 D ActivityThread: add activity client record, r= ActivityRecord{b925992 token=android.os.BinderProxy@193d779 {com.wujie.siyu/com.yizhuan.cutesound.ui.webview.CommonWebViewActivity}} token= android.os.BinderProxy@193d779
07-29 15:11:24.277  1083  3945 V WindowManager: addWindow: Window{10678f0 u0 com.wujie.siyu/com.yizhuan.cutesound.ui.webview.CommonWebViewActivity}
07-29 15:11:24.279  1083  3945 D HwGameAssistantController: pid=2424, uid=10259, component=ComponentInfo{com.wujie.siyu/com.yizhuan.cutesound.ui.webview.CommonWebViewActivity}
07-29 15:11:24.280  1083  1211 D HwGameAssistantController: UPDATE: mCurFgPkg=com.wujie.siyu, mCurFgPid=2424, mCurIsGame=false
07-29 15:11:24.280  1083  1162 W HwActivityManagerServiceEx: HwActivityNotifier end call android.app.IHwActivityNotifier$Stub$Proxy@2277345 for activityLifeState under user 0 cost 0
07-29 15:11:24.280  1083  1162 W HwActivityManagerServiceEx: HwActivityNotifier end call android.app.IHwActivityNotifier$Stub$Proxy@50ff195 for activityLifeState under user 0 cost 0
07-29 15:11:24.285  1083  3945 D ConnectivityService: requestNetwork for uid/pid:10259/2424 NetworkRequest [ TRACK_DEFAULT id=184, [ Capabilities: INTERNET&NOT_RESTRICTED&TRUSTED Uid: 10259] ]
07-29 15:11:24.285  1083  1555 D ConnectivityService: rematching NetworkAgentInfo [WIFI () - 174]
07-29 15:11:24.285  1083  1555 D ConnectivityService:  network has: [ Transports: WIFI Capabilities: NOT_METERED&INTERNET&NOT_RESTRICTED&TRUSTED&NOT_VPN&VALIDATED&NOT_ROAMING&FOREGROUND&NOT_CONGESTED&NOT_SUSPENDED LinkUpBandwidth>=1048576Kbps LinkDnBandwidth>=1048576Kbps SignalStrength: -44 SSID: "601-5.0G"]
07-29 15:11:24.285  1083  1555 D ConnectivityService: Network NetworkAgentInfo [WIFI () - 174] was already satisfying request 12. No change.
07-29 15:11:24.285  1083  1555 D ConnectivityService: Network NetworkAgentInfo [WIFI () - 174] was already satisfying request 8. No change.
07-29 15:11:24.285  1083  1555 D ConnectivityService: Network NetworkAgentInfo [WIFI () - 174] was already satisfying request 182. No change.
07-29 15:11:24.285  1083  1555 D ConnectivityService: currentScore = 0, newScore = 60
07-29 15:11:24.285  1083  1555 D ConnectivityService: rematch for NetworkAgentInfo [WIFI () - 174]
07-29 15:11:24.285  1083  1555 D ConnectivityService:    accepting network in place of null
07-29 15:11:24.285  1083  1555 D ConnectivityService: sending new Min Network Score(60): NetworkRequest [ TRACK_DEFAULT id=184, [ Capabilities: INTERNET&NOT_RESTRICTED&TRUSTED Uid: 10259] ]
07-29 15:11:24.286  1083  1555 D ConnectivityService: Network NetworkAgentInfo [WIFI () - 174] was already satisfying request 180. No change.
07-29 15:11:24.286  1083  1555 D ConnectivityService: Network NetworkAgentInfo [WIFI () - 174] was already satisfying request 5. No change.
07-29 15:11:24.286  1083  1555 D ConnectivityService: Network NetworkAgentInfo [WIFI () - 174] was already satisfying request 1. No change.
07-29 15:11:24.286  1083  3945 D ConnectivityService: listenForNetwork for uid/pid:10259/2424 NetworkRequest [ LISTEN id=185, [ Capabilities: INTERNET&NOT_RESTRICTED&TRUSTED&FOREGROUND Uid: 10259] ]
07-29 15:11:24.287  1083  1555 D ConnectivityService: rematching NetworkAgentInfo [WIFI () - 174]
07-29 15:11:24.287  1083  1555 D ConnectivityService:  network has: [ Transports: WIFI Capabilities: NOT_METERED&INTERNET&NOT_RESTRICTED&TRUSTED&NOT_VPN&VALIDATED&NOT_ROAMING&FOREGROUND&NOT_CONGESTED&NOT_SUSPENDED LinkUpBandwidth>=1048576Kbps LinkDnBandwidth>=1048576Kbps SignalStrength: -44 SSID: "601-5.0G"]
07-29 15:11:24.287  1083  1555 D ConnectivityService: Network NetworkAgentInfo [WIFI () - 174] was already satisfying request 12. No change.
07-29 15:11:24.287  1083  1555 D ConnectivityService: Network NetworkAgentInfo [WIFI () - 174] was already satisfying request 8. No change.
07-29 15:11:24.287  1083  1555 D ConnectivityService: Network NetworkAgentInfo [WIFI () - 174] was already satisfying request 182. No change.
07-29 15:11:24.287  1083  1555 D ConnectivityService: Network NetworkAgentInfo [WIFI () - 174] was already satisfying request 184. No change.
07-29 15:11:24.287  1083  1555 D ConnectivityService: Network NetworkAgentInfo [WIFI () - 174] was already satisfying request 180. No change.
07-29 15:11:24.287  1083  1555 D ConnectivityService: Network NetworkAgentInfo [WIFI () - 174] was already satisfying request 5. No change.
07-29 15:11:24.287  1083  1555 D ConnectivityService: Network NetworkAgentInfo [WIFI () - 174] was already satisfying request 1. No change.
07-29 15:11:24.296  1083  3945 D PackageManager: resolve intent for uid:10259, matchs:3, res:ResolveInfo{23ace69 com.huawei.android.launcher/.unihome.UniHomeLauncher m=0x108000}
07-29 15:11:24.317  1083  3945 V WindowManager: Checking 1 opening apps (frozen=false timeout=false), Track: relayout performsurface
07-29 15:11:24.317  1083  3945 V WindowManager: Check opening app=AppWindowToken{2b39db token=Token{4e482ea ActivityRecord{5e61ad5 u0 com.wujie.siyu/com.yizhuan.cutesound.ui.webview.CommonWebViewActivity t1393}}}: allDrawn=false startingDisplayed=false startingMoved=false isRelaunching()=false startingWindow=null
07-29 15:11:24.373  1083  1483 V WindowManager: Exit animation finished in Window{647d73a u0 com.wujie.siyu/com.yizhuan.cutesound.user.PersonalHomepageActivity EXITING}: remove=true
07-29 15:11:24.373  1083  1483 E WindowManager: win=Window{647d73a u0 com.wujie.siyu/com.yizhuan.cutesound.user.PersonalHomepageActivity EXITING} destroySurfaces: appStopped=false win.mWindowRemovalAllowed=true win.mRemoveOnExit=true
07-29 15:11:24.374  1083  1483 V WindowManager: postWindowRemoveCleanupLocked: Window{647d73a u0 com.wujie.siyu/com.yizhuan.cutesound.user.PersonalHomepageActivity}
07-29 15:11:24.374  1083  1483 V WindowManager: Removing Window{647d73a u0 com.wujie.siyu/com.yizhuan.cutesound.user.PersonalHomepageActivity} from AppWindowToken{35f6df token=Token{487c17e ActivityRecord{cb3a739 u0 com.wujie.siyu/com.yizhuan.cutesound.user.PersonalHomepageActivity t1393}}}
07-29 15:11:24.376  1083  1483 V WindowManager: Checking 1 opening apps (frozen=false timeout=false), Track:  performsurface
07-29 15:11:24.376  1083  1483 V WindowManager: Check opening app=AppWindowToken{2b39db token=Token{4e482ea ActivityRecord{5e61ad5 u0 com.wujie.siyu/com.yizhuan.cutesound.ui.webview.CommonWebViewActivity t1393}}}: allDrawn=false startingDisplayed=false startingMoved=false isRelaunching()=false startingWindow=null
07-29 15:11:24.392  1083  1483 V WindowManager_visibility: updateAllDrawn Add AppWindowToken{2b39db token=Token{4e482ea ActivityRecord{5e61ad5 u0 com.wujie.siyu/com.yizhuan.cutesound.ui.webview.CommonWebViewActivity t1393}}}
07-29 15:11:24.393  1083  1483 V WindowManager_visibility: updateAllDrawn allDrawn=false interesting=1 drawn=1 relaunchCount=0 for AppWindowToken{2b39db token=Token{4e482ea ActivityRecord{5e61ad5 u0 com.wujie.siyu/com.yizhuan.cutesound.ui.webview.CommonWebViewActivity t1393}}}
07-29 15:11:24.393  1083  1483 V WindowManager: Checking 1 opening apps (frozen=false timeout=false), Track:  performsurface
07-29 15:11:24.393  1083  1483 V WindowManager: Check opening app=AppWindowToken{2b39db token=Token{4e482ea ActivityRecord{5e61ad5 u0 com.wujie.siyu/com.yizhuan.cutesound.ui.webview.CommonWebViewActivity t1393}}}: allDrawn=true startingDisplayed=false startingMoved=false isRelaunching()=false startingWindow=null
07-29 15:11:24.393  1083  1483 I WindowManager: closing apps count = 1
07-29 15:11:24.407  1083  1210 D ActivityManager: EVENT_APP_ACTIVITY_DISPLAYED_FINISH reportData: com.wujie.siyu/com.yizhuan.cutesound.ui.webview.CommonWebViewActivity 2424 325
07-29 15:11:24.640  1083  3945 I [SPMN]  : insert SECURE -- name = accessibility_enabled, package = android, user = 0, value = 1
07-29 15:11:24.681  1083  3946 V WindowManager: notifyAppStopped: AppWindowToken{35f6df token=Token{487c17e ActivityRecord{cb3a739 u0 com.wujie.siyu/com.yizhuan.cutesound.user.PersonalHomepageActivity t1393}}}
07-29 15:11:24.682  1083  3946 E WindowManager: win=Window{79e7df5 u0 com.wujie.siyu/com.yizhuan.cutesound.user.PersonalHomepageActivity} destroySurfaces: appStopped=true win.mWindowRemovalAllowed=false win.mRemoveOnExit=false
07-29 15:11:24.754  1083  1633 E TaskPersister: File error accessing recents directory (directory doesn't exist?).
07-29 15:11:26.337  1083  3946 I [SPMN]  : insert SECURE -- name = accessibility_enabled, package = android, user = 0, value = 1
07-29 15:11:26.681  1083  3946 D HwPhoneWindowManager: sensorRotation = 0 lastRotation:0
07-29 15:11:26.682  1083  3946 V WindowManager: notifyAppResumed: wasStopped=true AppWindowToken{35f6df token=Token{487c17e ActivityRecord{cb3a739 u0 com.wujie.siyu/com.yizhuan.cutesound.user.PersonalHomepageActivity t1393}}}
07-29 15:11:26.690  1083  3946 V WindowManager: Checking 1 opening apps (frozen=false timeout=false), Track: activitypause performsurface
07-29 15:11:26.691  1083  3946 V WindowManager: Check opening app=AppWindowToken{35f6df token=Token{487c17e ActivityRecord{cb3a739 u0 com.wujie.siyu/com.yizhuan.cutesound.user.PersonalHomepageActivity t1393}}}: allDrawn=false startingDisplayed=false startingMoved=false isRelaunching()=false startingWindow=null
07-29 15:11:26.694  1083  1162 W HwActivityManagerServiceEx: HwActivityNotifier end call android.app.IHwActivityNotifier$Stub$Proxy@2277345 for activityLifeState under user 0 cost 1
07-29 15:11:26.694  1083  1162 W HwActivityManagerServiceEx: HwActivityNotifier end call android.app.IHwActivityNotifier$Stub$Proxy@50ff195 for activityLifeState under user 0 cost 0
07-29 15:11:26.725  1083  6303 D HwGameAssistantController: pid=2424, uid=10259, component=ComponentInfo{com.wujie.siyu/com.yizhuan.cutesound.user.PersonalHomepageActivity}
07-29 15:11:26.726  1083  1211 D HwGameAssistantController: UPDATE: mCurFgPkg=com.wujie.siyu, mCurFgPid=2424, mCurIsGame=false
07-29 15:11:26.726  1083  1162 W HwActivityManagerServiceEx: HwActivityNotifier end call android.app.IHwActivityNotifier$Stub$Proxy@2277345 for activityLifeState under user 0 cost 0
07-29 15:11:26.726  1083  1162 W HwActivityManagerServiceEx: HwActivityNotifier end call android.app.IHwActivityNotifier$Stub$Proxy@50ff195 for activityLifeState under user 0 cost 0
07-29 15:11:26.730  1083  6303 V WindowManager: Checking 1 opening apps (frozen=false timeout=false), Track: relayout performsurface
07-29 15:11:26.730  1083  6303 V WindowManager: Check opening app=AppWindowToken{35f6df token=Token{487c17e ActivityRecord{cb3a739 u0 com.wujie.siyu/com.yizhuan.cutesound.user.PersonalHomepageActivity t1393}}}: allDrawn=false startingDisplayed=false startingMoved=false isRelaunching()=false startingWindow=null
07-29 15:11:26.761  1083  1483 V WindowManager_visibility: updateAllDrawn Add AppWindowToken{35f6df token=Token{487c17e ActivityRecord{cb3a739 u0 com.wujie.siyu/com.yizhuan.cutesound.user.PersonalHomepageActivity t1393}}}
07-29 15:11:26.762  1083  1483 V WindowManager_visibility: updateAllDrawn allDrawn=false interesting=1 drawn=1 relaunchCount=0 for AppWindowToken{35f6df token=Token{487c17e ActivityRecord{cb3a739 u0 com.wujie.siyu/com.yizhuan.cutesound.user.PersonalHomepageActivity t1393}}}
07-29 15:11:26.762  1083  1483 V WindowManager: Checking 1 opening apps (frozen=false timeout=false), Track:  performsurface
07-29 15:11:26.762  1083  1483 V WindowManager: Check opening app=AppWindowToken{35f6df token=Token{487c17e ActivityRecord{cb3a739 u0 com.wujie.siyu/com.yizhuan.cutesound.user.PersonalHomepageActivity t1393}}}: allDrawn=true startingDisplayed=false startingMoved=false isRelaunching()=false startingWindow=null
07-29 15:11:26.762  1083  1483 I WindowManager: closing apps count = 1
07-29 15:11:26.990  2424  2424 D ActivityThread: Remove activity client record, r= ActivityRecord{b925992 token=android.os.BinderProxy@193d779 {com.wujie.siyu/com.yizhuan.cutesound.ui.webview.CommonWebViewActivity}} token= android.os.BinderProxy@193d779
07-29 15:11:27.000  1083  3946 V WindowManager: removeIfPossible: Window{10678f0 u0 com.wujie.siyu/com.yizhuan.cutesound.ui.webview.CommonWebViewActivity}
07-29 15:11:27.001  1083  3946 V WindowManager: postWindowRemoveCleanupLocked: Window{10678f0 u0 com.wujie.siyu/com.yizhuan.cutesound.ui.webview.CommonWebViewActivity}
07-29 15:11:27.001  1083  3946 V WindowManager: Removing Window{10678f0 u0 com.wujie.siyu/com.yizhuan.cutesound.ui.webview.CommonWebViewActivity} from AppWindowToken{2b39db token=Token{4e482ea ActivityRecord{5e61ad5 u0 com.wujie.siyu/com.yizhuan.cutesound.ui.webview.CommonWebViewActivity t1393}}}
07-29 15:11:27.005  1083  6303 V WindowManager: removeAppToken: AppWindowToken{2b39db token=Token{4e482ea ActivityRecord{5e61ad5 u0 com.wujie.siyu/com.yizhuan.cutesound.ui.webview.CommonWebViewActivity t1393}}} delayed=false Callers=com.android.server.wm.DisplayContent.removeAppToken:1059 com.android.server.wm.AppWindowContainerController.removeContainer:301 com.android.server.am.ActivityRecord.removeWindowContainer:1152 com.android.server.am.ActivityStack.removeActivityFromHistoryLocked:4507 
07-29 15:11:27.583  1083  1781 W Watchdog: hungtask: writing kick
07-29 15:11:28.817  1083  6303 V BroadcastQueue: Finished with ordered broadcast BroadcastRecord{a9c2926 u0 com.google.android.gms.gcm.ACTION_CHECK_QUEUE}
07-29 15:11:28.880  1083  3946 W HwAlarmManagerService: isContainsAppUidInWorksource-->happend NameNotFoundException
07-29 15:11:28.880  1083  3946 W HwAlarmManagerService: isContainsAppUidInWorksource-->happend NameNotFoundException
07-29 15:11:30.052  1083  1633 E TaskPersister: File error accessing recents directory (directory doesn't exist?).
07-29 15:11:31.221  1083  3945 V BroadcastQueue: Finished with ordered broadcast BroadcastRecord{bd9c50a u0 com.google.android.gms.gcm.ACTION_SCHEDULE}
07-29 15:11:31.240  1083  3945 W HwAlarmManagerService: isContainsAppUidInWorksource-->happend NameNotFoundException
07-29 15:11:31.240  1083  3945 W HwAlarmManagerService: isContainsAppUidInWorksource-->happend NameNotFoundException
07-29 15:11:34.727  1083  1504 D HwBatteryService: onUEvent fcpStatus = 0,scpStatus =0,ovpStatus=0
07-29 15:11:34.731  1083  1504 I HwBatteryService: quick charge status : 0
07-29 15:11:34.731  1083  1504 I HwBatteryService: handleWirelessTxStatus
07-29 15:11:34.731  1083  1504 I HwBatteryService: switch not open, return, mWirelessTxFlag : 0
07-29 15:11:34.732  1083  1504 I UsbDeviceManager: water_intrused state= 0
07-29 15:11:35.415  1083  3945 V ActivityManager: startProcess: name=com.wujie.siyu:leakcanary app=null knownToBeDead=true thread=null pid=-1
07-29 15:11:35.428  1083  3945 V WindowManager: addWindow: Window{de27a2d u0 Toast}
07-29 15:11:35.456  1083  1174 I ActivityManager: Start proc 2883:com.wujie.siyu:leakcanary/u0a259 for service com.wujie.siyu/com.squareup.leakcanary.internal.HeapAnalyzerService
07-29 15:11:35.457  1083  1797 E ProcessInfoCollector: getProcessInfo: failed to find this proc 
07-29 15:11:35.489  1083  3946 V WindowManager: removeIfPossible: Window{de27a2d u0 Toast}
07-29 15:11:35.500  1083  3946 V WindowManager: postWindowRemoveCleanupLocked: Window{de27a2d u0 Toast EXITING}
07-29 15:11:35.500  1083  3946 V WindowManager: Removing Window{de27a2d u0 Toast EXITING} from WindowToken{2d727d6 android.os.Binder@a91cff1}
07-29 15:11:35.512  2883  2883 D ActivityThread: Attach thread to application
07-29 15:11:35.519  1083  3946 W WindowManager: removeWindowToken: Attempted to remove non-existing token: android.os.Binder@a91cff1
07-29 15:11:35.520  1083  6303 I NotificationService: cancelToast pkg=com.wujie.siyu callback=android.app.ITransientNotification$Stub$Proxy@993d4f
07-29 15:11:35.520  1083  6303 W WindowManager: removeWindowToken: Attempted to remove non-existing token: android.os.Binder@a91cff1
07-29 15:11:35.531  1819  1929 I DeepNoDisturbP: handleStateChanged reason=8
07-29 15:11:35.531  1819  1929 I HidataAppQoeP: handleStateChanged reason=8
07-29 15:11:35.534  1819  1929 I BrowserChrP: handleStateChanged
07-29 15:11:35.535  1083  6303 D HwNetworkManagementService: setNetBoosterRsrpRsrq,rsrp=-200,rsrq=-49
07-29 15:11:35.536  1083  6303 D NetdConnector: SND -> {4190 hwnb appQoe rsrp -200 -49}
07-29 15:11:35.537  1083  1542 D NetdConnector: RCV <- {200 4190 appQoe rsrp cmd succeeded}
07-29 15:11:35.538  1083  1542 D NetdConnector: RCV <- {200 4190 appQoe rsrp cmd succeeded}
07-29 15:11:35.611  1083  1483 V WindowManager: Exit animation finished in Window{de27a2d u0 Toast EXITING}: remove=false
07-29 15:11:38.730  1083  3945 I ActivityManager: START u0 {flg=0x10000000 cmp=com.wujie.siyu/com.yizhuan.cutesound.avroom.activity.AVRoomActivity (has extras)} from uid 10259
07-29 15:11:38.731  1083  3945 I ActivityManager: ActivityRecord info: ActivityInfo{13d50e3 com.yizhuan.cutesound.avroom.activity.AVRoomActivity}
07-29 15:11:38.734  1083  3945 V WindowManager: addAppToken: AppWindowToken{d9c0c5e token=Token{e50d199 ActivityRecord{852cae0 u0 com.wujie.siyu/com.yizhuan.cutesound.avroom.activity.AVRoomActivity t1393}}} controller={TaskWindowContainerController taskId=1393} at 2147483647
07-29 15:11:38.748  1083  3946 V ActivityManager: Making visible and scheduling visibility: ActivityRecord{852cae0 u0 com.wujie.siyu/com.yizhuan.cutesound.avroom.activity.AVRoomActivity t1393}
07-29 15:11:38.749  1083  3946 D HwPhoneWindowManager: sensorRotation = 0 lastRotation:0
07-29 15:11:38.756  1083  3946 V WindowManager: Checking 1 opening apps (frozen=false timeout=false), Track: activitypause performsurface
07-29 15:11:38.756  1083  3946 V WindowManager: Check opening app=AppWindowToken{d9c0c5e token=Token{e50d199 ActivityRecord{852cae0 u0 com.wujie.siyu/com.yizhuan.cutesound.avroom.activity.AVRoomActivity t1393}}}: allDrawn=false startingDisplayed=false startingMoved=false isRelaunching()=false startingWindow=null
07-29 15:11:38.757  1083  1162 W HwActivityManagerServiceEx: HwActivityNotifier end call android.app.IHwActivityNotifier$Stub$Proxy@2277345 for activityLifeState under user 0 cost 0
07-29 15:11:38.757  1083  1162 W HwActivityManagerServiceEx: HwActivityNotifier end call android.app.IHwActivityNotifier$Stub$Proxy@50ff195 for activityLifeState under user 0 cost 0
07-29 15:11:38.761  2424  2424 V ActivityThread: Skipping new config:{1.0 ?mcc?mnc [zh_CN_#Hans] ldltr sw360dp w360dp h719dp 480dpi nrml long hdr port finger -keyb/v/h -nav/h winConfig={ mBounds=Rect(0, 0 - 0, 0) mAppBounds=Rect(0, 85 - 1080, 2244) mWindowingMode=fullscreen mActivityType=undefined} nonFullScreen=0 suim:1 s.8}, config:{1.0 ?mcc?mnc [zh_CN_#Hans] ldltr sw360dp w360dp h719dp 480dpi nrml long hdr port finger -keyb/v/h -nav/h winConfig={ mBounds=Rect(0, 0 - 0, 0) mAppBounds=Rect(0, 85 - 1080, 2244) mWindowingMode=fullscreen mActivityType=undefined} nonFullScreen=0 suim:1 s.8} for app:com.wujie.siyu
07-29 15:11:38.766  2424  2424 V ActivityThread: callActivityOnCreate
07-29 15:11:38.821  2424  2424 D ActivityThread: add activity client record, r= ActivityRecord{6bb7f0f token=android.os.BinderProxy@ea15109 {com.wujie.siyu/com.yizhuan.cutesound.avroom.activity.AVRoomActivity}} token= android.os.BinderProxy@ea15109
07-29 15:11:38.837  1083  3946 V WindowManager: addWindow: Window{7c9b50c u0 com.wujie.siyu/com.yizhuan.cutesound.avroom.activity.AVRoomActivity}
07-29 15:11:38.839  1083  3946 D HwGameAssistantController: pid=2424, uid=10259, component=ComponentInfo{com.wujie.siyu/com.yizhuan.cutesound.avroom.activity.AVRoomActivity}
07-29 15:11:38.839  1083  1211 D HwGameAssistantController: UPDATE: mCurFgPkg=com.wujie.siyu, mCurFgPid=2424, mCurIsGame=false
07-29 15:11:38.839  1083  1162 W HwActivityManagerServiceEx: HwActivityNotifier end call android.app.IHwActivityNotifier$Stub$Proxy@2277345 for activityLifeState under user 0 cost 0
07-29 15:11:38.839  1083  1162 W HwActivityManagerServiceEx: HwActivityNotifier end call android.app.IHwActivityNotifier$Stub$Proxy@50ff195 for activityLifeState under user 0 cost 0
07-29 15:11:38.847  1083  3945 D PackageManager: resolve intent for uid:10259, matchs:3, res:ResolveInfo{953ee55 com.huawei.android.launcher/.unihome.UniHomeLauncher m=0x108000}
07-29 15:11:38.850  1083  3946 V WindowManager: Checking 1 opening apps (frozen=false timeout=false), Track: relayout performsurface
07-29 15:11:38.850  1083  3946 V WindowManager: Check opening app=AppWindowToken{d9c0c5e token=Token{e50d199 ActivityRecord{852cae0 u0 com.wujie.siyu/com.yizhuan.cutesound.avroom.activity.AVRoomActivity t1393}}}: allDrawn=false startingDisplayed=false startingMoved=false isRelaunching()=false startingWindow=null
07-29 15:11:38.897  1083  1483 V WindowManager_visibility: updateAllDrawn Add AppWindowToken{d9c0c5e token=Token{e50d199 ActivityRecord{852cae0 u0 com.wujie.siyu/com.yizhuan.cutesound.avroom.activity.AVRoomActivity t1393}}}
07-29 15:11:38.898  1083  1483 V WindowManager_visibility: updateAllDrawn allDrawn=false interesting=1 drawn=1 relaunchCount=0 for AppWindowToken{d9c0c5e token=Token{e50d199 ActivityRecord{852cae0 u0 com.wujie.siyu/com.yizhuan.cutesound.avroom.activity.AVRoomActivity t1393}}}
07-29 15:11:38.898  1083  1483 V WindowManager: Checking 1 opening apps (frozen=false timeout=false), Track:  performsurface
07-29 15:11:38.898  1083  1483 V WindowManager: Check opening app=AppWindowToken{d9c0c5e token=Token{e50d199 ActivityRecord{852cae0 u0 com.wujie.siyu/com.yizhuan.cutesound.avroom.activity.AVRoomActivity t1393}}}: allDrawn=true startingDisplayed=false startingMoved=false isRelaunching()=false startingWindow=null
07-29 15:11:38.898  1083  1483 I WindowManager: closing apps count = 1
--------- beginning of main
07-29 15:11:38.906  1695  1695 D BarTransitions.HwNavigationBarView: applyModeBackground oldMode=MODE_TRANSPARENT newMode=MODE_TRANSLUCENT animate=false
07-29 15:11:38.907  1083  1210 D ActivityManager: EVENT_APP_ACTIVITY_DISPLAYED_FINISH reportData: com.wujie.siyu/com.yizhuan.cutesound.avroom.activity.AVRoomActivity 2424 151
07-29 15:11:38.921  1083  1210 W WindowManager: Unable to start animation, surface is null or no children.
07-29 15:11:38.935  2492  2660 I chatty  : uid=10259 com.wujie.siyu:core expire 12 lines
07-29 15:11:38.941  1083  6303 V WindowManager: notifyAppStopped: AppWindowToken{35f6df token=Token{487c17e ActivityRecord{cb3a739 u0 com.wujie.siyu/com.yizhuan.cutesound.user.PersonalHomepageActivity t1393}}}
07-29 15:11:38.941  1083  6303 E WindowManager: win=Window{79e7df5 u0 com.wujie.siyu/com.yizhuan.cutesound.user.PersonalHomepageActivity} destroySurfaces: appStopped=true win.mWindowRemovalAllowed=false win.mRemoveOnExit=false
07-29 15:11:38.946  2129  2174 I chatty  : uid=10183(com.github.uiautomator) expire 402 lines
07-29 15:11:39.115   624   624 E uniperf server: uniPerfEvent doParse failed, cmdId=4402
07-29 15:11:39.115   624   624 D uniperf hal: do uniPerfEvent failed, cmdId=4402, ret=2
07-29 15:11:39.185  2424  2958 I chatty  : uid=10259(com.wujie.siyu) expire 22 lines
07-29 15:11:39.185  1083 13435 I chatty  : uid=1000(system) Binder:1083_20 expire 56 lines
07-29 15:11:39.186   775   886 D SensorHub: in flush, handle = 0
07-29 15:11:39.188  1908  2035 I SensorState: sensor:0 name:accelerometer enable:true uid:10259
07-29 15:11:39.188  1908  2035 I PGServer: report state:4 event type:1 pid:0 uid:10259 pkg:null to pid: 1083
07-29 15:11:39.188  1908  2035 I SensorState: addSensor,mHandles:{0=1}
07-29 15:11:39.189   775   775 D SensorHub: getSensorType get meta data! handle =0
07-29 15:11:39.190  1083  9269 W HwAudioService: Audio Settings ALLOW from func=ASssotrue, from pid=2424, uid=10259
07-29 15:11:39.190   637   943 I APM_AudioPolicyManager: setForceUse() usage 0, config 1, mPhoneState 0
07-29 15:11:39.191  1083  1567 I HwAudioService: updateAftPolicy SetModeDeathHandlers is empty, trun off aft
07-29 15:11:39.195  1083  9269 I chatty  : uid=1000(system) Binder:1083_1B expire 3 lines
07-29 15:11:39.199  4654 31444 I HiAction_XChannel.XChannelClient-58: getPusher(): 
07-29 15:11:39.199  4654 31444 I HiAction_XChannel.l: set REDIRECT_SERVER to default
07-29 15:11:39.204   637   943 I AudioFlinger: queryLowlatencyUid=10259 getParametersEx with result false
07-29 15:11:39.210  2424  2786 I chatty  : uid=10259(com.wujie.siyu) expire 13 lines
07-29 15:11:39.247  2424  2473 I chatty  : uid=10259(com.wujie.siyu) expire 121 lines
07-29 15:11:39.278  2424  2438 I chatty  : uid=10259(com.wujie.siyu) expire 2 lines
07-29 15:11:39.329  2424  2960 I chatty  : uid=10259(com.wujie.siyu) expire 8 lines
07-29 15:11:39.331   637   943 I AudioFlinger: queryLowlatencyUid=10259 getParametersEx with result false
07-29 15:11:39.344   637   943 I hash_map_utils: key: 'mode' value: ''
07-29 15:11:39.345   637   943 D HuaweiAudioFlinger: AudioException do not check.now is not communication state!
07-29 15:11:39.345   637   943 D AudioFlinger: event 162 
07-29 15:11:39.345   637   943 I APM_AudioPolicyManager: mIsNewHalPolicy = 1, persist.kirin.media.lowlatency.enable = 0, *flags & AUDIO_OUTPUT_FLAG_FAST = 0
07-29 15:11:39.345   637   943 I APM_AudioPolicyManager: getOutputForDevice() device 2, stream 3, flags 0
07-29 15:11:39.345   637   943 I APM_AudioPolicyManager: getOutputForDevice() returns output 13
07-29 15:11:39.346   637   943 D AudioFlinger: event 162 
07-29 15:11:39.347   637   943 D AudioFlinger: Client defaulted notificationFrames to 1924 for frameCount 3848
07-29 15:11:39.347   637   943 D AudioFlinger: DevSched: uid is 10259, factor is 1.000000, mode_eq is 0
07-29 15:11:39.353  1908  2035 I PGAudioState: AUDIO_CREATAE_TRACK, audioInfo : [trackId : 193, sessionId : 2129, type : audio_out, threadType : MIXER, streamType : MUSIC, pid : 2424, uid : 10259, createState : new, playState : stop, audioTrackVolume: 1.0, finalVolume : 0.0, loop : false, stopByZeroTime : 0]
07-29 15:11:39.355   637   943 D AudioFlinger: event 162 
07-29 15:11:39.361   637   943 I APM_AudioPolicyManager: startOutput() output 13, stream 3, session 2129, phoneState 0, communiCf 1, mediaCf 0
07-29 15:11:39.361   637   943 D APM::AudioOutputDescriptor: IOprofile maxActiveCount == 0 curActiveCount = 0
07-29 15:11:39.361   637   943 D APM::AudioOutputDescriptor: start, profile name: primary out,  curActiveCount: 1
07-29 15:11:39.361   637   889 I AudioFlinger: setParameters(): io 0, keyvalue start_stream=3, calling pid 637 calling uid 1041
07-29 15:11:39.362  2424  2527 I chatty  : uid=10259(com.wujie.siyu) expire 13 lines
07-29 15:11:39.362   610 30709 I audio_hw_primary: soundtrigger_set_enforce voice_wake value 
07-29 15:11:39.362   610 30709 I spk_dev_interface: spk_set_parameters: use new smartpakit version
07-29 15:11:39.362   610 30709 I audio_hw_primary: start stream 3, 8, need change to soc
07-29 15:11:39.362   610 30709 I audio_hw_primary: update stream types 8
07-29 15:11:39.362  1083  1083 D MediaRouterService: onAudioPlayerActiveStateChanged: uid=10259, active=true, restoreUid=10259
07-29 15:11:39.363 22915 23091 V AudioManager: mPlaybackCallbackList.size:1
07-29 15:11:39.363 22915 23104 D AudioManager: dispatching onPlaybackConfigChanged()
07-29 15:11:39.364   637   943 I APM_AudioPolicyManager: use STRATEGY_MEDIA.
07-29 15:11:39.364   637   943 I APM_AudioPolicyManager: getNewOutputDevice() selected device 2 connectdeDevices(10003)
07-29 15:11:39.364   637   943 D APM_AudioPolicyManager: setOutputDevice() device 0x0002 delayMs 0 force 0
07-29 15:11:39.365   637   889 I AudioFlinger: setParameters(): io 0, keyvalue sws_volume=-21.0000000000, calling pid 637 calling uid 1041
07-29 15:11:39.365   610 19597 I audio_hw_primary: soundtrigger_set_enforce voice_wake value 
07-29 15:11:39.365   610 19597 I spk_dev_interface: spk_set_parameters: use new smartpakit version
07-29 15:11:39.365   610 19597 I audio_hw_primary: update stream types 8
07-29 15:11:39.365   637   943 I APM_AudioPolicyManager: setOutputDevice() setting same device 0x0002 or null device
07-29 15:11:39.366   637   943 D APM::AudioOutputDescriptor: setVolume: output 13 stream 3 volumeDb -21.000000 volumeAmp 0.089126 device 0x2 delayMs 0
07-29 15:11:39.366   637   889 I AudioFlinger: setStreamVolume thread=0x708b104180; stream=3; value=0.089126
07-29 15:11:39.366   637   943 D APM_AudioPolicyManager: startSource set streamType 3, volume = 6, device = 2
07-29 15:11:39.366   637   889 I AudioFlinger: setParameters(): io 0, keyvalue output_device=2;sws_volume=-21.0000000000, calling pid 637 calling uid 1041
07-29 15:11:39.367   610 19597 I audio_hw_primary: soundtrigger_set_enforce voice_wake value 
07-29 15:11:39.367   610 19597 I spk_dev_interface: spk_set_parameters: use new smartpakit version
07-29 15:11:39.367   610 19597 I audio_hw_primary: update stream types 8
07-29 15:11:39.370   637   889 I AudioFlinger: setParameters(): io 0, keyvalue HIFIPARA=STEREOWIDEN_Enable=true;output_device=2, calling pid 637 calling uid 1041
07-29 15:11:39.370   610 30708 I audio_hw_primary: soundtrigger_set_enforce voice_wake value 
07-29 15:11:39.370   610 30708 I spk_dev_interface: spk_set_parameters: use new smartpakit version
07-29 15:11:39.370   610 30708 I audio_hw_primary: update stream types 8
07-29 15:11:39.371   610 13409 I audio_hw_primary: soundtrigger_set_enforce voice_wake value 
07-29 15:11:39.371   610 13409 I spk_dev_interface: spk_set_parameters: use new smartpakit version
07-29 15:11:39.371   610 13409 I audio_hw_primary: update stream types 8
07-29 15:11:39.371   610 16398 I audio_hw_primary: soundtrigger_set_enforce voice_wake value 
07-29 15:11:39.371   610 16398 I spk_dev_interface: spk_set_parameters: use new smartpakit version
07-29 15:11:39.371   610 16398 I audio_hw_primary: update stream types 8
07-29 15:11:39.372   637   889 I AudioFlinger: setParameters(): io 0, keyvalue output_device=2;streamType=3;volumeIndex=6, calling pid 637 calling uid 1041
07-29 15:11:39.373   637   889 I AudioFlinger: streamDevice 2, streamType 3, volumeIndex 6
07-29 15:11:39.373   637   943 I APM_AudioPolicyManager: checkOutputForStrategy() getDeviceForStrategy strategy=3 newDevice=2 oldDevice=2
07-29 15:11:39.373   624   624 E uniperf server: uniPerfEvent doParse failed, cmdId=4403
07-29 15:11:39.373   624   624 D uniperf hal: do uniPerfEvent failed, cmdId=4403, ret=2
07-29 15:11:39.374   637  1247 I peq_android: PEQ_OUTPROC_INIT success
07-29 15:11:39.374   637  1247 I AudioMixer: Pid:637 add track (0)
07-29 15:11:39.374  1819 25523 E HsmCoreServiceImpl: onTransact in code is: 102
07-29 15:11:39.374  1819 25523 I MediaProcessHandler: processOp opType: 0, uid: 10259, pid: 2424
