07-29 15:11:39.374  1819 25523 I MediaProcessHandler: executedCallBack opType: 0 mMediaStatusObservers.size=0
07-29 15:11:39.378   610  1508 I audio_hw_primary: start_output_stream++: out_type = 0, out_device = 0x2,out->pcm[PCM_CARD] = NULL, out->voice_pcm = NULL
07-29 15:11:39.378   610  1508 I audio_hw_primary: select_devices++ mode[0]
07-29 15:11:39.378   610  1508 I audio_hw_primary: soundtrigger_standing wakeup path no need to open, standby = 1, mode = 0
07-29 15:11:39.378   610  1508 I audio_hw_primary: input_source_id 0, output_device_id 0x2
07-29 15:11:39.378   610  1508 I audio_hw_primary: select_devices() devices 0x2 input src 0 output route media-speaker input route none in_device 0
07-29 15:11:39.378   610  1508 I spk_dev_interface: spk_dev_power_off: use new smartpakit version
07-29 15:11:39.379   610  1508 I smartpakit: pdata->device = 0, output_device = 2, pdata->mode = 0, mode = 0, same_user_defined_scene_flag = 0,on = 0
07-29 15:11:39.379   610  1508 I smartpakit: is not tty mode
07-29 15:11:39.379   610  1508 I smartpakit: is not mmi mode
07-29 15:11:39.379   610  1508 I smartpakit: smartpa status not changed, skip!
07-29 15:11:39.379   610  1508 I dsp_common: dsp_common_control_algo:set device = 2
07-29 15:11:39.379   610  1508 D audio_route: Apply path: media-speaker
07-29 15:11:39.379   610  1508 I audio_hw_primary: soundtrigger_standing wakeup path no need to open, standby = 1, mode = 0
07-29 15:11:39.379   610  1508 I audio_hw_primary: pa is on, cannot start ir study,device = 2
07-29 15:11:39.379   610  1508 D audio_route: Apply path: media-speaker
07-29 15:11:39.379   610  1508 I audio_hw_primary: soundtrigger_standing wakeup path no need to open, standby = 1, mode = 0
07-29 15:11:39.379   610  1508 I audio_hw_primary: pa is on, cannot start ir study,device = 2
07-29 15:11:39.386  1908  2035 I PGAudioState: receive session 2129 aduio track volume state : 1000
07-29 15:11:39.386  1908  2035 I PGAudioState: AUDIO_ADD_ACTIVE_TRACK, track id : 193
07-29 15:11:39.386  1908  2035 I PGAudioState: not start audio out because audio inactive pid: 2424 uid:10259
07-29 15:11:39.397   624   624 E uniperf server: uniPerfEvent doParse failed, cmdId=4402
07-29 15:11:39.397   624   624 D uniperf hal: do uniPerfEvent failed, cmdId=4402, ret=2
07-29 15:11:39.407  2424  2581 I chatty  : uid=10259(com.wujie.siyu) expire 13 lines
07-29 15:11:39.412  2424  2785 I chatty  : uid=10259(com.wujie.siyu) expire 16 lines
07-29 15:11:39.415  1083  1549 I chatty  : uid=1000(system) WifiStateMachin expire 26 lines
07-29 15:11:39.439  1083  1548 I chatty  : uid=1000(system) WifiService expire 40 lines
07-29 15:11:39.440   610  1508 I audio_pop: pop change S4 OL SWITCH SWITCH dir 1
07-29 15:11:39.440   610  1508 I audio_pop: pop change S4 OR SWITCH SWITCH dir 1
07-29 15:11:39.450   780   841 W JankService: processEntry, not beta version or commercial log off
07-29 15:11:39.452   610  1508 I audio_pop: pop change PLAY48K SWITCH SWITCH dir 1
07-29 15:11:39.452   610  1508 I dsp_common: dsp_common_control_algo:set device = 2
07-29 15:11:39.452   610  1508 I spk_dev_interface: spk_dev_power_on: use new smartpakit version
07-29 15:11:39.452   610  1508 I smartpakit: pdata->device = 0, output_device = 2, pdata->mode = 0, mode = 0, same_user_defined_scene_flag = 0,on = 1
07-29 15:11:39.452   610  1508 I smartpakit: is not tty mode
07-29 15:11:39.452   610  1508 I smartpakit: is not mmi mode
07-29 15:11:39.452   610  1508 E smartpakit: current mmi_output is null!
07-29 15:11:39.452   610  1508 I smartpakit: update_smartpa_algo_param, algo_scene is SMARTPA_MUSIC
07-29 15:11:39.452   610  1508 I smartpakit: smartpa_algo_control: enter smartpa_algo_control, cmd = 7
07-29 15:11:39.458   610  1508 I dsp_codec_ctl: codec_adsp_send_sync_cmd:ioctl ret=0
07-29 15:11:39.458   610  1508 I smartpakit: smartpa_algo_control: enter smartpa_algo_control, cmd = 8
07-29 15:11:39.459   610  1508 I dsp_codec_ctl: codec_adsp_send_sync_cmd:ioctl ret=0
07-29 15:11:39.459   610  1508 I smartpakit: smartpa_algo_control: enter smartpa_algo_control, cmd = 18
07-29 15:11:39.459   610  1508 I spk_dev_interface_V2: enable_smartpa_algo: enable 1, pa_num 1, algo_in 0
07-29 15:11:39.459   610  1508 I spk_dev_interface_V2: enable_smartpa_algo: set smartpa_algo IF_OPEN
07-29 15:11:39.460   610  1508 I dsp_codec_ctl: codec_adsp_send_sync_cmd:ioctl ret=0
07-29 15:11:39.502   610  1508 I smartpakit: pakit power on l(POWER_ON_L) succ
07-29 15:11:39.502   610  1508 I audio_hw_primary: select_devices--
07-29 15:11:39.502   610  1508 I audio_hw_primary: start_output_stream--
07-29 15:11:39.502   637  1247 E AudioFlinger: writing blocked, write to hal costs: 124 ms
07-29 15:11:39.503   637  1247 D AudioFlinger: updateBypassState(bypass=0)
07-29 15:11:39.503   610 30709 D DlbDlbEffect: handle_EFFECT_CMD_SET_PARAM()
07-29 15:11:39.503   610 30709 D DlbEffectDapDp: updateProcessEnabled(enabled=1, bypassed=0, partialEnabled=0)
07-29 15:11:39.503   610 30709 D DlbCrossfadeProcess: setEnabled transitioning from FADE_TO_BYPASS state to FADE_TO_ACTIVE
07-29 15:11:39.504   610 19597 D DlbDlbEffect: handle_EFFECT_CMD_SET_PARAM()
07-29 15:11:39.504   610 19597 D DlbEffectContext: setPregain(volume=1495278)
07-29 15:11:39.504   610 19597 D DlbEffectContext: transformExternalGain() fVol:0.089126 extVal:-335
07-29 15:11:39.504   610 19597 D DlbEndpointParamCache: commitChangedParams()
07-29 15:11:39.504   610 19597 D DlbEndpointParamCache: commit() Applying parameters for device 0x40000000
07-29 15:11:39.504   610 19597 D DlbDapDPProcess: setParam(preg = #1[-335])
07-29 15:11:39.504   610 19597 D DlbEndpointParamCache: doCommit() Committed 1 parameters out of 10.
07-29 15:11:39.504   610 19597 D DlbEndpointParamCache: commit() Overriding parameters for current device 0x00000002
07-29 15:11:39.504   610 19597 D DlbEndpointParamCache: doCommit() Committed 0 parameters out of 42.
07-29 15:11:39.505  1908  2035 I PGAudioState: AUDIO_SET_FINAL_VOLUME, track id : 193, final volume : 0.089126
07-29 15:11:39.505  1908  2035 I PGServer: report state:2 event type:1 pid:2424 uid:10259 pkg:null to pid: 1083
07-29 15:11:39.505   610  1569 D DlbCrossfadeProcess: process transitioning from FADE_TO_ACTIVE state to DAP_ACTIVE
07-29 15:11:39.506  1908  2035 I PGServer: report state:2 event type:1 pid:2424 uid:10259 pkg:null to pid: 1908
07-29 15:11:39.506  1908  2035 D PGAudioState: audio type:out state:start pid:2424 uid:10259
07-29 15:11:39.506  1083  2136 I HwAudioServiceEx: VBR Enter package length 1
07-29 15:11:39.506  1083  2136 I HwAudioServiceEx: VBR Enter packageName:com.wujie.siyu
07-29 15:11:39.506  1908 21337 I PGServer: checkPkgType. calling pkg: android
07-29 15:11:39.507  1083  2136 I HwAudioServiceEx: VBR HwAudioService:music app enter -1
07-29 15:11:39.524   637  1247 D AudioFlinger: mixer(0x708b104180) throttle end: throttle time(7)
07-29 15:11:39.539  1695  1695 D StatusBarIconController: setIconVisibility icon is null or visibility not change visibility=false
07-29 15:11:39.540  1695  1695 D StatusBarIconController: setIconVisibility icon is null or visibility not change visibility=false
07-29 15:11:39.565  1083  1167 I NotificationService: enqueueNotificationInternal: pkg=com.wujie.siyu id=100 notification=Notification(channel=com.wujie.siyu1 pri=0 contentView=null vibrate=null sound=null tick defaults=0x0 flags=0x40 color=0x00000000 vis=PRIVATE)
07-29 15:11:39.567  1083  1167 I chatty  : uid=1000(system) ActivityManager expire 2 lines
07-29 15:11:39.568  6006  6157 I [HwRecSys]HwRecSysAidlService: doNotificationCollect -> current num:1
07-29 15:11:39.568  6006  6157 I [HwRecSys]-Notification-NotificationUpdateController: startNotificationUpdate start!
07-29 15:11:39.568  1083  1561 I chatty  : uid=1000(system) ranker expire 1 line
07-29 15:11:39.571  6006  6157 W SettingsEx: SettingsEx.Systemex.getInt deprecated use Settings.System.getInt instead ;callers=com.huawei.recsys.util.SystemUtil.getNotificationUpdateMode:190 com.huawei.recsys.util.SystemUtil.isAllowUpdate:122 com.huawei.recsys.controller.notification.http.NotificationUpdateController.startNotificationUpdate:85 
07-29 15:11:39.572  6006  6157 I [HwRecSys]SystemUtil: isAllowUpdate mode:1
07-29 15:11:39.573  6006  6157 I [HwRecSys]SystemUtil: isAllowUpdate isAllowUpdate:true
07-29 15:11:39.573  6006  6157 I [HwRecSys]-Notification-NotificationUpdateController:  -> currentYear:2019
07-29 15:11:39.573  6006  6157 I [HwRecSys]-Notification-NotificationUpdateController:  -> currentMonth:6
07-29 15:11:39.573  6006  6157 I [HwRecSys]-Notification-NotificationUpdateController:  -> currentDay:29
07-29 15:11:39.573  6006  6157 I [HwRecSys]-Notification-NotificationUpdateController:  -> oldYear:2019
07-29 15:11:39.573  6006  6157 I [HwRecSys]-Notification-NotificationUpdateController:  -> oldMonth:6
07-29 15:11:39.574  6006  6157 I [HwRecSys]-Notification-NotificationUpdateController:  -> oldDay:28
07-29 15:11:39.574  6006  6157 E [HwRecSys]-Notification-NotificationUpdateController: startNotificationUpdate time random value:1 SEED:2
07-29 15:11:39.574  6006  6157 E [HwRecSys]-Notification-NotificationUpdateController: startNotificationUpdate() random invalid fail! 
07-29 15:11:39.574  6006  6157 I [HwRecSys]-Notification-NotificationController: doNotificationCollect start!
07-29 15:11:39.576  6006  6157 E [HwRecSys]-Notification-NotificationController: doNotificationCollect defaultLabel is null return!
07-29 15:11:39.576  6006  6157 I [HwRecSys]HwRecSysAidlService: doNotificationCollect ->  finally remote Num - 1 !
07-29 15:11:39.577  1083  1167 I NotificationService: enqueueNotificationInternal Channel Info : pkg=com.wujie.siyu id=100 importance =3
07-29 15:11:39.581  1908  2035 I AppManager: app:com.wujie.siyu Notification update time:328656577
07-29 15:11:39.581  1908  2035 I AppManager: app : com.wujie.siyu add Notification persist:true now Ids:[100]
07-29 15:11:39.582  1083  1083 V HwNotificationManagerService: isHwSoundAllow pkg=com.wujie.siyu, channelId=com.wujie.siyu1, userId=0, cfg=1
07-29 15:11:39.589 12788 13560 E SQLiteLog: (1) 
07-29 15:11:39.608   780   841 W JankService: processEntry, not beta version or commercial log off
07-29 15:11:39.613  1695  1695 I NotificationInflation1: start: entry=85769674
07-29 15:11:39.615  1695  1825 D ReporterUtil:  e id:344 type:{pkg:com.wujie.siyu,hw_type:null,hw_btw:false,onGoing:true,importance:3}
07-29 15:11:39.617  1695  2778 I FakeShadowView: radius12
07-29 15:11:39.619  1695  1695 I NotificationInflation1: finish: entry=85769674
07-29 15:11:39.621  1695  1695 I NotificationInflation2: start: entry=85769674
07-29 15:11:39.622  1695  2790 I GlobalContext: Runnable for SerialExecutor
07-29 15:11:39.622  1695  2790 I NotificationInflation4: doInBackground is begin
07-29 15:11:39.633  1695  2790 I NotificationInflation5: doInBackground is end
07-29 15:11:39.634  1695  1695 I NotificationInflation2: finish: entry=85769674
07-29 15:11:39.634  1695  1695 I NotificationInflation3: start: entry=85769674
07-29 15:11:39.639  1695  2982 W HwPhoneLayoutInflater: onCreateView : ClassNotFoundException, In this case we want to let the base class take a crack at it
07-29 15:11:39.639  1695  2983 W HwPhoneLayoutInflater: onCreateView : ClassNotFoundException, In this case we want to let the base class take a crack at it
07-29 15:11:39.639  1695  2983 W HwPhoneLayoutInflater: onCreateView : ClassNotFoundException, In this case we want to let the base class take a crack at it
07-29 15:11:39.639  1695  2982 W HwPhoneLayoutInflater: onCreateView : ClassNotFoundException, In this case we want to let the base class take a crack at it
07-29 15:11:39.640  1695  2991 W HwPhoneLayoutInflater: onCreateView : ClassNotFoundException, In this case we want to let the base class take a crack at it
07-29 15:11:39.640  1695  2991 I chatty  : uid=10030(com.huawei.desktop.systemui) com.android.systemui identical 1 line
07-29 15:11:39.643  1695  2991 W HwPhoneLayoutInflater: onCreateView : ClassNotFoundException, In this case we want to let the base class take a crack at it
07-29 15:11:39.643  1695  2982 W HwPhoneLayoutInflater: onCreateView : ClassNotFoundException, In this case we want to let the base class take a crack at it
07-29 15:11:39.643  1695  2991 W HwPhoneLayoutInflater: onCreateView : ClassNotFoundException, In this case we want to let the base class take a crack at it
07-29 15:11:39.643  1695  2982 W HwPhoneLayoutInflater: onCreateView : ClassNotFoundException, In this case we want to let the base class take a crack at it
07-29 15:11:39.644  1695  2982 W HwPhoneLayoutInflater: onCreateView : ClassNotFoundException, In this case we want to let the base class take a crack at it
07-29 15:11:39.644  1695  2991 W HwPhoneLayoutInflater: onCreateView : ClassNotFoundException, In this case we want to let the base class take a crack at it
07-29 15:11:39.644  1695  2983 W HwPhoneLayoutInflater: onCreateView : ClassNotFoundException, In this case we want to let the base class take a crack at it
07-29 15:11:39.644  1695  2983 I chatty  : uid=10030(com.huawei.desktop.systemui) com.android.systemui identical 1 line
07-29 15:11:39.645  1695  2983 W HwPhoneLayoutInflater: onCreateView : ClassNotFoundException, In this case we want to let the base class take a crack at it
07-29 15:11:39.645  1695  2982 W HwPhoneLayoutInflater: onCreateView : ClassNotFoundException, In this case we want to let the base class take a crack at it
07-29 15:11:39.645  1695  2991 W HwPhoneLayoutInflater: onCreateView : ClassNotFoundException, In this case we want to let the base class take a crack at it
07-29 15:11:39.646  1695  2982 W HwPhoneLayoutInflater: onCreateView : ClassNotFoundException, In this case we want to let the base class take a crack at it
07-29 15:11:39.646  1695  2991 W HwPhoneLayoutInflater: onCreateView : ClassNotFoundException, In this case we want to let the base class take a crack at it
07-29 15:11:39.646  1695  2983 W HwPhoneLayoutInflater: onCreateView : ClassNotFoundException, In this case we want to let the base class take a crack at it
07-29 15:11:39.646  1695  2983 W HwPhoneLayoutInflater: onCreateView : ClassNotFoundException, In this case we want to let the base class take a crack at it
07-29 15:11:39.646   610  1569 I DlbDapDPProcess: process() called [4275000] times
07-29 15:11:39.648  1862  2057 D HwWifiStatStore: handleMessage : 200
07-29 15:11:39.655   624   624 E uniperf server: uniPerfEvent doParse failed, cmdId=4402
07-29 15:11:39.655   624   624 D uniperf hal: do uniPerfEvent failed, cmdId=4402, ret=2
07-29 15:11:39.656  1695  1695 I NotificationInflation3: finish: entry=85769674
07-29 15:11:39.658  1695  1695 W NotificationViewHierarchyManager: updateNotificationShade activeNotificationSize=4;hasFaceDT: false; Detected:false
07-29 15:11:39.671  1695  1695 W HwKeyguardDragHelper: AnimationBlocked 
07-29 15:11:39.744   610  1238 D asd_primary_out: L[0],R[0], continus 20 times!
07-29 15:11:39.905   624   624 E uniperf server: uniPerfEvent doParse failed, cmdId=4402
07-29 15:11:39.905   624   624 D uniperf hal: do uniPerfEvent failed, cmdId=4402, ret=2
07-29 15:11:40.144   610  1238 D asd_primary_out: L[0],R[0], continus 20 times!
07-29 15:11:40.157   624   624 E uniperf server: uniPerfEvent doParse failed, cmdId=4402
07-29 15:11:40.157   624   624 D uniperf hal: do uniPerfEvent failed, cmdId=4402, ret=2
07-29 15:11:40.186  2424  2967 I chatty  : uid=10259(com.wujie.siyu) expire 1 line
07-29 15:11:40.192  1908  2035 I PGAudioState: stop from audioTrack, pid:  sessionId: 2129
07-29 15:11:40.194  1908  2035 I PGServer: report state:2 event type:2 pid:2424 uid:10259 pkg:null to pid: 1083
07-29 15:11:40.194  1908  2035 I PGServer: report state:2 event type:2 pid:2424 uid:10259 pkg:null to pid: 1908
07-29 15:11:40.194  1908  2035 D PGAudioState: audio type:out state:stop pid:2424 uid:10259
07-29 15:11:40.195  1083  9269 I HwAudioServiceEx: VBR Enter package length 1
07-29 15:11:40.195  1083  9269 I HwAudioServiceEx: VBR Enter packageName:com.wujie.siyu
07-29 15:11:40.196  1908 21337 I PGServer: checkPkgType. calling pkg: android
07-29 15:11:40.196  1083  9269 I HwAudioServiceEx: VBR HwAudioService:music app exit -1
07-29 15:11:40.241   765   804 I Pged-IPgedBinderService: ****action is 2, pid num is 3***
07-29 15:11:40.241   765   804 I Pged-Freezer: thawPids
07-29 15:11:40.243  1908  2181 D PgedBinderAdapter: unfrz ok, pid: [31054, 32533]
07-29 15:11:40.344  1083  9269 V WindowManager: addWindow: Window{97eb3d4 u0 com.wujie.siyu/com.yizhuan.cutesound.avroom.activity.AVRoomActivity}
07-29 15:11:40.351  2129  2165 I chatty  : uid=10183(com.github.uiautomator) UiAutomation expire 5 lines
07-29 15:11:40.353  1083  6303 D PackageManager: resolve intent for uid:10259, matchs:3, res:ResolveInfo{fb5597d com.huawei.android.launcher/.unihome.UniHomeLauncher m=0x108000}
07-29 15:11:40.355  2424  2992 I chatty  : uid=10259(com.wujie.siyu) expire 1 line
07-29 15:11:40.358  1083  6303 V WindowManager_visibility: updateAllDrawn Add AppWindowToken{d9c0c5e token=Token{e50d199 ActivityRecord{852cae0 u0 com.wujie.siyu/com.yizhuan.cutesound.avroom.activity.AVRoomActivity t1393}}}
07-29 15:11:40.358  1083  6303 V WindowManager_visibility: updateAllDrawn allDrawn=false interesting=1 drawn=1 relaunchCount=0 for AppWindowToken{d9c0c5e token=Token{e50d199 ActivityRecord{852cae0 u0 com.wujie.siyu/com.yizhuan.cutesound.avroom.activity.AVRoomActivity t1393}}}
07-29 15:11:40.366   639   791 I chatty  : uid=1000(system) Binder:639_2 expire 1 line
07-29 15:11:40.371   600  1063 I chatty  : uid=1000(system) HwBinder:600_3 expire 24 lines
07-29 15:11:40.381   600   600 I chatty  : uid=1000(system) allocator@2.0-s expire 11 lines
07-29 15:11:40.394  1083  1483 V WindowManager_visibility: updateAllDrawn Add AppWindowToken{d9c0c5e token=Token{e50d199 ActivityRecord{852cae0 u0 com.wujie.siyu/com.yizhuan.cutesound.avroom.activity.AVRoomActivity t1393}}}
07-29 15:11:40.395  1083  1483 V WindowManager_visibility: updateAllDrawn allDrawn=false interesting=2 drawn=2 relaunchCount=0 for AppWindowToken{d9c0c5e token=Token{e50d199 ActivityRecord{852cae0 u0 com.wujie.siyu/com.yizhuan.cutesound.avroom.activity.AVRoomActivity t1393}}}
07-29 15:11:40.429   624   624 E uniperf server: uniPerfEvent doParse failed, cmdId=4400
07-29 15:11:40.430   624   624 D uniperf hal: do uniPerfEvent failed, cmdId=4400, ret=2
07-29 15:11:40.516   635   635 E WifiHAL : enter wifi_get_link_stats
07-29 15:11:40.544   610  1238 D asd_primary_out: L[0],R[0], continus 20 times!
07-29 15:11:40.640  1819  1819 D DaemonMessageAdapter: onMobileSignalStrengthChanged, subId: 0, signalStrength: SignalStrength: 99 112 -49 -61 32767 -1 32767 -1 0 0 0 -1 0 2147483647 0 120 0 0 cdma use_rsrp_and_rssnr_for_lte_level rscp [-128, -118, -108, -98] [-115, -105, -95, -85]
07-29 15:11:40.640  1819  1819 D DaemonMessageAdapter: SignalStrength update result, ss: SignalStrengthInfo: 45076662 mGsmSignalStrength: 99 mWcdmaRscp: 0 mWcdmaEcio: 0 mLteRsrp: 0 mLteRsrq: 0 mCdmaDbm: -49 mCdmaEcio: -61 mEvdoDbm: 32767 mEvdoEcio: -1 mLteRssnr: 0
07-29 15:11:40.646  1819  1929 I DeepNoDisturbP: handleStateChanged reason=8
07-29 15:11:40.646  1819  1929 I HidataAppQoeP: handleStateChanged reason=8
07-29 15:11:40.650  1819  1929 I BrowserChrP: handleStateChanged
07-29 15:11:40.677   624   624 E uniperf server: uniPerfEvent doParse failed, cmdId=4400
07-29 15:11:40.677   624   624 D uniperf hal: do uniPerfEvent failed, cmdId=4400, ret=2
07-29 15:11:40.739  1083  9269 W TrustSpaceManagerService: unknown Intent, type: service calleePackage: com.wujie.siyu callerPid:2424 callerUid:10259 callerPackage:null userId:0
07-29 15:11:40.740  1083  1083 I NotificationService: cancelNotificationLocked called,tell the app,reason = 8
07-29 15:11:40.745 12788 13560 E SQLiteLog: (1) 
07-29 15:11:40.747  1695  1695 I FloatNotificationManager: removeNotification: key =0|com.wujie.siyu|100|null|10259;mKey=null
07-29 15:11:40.748   775   775 D SensorHub: batch called handle:0 sample_ns:20000000 latency_ns:0
07-29 15:11:40.748  1695  1695 W NotificationViewHierarchyManager: updateNotificationShade activeNotificationSize=3;hasFaceDT: false; Detected:false
07-29 15:11:40.748   775   775 E SensorHub: in batch, handle = 0, flags = 0, period_ns = 20000000, timeout = 0
07-29 15:11:40.761  1695  1695 W HwKeyguardDragHelper: AnimationBlocked 
07-29 15:11:40.768  1908  2229 I InputManager: new hook event, id: 144, pkg: 10259
07-29 15:11:40.768  1908  2229 I InputManager: new hook event, id: 193, pkg: 10259
07-29 15:11:40.768  1908  2229 I InputManager: new hook event, id: 193, pkg: 10259
07-29 15:11:40.769  1908  2035 I AppManager: app:com.wujie.siyu Notification update time:328657764
07-29 15:11:40.769  1908  2035 I AppManager: app : com.wujie.siyu remove Notification persist:true now Ids:[]
07-29 15:11:40.769  1908  2035 I AppManager: app:com.wujie.siyu Notification update time:328657764
07-29 15:11:40.769  1908  2035 I AppManager: app : com.wujie.siyu remove Notification persist:true now Ids:null
07-29 15:11:40.769  1908  2035 I AppManager: app:com.wujie.siyu Notification update time:328657764
07-29 15:11:40.769  1908  2035 I AppManager: app : com.wujie.siyu remove Notification persist:true now Ids:null
07-29 15:11:40.769  1908  2035 I AppManager: app:com.wujie.siyu Notification update time:328657764
07-29 15:11:40.769  1908  2035 I AppManager: app : com.wujie.siyu remove Notification persist:true now Ids:null
07-29 15:11:40.769  1908  2035 I SensorState: sensor:0 name:accelerometer enable:false uid:10259
07-29 15:11:40.769  1908  2035 I SensorState: sensor stop, total history time:14298515
07-29 15:11:40.769  1908  2035 I SensorState: removeSensor,mHandles:{}
07-29 15:11:40.769  1908  2035 I PGServer: report state:4 event type:2 pid:0 uid:10259 pkg:null to pid: 1083
07-29 15:11:40.790  1819 28904 E HsmCoreServiceImpl: onTransact in code is: 102
07-29 15:11:40.790  1819 28904 I MediaProcessHandler: processOp opType: 1, uid: 10259, pid: 2424
07-29 15:11:40.790  1819 28904 I MediaProcessHandler: executedCallBack opType: 1 mMediaStatusObservers.size=0
07-29 15:11:40.792   637  2751 D AudioFlinger: event 163 
07-29 15:11:40.793  1083  2136 I chatty  : uid=1000(system) Binder:1083_B expire 8 lines
07-29 15:11:40.795  1083  1083 D MediaRouterService: onAudioPlayerActiveStateChanged: uid=10259, active=false, delaying
07-29 15:11:40.795 22915 23085 V AudioManager: mPlaybackCallbackList.size:1
07-29 15:11:40.796 22915 23104 D AudioManager: dispatching onPlaybackConfigChanged()
07-29 15:11:40.800  1908  2035 I PGAudioState: receive session 2129 aduio track volume state : 0
07-29 15:11:40.800  1908  2035 I PGAudioState: update audiotrack volume state ,trackId 193,volume : 0.0
07-29 15:11:40.801   610 30709 I smartpakit: smartpa_algo_control: enter smartpa_algo_control, cmd = 5
07-29 15:11:40.806  2424  2957 I chatty  : uid=10259(com.wujie.siyu) expire 2 lines
07-29 15:11:40.809   637  1247 D AudioFlinger: updateBypassState(bypass=1)
07-29 15:11:40.810   610 19597 D DlbDlbEffect: handle_EFFECT_CMD_SET_PARAM()
07-29 15:11:40.810   610 19597 D DlbEffectDapDp: updateProcessEnabled(enabled=1, bypassed=1, partialEnabled=0)
07-29 15:11:40.810   610 19597 D DlbCrossfadeProcess: setEnabled transitioning from DAP_ACTIVE state to FADE_TO_BYPASS
07-29 15:11:40.810   610 19597 D DlbEffectDapDp: updateProcessEnabled enter !!
07-29 15:11:40.817 22915 23085 V AudioManager: mPlaybackCallbackList.size:1
07-29 15:11:40.817 22915 23104 D AudioManager: dispatching onPlaybackConfigChanged()
07-29 15:11:40.832  1695  2093 I vol.VolumeDialogControl: onReceive VOLUME_CHANGED_ACTION stream=10 level=6 oldLevel=11
07-29 15:11:40.834  1695  2093 I vol.VolumeDialogControl: onReceive VOLUME_CHANGED_ACTION stream=10 level=10 oldLevel=11
07-29 15:11:40.834  1083  2136 I HwAudioService: updateAftPolicy SetModeDeathHandlers is empty, trun off aft
07-29 15:11:40.835   637  2751 I APM_AudioPolicyManager: setStreamVolumeIndex() stream 3, device 00000002, index 6
07-29 15:11:40.835   637   889 I AudioFlinger: setParameters(): io 0, keyvalue sws_volume=-21.0000000000, calling pid 637 calling uid 1041
07-29 15:11:40.837   610 30709 I dsp_codec_ctl: codec_adsp_send_sync_cmd:ioctl ret=0
07-29 15:11:40.837   610 30709 I smartpakit: get_power_consumption: result[1] is 0x0 result[0] is 0x8d!
07-29 15:11:40.837   610 30709 I smartpakit: getSmartPAPOWER is pa1=141!
07-29 15:11:40.838   637 30036 I hash_map_utils: key: 'getSmartPAPOWER' value: ''
07-29 15:11:40.839   610 30709 I audio_hw_primary: soundtrigger_set_enforce voice_wake value 
07-29 15:11:40.839   610 30709 I spk_dev_interface: spk_set_parameters: use new smartpakit version
07-29 15:11:40.839   610 30709 I audio_hw_primary: update stream types 8
07-29 15:11:40.840   637   889 I AudioFlinger: setParameters(): io 0, keyvalue output_device=2;streamType=3;volumeIndex=6, calling pid 637 calling uid 1041
07-29 15:11:40.840   637   889 I AudioFlinger: streamDevice 2, streamType 3, volumeIndex 6
07-29 15:11:40.841  1695  2093 I vol.VolumeDialogControl: onReceive VOLUME_CHANGED_ACTION stream=10 level=10 oldLevel=11
07-29 15:11:40.842  1695  2093 I vol.VolumeDialogControl: onReceive VOLUME_CHANGED_ACTION stream=10 level=5 oldLevel=11
07-29 15:11:40.844   637  2751 I APM_AudioPolicyManager: setStreamVolumeIndex() stream 10, device 00000002, index 6
07-29 15:11:40.844   637   889 I AudioFlinger: setParameters(): io 0, keyvalue output_device=2;streamType=10;volumeIndex=6, calling pid 637 calling uid 1041
07-29 15:11:40.845   637   889 I AudioFlinger: streamDevice 2, streamType 10, volumeIndex 6
07-29 15:11:40.846   637  2751 I APM_AudioPolicyManager: setStreamVolumeIndex() stream 9, device 00000002, index 6
07-29 15:11:40.846   637   889 I AudioFlinger: setParameters(): io 0, keyvalue output_device=2;streamType=9;volumeIndex=6, calling pid 637 calling uid 1041
07-29 15:11:40.846   637   889 I AudioFlinger: streamDevice 2, streamType 9, volumeIndex 6
07-29 15:11:40.846   637  2751 I APM_AudioPolicyManager: setForceUse() usage 7, config 0, mPhoneState 0
07-29 15:11:40.847  1083  1567 I HwAudioService: updateAftPolicy SetModeDeathHandlers is empty, trun off aft
07-29 15:11:40.847   637  2751 I APM_AudioPolicyManager: setStreamVolumeIndex() stream 8, device 00000002, index 10
07-29 15:11:40.847   637   889 I AudioFlinger: setParameters(): io 0, keyvalue output_device=2;streamType=8;volumeIndex=10, calling pid 637 calling uid 1041
07-29 15:11:40.847   637   889 I AudioFlinger: streamDevice 2, streamType 8, volumeIndex 10
07-29 15:11:40.853  1951  1967 D HwRecentsTaskUtils: refreshToCache
07-29 15:11:40.853  1951  1967 D HwRecentsTaskUtils: searchFromDate
07-29 15:11:40.854   637  2751 I APM_AudioPolicyManager: setStreamVolumeIndex() stream 8, device 40000000, index 10
07-29 15:11:40.854   637  2751 I APM_AudioPolicyManager: setStreamVolumeIndex() stream 10, device 00000002, index 6
07-29 15:11:40.854  1908  2035 I PGAudioState: AUDIO_REMOVE_ACTIVE_TRACK, trackId : 193
07-29 15:11:40.854   637   889 I AudioFlinger: setParameters(): io 0, keyvalue output_device=2;streamType=10;volumeIndex=6, calling pid 637 calling uid 1041
07-29 15:11:40.854   637   889 I AudioFlinger: streamDevice 2, streamType 10, volumeIndex 6
07-29 15:11:40.854  1908  2035 I PGAudioState: AUDIO_RELEASE_TRACK, 193
07-29 15:11:40.854  1908  2035 D PGAudioState: remove from mTrackMap, 193
07-29 15:11:40.855  1908  2035 I DeviceMonitor: last release audio mix uid:10259 pid:-2
07-29 15:11:40.856  1695  2093 I vol.VolumeDialogControl: onReceive VOLUME_CHANGED_ACTION stream=10 level=10 oldLevel=11
07-29 15:11:40.856  1695  2093 I vol.VolumeDialogControl: onReceive VOLUME_CHANGED_ACTION stream=10 level=3 oldLevel=11
07-29 15:11:40.857  1695  2093 I vol.VolumeDialogControl: onReceive VOLUME_CHANGED_ACTION stream=10 level=10 oldLevel=11
07-29 15:11:40.857   637  9934 I APM_AudioPolicyManager: setStreamVolumeIndex() stream 10, device 00000004, index 10
07-29 15:11:40.857   637   889 I AudioFlinger: setParameters(): io 0, keyvalue output_device=4;streamType=10;volumeIndex=10, calling pid 637 calling uid 1041
07-29 15:11:40.857   637   889 I AudioFlinger: streamDevice 4, streamType 10, volumeIndex 10
07-29 15:11:40.858   637 30036 I APM_AudioPolicyManager: setStreamVolumeIndex() stream 10, device 00000008, index 10
07-29 15:11:40.859   637   889 I AudioFlinger: setParameters(): io 0, keyvalue output_device=8;streamType=10;volumeIndex=10, calling pid 637 calling uid 1041
07-29 15:11:40.859   637   889 I AudioFlinger: streamDevice 8, streamType 10, volumeIndex 10
07-29 15:11:40.859   637 30036 I APM_AudioPolicyManager: setStreamVolumeIndex() stream 10, device 00000080, index 5
07-29 15:11:40.861   637  1247 I AudioMixer: Pid:637 deleteTrackName(0)
07-29 15:11:40.861   637  1247 I peq_android: PEQ destroyed
07-29 15:11:40.862   637   889 I AudioFlinger: setParameters(): io 0, keyvalue output_device=128;streamType=10;volumeIndex=5, calling pid 637 calling uid 1041
07-29 15:11:40.862   637   889 I AudioFlinger: streamDevice 128, streamType 10, volumeIndex 5
07-29 15:11:40.862   637   890 I APM_AudioPolicyManager: stopOutput() output 13, stream 3, session 2129
07-29 15:11:40.862   637   889 I AudioFlinger: setParameters(): io 0, keyvalue stop_stream=3, calling pid 637 calling uid 1041
07-29 15:11:40.862   610 30709 I audio_hw_primary: soundtrigger_set_enforce voice_wake value 
07-29 15:11:40.863  1819  2746 E HsmCoreServiceImpl: onTransact in code is: 103
07-29 15:11:40.863   610 30709 I spk_dev_interface: spk_set_parameters: use new smartpakit version
07-29 15:11:40.863  1819  2746 I MediaProcessHandler: playingUids: 10157|10159|10162|10169|10171|10244|
07-29 15:11:40.863   610 30709 I audio_hw_primary: update stream types 0
07-29 15:11:40.864   637   890 I APM_AudioPolicyManager: getNewOutputDevice() selected device 0 connectdeDevices(10003)
07-29 15:11:40.864   637   890 D APM_AudioPolicyManager: setOutputDevice() device 0x0000 delayMs 80 force 0
07-29 15:11:40.864   637   890 I APM_AudioPolicyManager: setOutputDevice() setting same device 0x0000 or null device
07-29 15:11:40.864   637   890 I APM_AudioPolicyManager: checkOutputForStrategy() getDeviceForStrategy strategy=3 newDevice=2 oldDevice=2
07-29 15:11:40.864   637   890 D APM::AudioOutputDescriptor: stop, profile name: primary out,  curActiveCount: 0
07-29 15:11:40.866  1951  1967 I RecentsTaskLoadPlan: to show tasks size is 4
07-29 15:11:40.866   637 30036 I APM_AudioPolicyManager: setStreamVolumeIndex() stream 10, device 00004000, index 10
07-29 15:11:40.866   637   889 I AudioFlinger: setParameters(): io 0, keyvalue output_device=16384;streamType=10;volumeIndex=10, calling pid 637 calling uid 1041
07-29 15:11:40.866   746   904 I dubaid  : [AudioHandler.cpp] stopSession# Failed to find audio session: 2129
07-29 15:11:40.867   637   889 I AudioFlinger: streamDevice 16384, streamType 10, volumeIndex 10
07-29 15:11:40.867   637 30036 I APM_AudioPolicyManager: setStreamVolumeIndex() stream 10, device 04000000, index 3
07-29 15:11:40.867   637   889 I AudioFlinger: setParameters(): io 0, keyvalue output_device=67108864;streamType=10;volumeIndex=3, calling pid 637 calling uid 1041
07-29 15:11:40.867   637   889 I AudioFlinger: streamDevice 67108864, streamType 10, volumeIndex 3
07-29 15:11:40.867   637  2751 I APM_AudioPolicyManager: setStreamVolumeIndex() stream 10, device 20000000, index 10
07-29 15:11:40.868   637   889 I AudioFlinger: setParameters(): io 0, keyvalue output_device=536870912;streamType=10;volumeIndex=10, calling pid 637 calling uid 1041
07-29 15:11:40.868   637   889 I AudioFlinger: streamDevice 536870912, streamType 10, volumeIndex 10
07-29 15:11:40.868   637  2751 I APM_AudioPolicyManager: setStreamVolumeIndex() stream 10, device 40000000, index 11
07-29 15:11:40.868   637   889 I AudioFlinger: setParameters(): io 0, keyvalue output_device=1073741824;streamType=10;volumeIndex=11, calling pid 637 calling uid 1041
07-29 15:11:40.868   637   889 I AudioFlinger: streamDevice 1073741824, streamType 10, volumeIndex 11
07-29 15:11:40.944   610  1238 D asd_primary_out: L[0],R[0], continus 20 times!
07-29 15:11:41.083  1083  3945 W ActivityManager: Duplicate finish request for ActivityRecord{852cae0 u0 com.wujie.siyu/com.yizhuan.cutesound.avroom.activity.AVRoomActivity t1393 f}
07-29 15:11:41.085   624   624 E uniperf server: uniPerfEvent doParse failed, cmdId=4402
07-29 15:11:41.085   624   624 D uniperf hal: do uniPerfEvent failed, cmdId=4402, ret=2
07-29 15:11:41.088  1083 13435 V WindowManager: removeIfPossible: Window{97eb3d4 u0 com.wujie.siyu/com.yizhuan.cutesound.avroom.activity.AVRoomActivity}
07-29 15:11:41.091  1083 13435 V WindowManager: Not removing Window{97eb3d4 u0 com.wujie.siyu/com.yizhuan.cutesound.avroom.activity.AVRoomActivity EXITING} due to exit animation 
07-29 15:11:41.098  2424  2435 I chatty  : uid=10259(com.wujie.siyu) expire 1 line
07-29 15:11:41.113   624   624 E uniperf server: uniPerfEvent doParse failed, cmdId=4403
07-29 15:11:41.113   624   624 D uniperf hal: do uniPerfEvent failed, cmdId=4403, ret=2
07-29 15:11:41.120  1083  3945 D HwPhoneWindowManager: sensorRotation = 0 lastRotation:0
07-29 15:11:41.121  1083  3945 V WindowManager: notifyAppResumed: wasStopped=true AppWindowToken{35f6df token=Token{487c17e ActivityRecord{cb3a739 u0 com.wujie.siyu/com.yizhuan.cutesound.user.PersonalHomepageActivity t1393}}}
07-29 15:11:41.128  1083  3945 V WindowManager: Checking 1 opening apps (frozen=false timeout=false), Track: activitypause performsurface
07-29 15:11:41.128  1083  3945 V WindowManager: Check opening app=AppWindowToken{35f6df token=Token{487c17e ActivityRecord{cb3a739 u0 com.wujie.siyu/com.yizhuan.cutesound.user.PersonalHomepageActivity t1393}}}: allDrawn=false startingDisplayed=false startingMoved=false isRelaunching()=false startingWindow=null
07-29 15:11:41.130  1083  1162 W HwActivityManagerServiceEx: HwActivityNotifier end call android.app.IHwActivityNotifier$Stub$Proxy@2277345 for activityLifeState under user 0 cost 0
07-29 15:11:41.130  1083  1162 W HwActivityManagerServiceEx: HwActivityNotifier end call android.app.IHwActivityNotifier$Stub$Proxy@50ff195 for activityLifeState under user 0 cost 0
07-29 15:11:41.131  6131  6153 I AppLifeChangeSensor:  CAWARENESS: activityPaused componentName = ComponentInfo{com.wujie.siyu/com.yizhuan.cutesound.avroom.activity.AVRoomActivity}
07-29 15:11:41.131  6131  6153 E AppLifeChangeSensor:  CAWARENESS: activityPaused mAppLifeChangeCallback is null 
07-29 15:11:41.133   780   841 W JankService: processEntry, not beta version or commercial log off
07-29 15:11:41.133  1083  1555 D ConnectivityService: releasing NetworkRequest [ LISTEN id=183, [ Capabilities: INTERNET&NOT_RESTRICTED&TRUSTED&FOREGROUND Uid: 10259] ] (release request)
07-29 15:11:41.134  1083  1555 D ConnectivityService: releasing NetworkRequest [ TRACK_DEFAULT id=182, [ Capabilities: INTERNET&NOT_RESTRICTED&TRUSTED Uid: 10259] ] (release request)
07-29 15:11:41.134  1083  1555 D ConnectivityService:  Removing from current network NetworkAgentInfo [WIFI () - 174], leaving 18 requests.
07-29 15:11:41.165  1083 13435 D HwGameAssistantController: pid=2424, uid=10259, component=ComponentInfo{com.wujie.siyu/com.yizhuan.cutesound.user.PersonalHomepageActivity}
07-29 15:11:41.166  1083  1211 D HwGameAssistantController: UPDATE: mCurFgPkg=com.wujie.siyu, mCurFgPid=2424, mCurIsGame=false
07-29 15:11:41.166  1862 14015 I OPCollectLog: AppChangeImpl:pid: 2424 uid: 10259 pkg: com.wujie.siyu class: com.yizhuan.cutesound.user.PersonalHomepageActivity
07-29 15:11:41.166  1862 14015 E OPCollectLog: HwForegroundAppAction:duplicate pkgName.
07-29 15:11:41.166  1083  1162 W HwActivityManagerServiceEx: HwActivityNotifier end call android.app.IHwActivityNotifier$Stub$Proxy@2277345 for activityLifeState under user 0 cost 0
07-29 15:11:41.166  1083  1162 W HwActivityManagerServiceEx: HwActivityNotifier end call android.app.IHwActivityNotifier$Stub$Proxy@50ff195 for activityLifeState under user 0 cost 0
07-29 15:11:41.167  6131  6153 I AppLifeChangeSensor:  CAWARENESS: activityResumed componentName = ComponentInfo{com.wujie.siyu/com.yizhuan.cutesound.user.PersonalHomepageActivity}
07-29 15:11:41.167  6131  6153 E AppLifeChangeSensor:  CAWARENESS: activityResumed mAppLifeChangeCallback is null 
07-29 15:11:41.171  1083  3945 V WindowManager: Checking 1 opening apps (frozen=false timeout=false), Track: relayout performsurface
07-29 15:11:41.171  1083  3945 V WindowManager: Check opening app=AppWindowToken{35f6df token=Token{487c17e ActivityRecord{cb3a739 u0 com.wujie.siyu/com.yizhuan.cutesound.user.PersonalHomepageActivity t1393}}}: allDrawn=false startingDisplayed=false startingMoved=false isRelaunching()=false startingWindow=null
07-29 15:11:41.181  1083  3945 I ActivityManager: Process com.google.android.webview:sandboxed_process0 (pid 2805) has died: cch  CACC
07-29 15:11:41.181  1083  3945 D ActivityManager: cleanUpApplicationRecord app: ProcessRecord{1a46345 2805:com.google.android.webview:sandboxed_process0/u0a259i24}, app.bad: false, restarting: false, allowRestart: true
07-29 15:11:41.182  1083  3945 W ActivityManager: Scheduling restart of crashed service com.wujie.siyu/org.chromium.content.app.SandboxedProcessService0 in 1000ms
07-29 15:11:41.182  1674  1674 I Zygote  : Process 2805 exited cleanly (0)
07-29 15:11:41.182  1083  1175 I chatty  : uid=1000(system) ActivityManager expire 2 lines
07-29 15:11:41.185  1819 25523 E HsmCoreServiceImpl: onTransact in code is: 102
07-29 15:11:41.185  1819 25523 I MediaProcessHandler: processOp opType: 1, uid: 10259, pid: 2805
07-29 15:11:41.185  1819 25523 W MediaProcessHandler: remove target not exist, maybe the UI process: uid: 10259, pid: 2805
07-29 15:11:41.185  1819 25523 I MediaProcessHandler: executedCallBack opType: 1 mMediaStatusObservers.size=0
07-29 15:11:41.186  1908  2936 W AwareLog: SmartIO2DMEPlugin: unknown process state: 2
07-29 15:11:41.186  1819  2746 I BoosterSwitchP: notifyUidState do nothing
07-29 15:11:41.186  1819  2746 I DeepNoDisturbP: notifyUidState
07-29 15:11:41.186  1819  2746 I HidataAppQoeP: notifyUidState
07-29 15:11:41.186  1819  2746 I BrowserChrP: notifyUidState
07-29 15:11:41.190  1083  3945 V WindowManager: Checking 1 opening apps (frozen=false timeout=false), Track:  performsurface
07-29 15:11:41.190  1083  3945 V WindowManager: Check opening app=AppWindowToken{35f6df token=Token{487c17e ActivityRecord{cb3a739 u0 com.wujie.siyu/com.yizhuan.cutesound.user.PersonalHomepageActivity t1393}}}: allDrawn=false startingDisplayed=false startingMoved=false isRelaunching()=false startingWindow=null
07-29 15:11:41.203  1083  1483 V WindowManager_visibility: updateAllDrawn Add AppWindowToken{35f6df token=Token{487c17e ActivityRecord{cb3a739 u0 com.wujie.siyu/com.yizhuan.cutesound.user.PersonalHomepageActivity t1393}}}
07-29 15:11:41.204  1083  1483 V WindowManager_visibility: updateAllDrawn allDrawn=false interesting=1 drawn=1 relaunchCount=0 for AppWindowToken{35f6df token=Token{487c17e ActivityRecord{cb3a739 u0 com.wujie.siyu/com.yizhuan.cutesound.user.PersonalHomepageActivity t1393}}}
07-29 15:11:41.205  1083  1483 V WindowManager: Checking 1 opening apps (frozen=false timeout=false), Track:  performsurface
07-29 15:11:41.205  1083  1483 V WindowManager: Check opening app=AppWindowToken{35f6df token=Token{487c17e ActivityRecord{cb3a739 u0 com.wujie.siyu/com.yizhuan.cutesound.user.PersonalHomepageActivity t1393}}}: allDrawn=true startingDisplayed=false startingMoved=false isRelaunching()=false startingWindow=null
07-29 15:11:41.205  1083  1483 I WindowManager: closing apps count = 1
07-29 15:11:41.211  1695  1695 D StatusBarIconController: setIconVisibility icon is null or visibility not change visibility=true
07-29 15:11:41.212  1695  1695 D BarTransitions.HwNavigationBarView: MODE_TRANSLUCENT -> MODE_TRANSPARENT animate=false
07-29 15:11:41.212  1695  1695 D BarTransitions.HwNavigationBarView: applyModeBackground oldMode=MODE_TRANSLUCENT newMode=MODE_TRANSPARENT animate=false
07-29 15:11:41.226  1951  1967 D HwRecentsTaskUtils: refreshToCache
07-29 15:11:41.226  1951  1967 D HwRecentsTaskUtils: searchFromDate
07-29 15:11:41.230  1819  2746 E HsmCoreServiceImpl: onTransact in code is: 103
07-29 15:11:41.230  1819  2746 I MediaProcessHandler: playingUids: 10157|10159|10162|10169|10171|10244|
07-29 15:11:41.232  2424  2802 I chatty  : uid=10259(com.wujie.siyu) expire 1 line
07-29 15:11:41.234  1951  1967 I RecentsTaskLoadPlan: to show tasks size is 4
07-29 15:11:41.262  2424  2424 D ActivityThread: Remove activity client record, r= ActivityRecord{6bb7f0f token=android.os.BinderProxy@ea15109 {com.wujie.siyu/com.yizhuan.cutesound.avroom.activity.AVRoomActivity}} token= android.os.BinderProxy@ea15109
07-29 15:11:41.262  2424  2499 I chatty  : uid=10259(com.wujie.siyu) expire 11 lines
07-29 15:11:41.264  1083  3945 V WindowManager: removeIfPossible: Window{7c9b50c u0 com.wujie.siyu/com.yizhuan.cutesound.avroom.activity.AVRoomActivity}
07-29 15:11:41.265  1083  3945 V WindowManager: postWindowRemoveCleanupLocked: Window{7c9b50c u0 com.wujie.siyu/com.yizhuan.cutesound.avroom.activity.AVRoomActivity}
07-29 15:11:41.265  1083  3945 V WindowManager: Removing Window{7c9b50c u0 com.wujie.siyu/com.yizhuan.cutesound.avroom.activity.AVRoomActivity} from AppWindowToken{d9c0c5e token=Token{e50d199 ActivityRecord{852cae0 u0 com.wujie.siyu/com.yizhuan.cutesound.avroom.activity.AVRoomActivity t1393}}}
07-29 15:11:41.269  1083  3945 V WindowManager: removeAppToken: AppWindowToken{d9c0c5e token=Token{e50d199 ActivityRecord{852cae0 u0 com.wujie.siyu/com.yizhuan.cutesound.avroom.activity.AVRoomActivity t1393}}} delayed=true Callers=com.android.server.wm.DisplayContent.removeAppToken:1059 com.android.server.wm.AppWindowContainerController.removeContainer:301 com.android.server.am.ActivityRecord.removeWindowContainer:1152 com.android.server.am.ActivityStack.removeActivityFromHistoryLocked:4507 
07-29 15:11:41.269  1083  3945 V WindowManager: removeAppToken make exiting: AppWindowToken{d9c0c5e token=Token{e50d199 ActivityRecord{852cae0 u0 com.wujie.siyu/com.yizhuan.cutesound.avroom.activity.AVRoomActivity t1393}}}
07-29 15:11:41.273  2883  2904 I chatty  : uid=10259 com.wujie.siyu:leakcanary expire 3 lines
07-29 15:11:41.344   610  1238 D asd_primary_out: L[0],R[0], continus 20 times!
07-29 15:11:41.347  1083  1567 I HwAudioService: isAdjustVolumeEnable,mEnableAdjustVolume:true
07-29 15:11:41.347  1083  1567 I [SPMN]  : insert SYSTEM -- name = volume_music_speaker, package = android, user = 0, value = 6
07-29 15:11:41.397  1083  1483 V WindowManager: Exit animation finished in Window{97eb3d4 u0 com.wujie.siyu/com.yizhuan.cutesound.avroom.activity.AVRoomActivity EXITING}: remove=true
07-29 15:11:41.397  1083  1483 E WindowManager: win=Window{97eb3d4 u0 com.wujie.siyu/com.yizhuan.cutesound.avroom.activity.AVRoomActivity EXITING} destroySurfaces: appStopped=false win.mWindowRemovalAllowed=true win.mRemoveOnExit=true
07-29 15:11:41.398  1083  1483 V WindowManager: postWindowRemoveCleanupLocked: Window{97eb3d4 u0 com.wujie.siyu/com.yizhuan.cutesound.avroom.activity.AVRoomActivity}
07-29 15:11:41.398  1083  1483 V WindowManager: Removing Window{97eb3d4 u0 com.wujie.siyu/com.yizhuan.cutesound.avroom.activity.AVRoomActivity} from AppWindowToken{d9c0c5e token=Token{e50d199 ActivityRecord{852cae0 u0 com.wujie.siyu/com.yizhuan.cutesound.avroom.activity.AVRoomActivity t1393}}} mIsExiting=
07-29 15:11:41.401  1083  1483 V WindowManager: removeAppToken: AppWindowToken{d9c0c5e token=Token{e50d199 ActivityRecord{852cae0 u0 com.wujie.siyu/com.yizhuan.cutesound.avroom.activity.AVRoomActivity t1393}}} delayed=false Callers=com.android.server.wm.AppWindowToken.removeImmediately:656 com.android.server.wm.AppWindowToken.removeIfPossible:664 com.android.server.wm.AppWindowToken.checkCompleteDeferredRemoval:670 com.android.server.wm.WindowContainer.checkCompleteDeferredRemoval:666 
07-29 15:11:41.445   610  1243 I smartpakit: smartpa_algo_control: enter smartpa_algo_control, cmd = 26
07-29 15:11:41.452   610  1243 I dsp_codec_ctl: codec_adsp_send_sync_cmd:ioctl ret=0
07-29 15:11:41.466  1083  1169 I chatty  : uid=1000(system) android.ui expire 12 lines
07-29 15:11:41.606  1083 13435 I ActivityManager: START u0 {flg=0x24000000 cmp=com.wujie.siyu/com.yizhuan.cutesound.ui.im.avtivity.NimP2PMessageActivity (has extras)} from uid 10259
07-29 15:11:41.607  1083 13435 I ActivityManager: ActivityRecord info: ActivityInfo{253459c com.yizhuan.cutesound.ui.im.avtivity.NimP2PMessageActivity}
07-29 15:11:41.611  1083 13435 V WindowManager: addAppToken: AppWindowToken{2eef2b token=Token{49b7b7a ActivityRecord{f525ba5 u0 com.wujie.siyu/com.yizhuan.cutesound.ui.im.avtivity.NimP2PMessageActivity t1393}}} controller={TaskWindowContainerController taskId=1393} at 2147483647
07-29 15:11:41.613  1908  3974 I PGServer: android calls fast hibernateApps
07-29 15:11:41.613  1908  3974 I AppFastHibernation: fast hibernate duration: 1500 reason: start activity
07-29 15:11:41.613   765   804 I Pged-IPgedBinderService: ****action is 1, pid num is 3***
07-29 15:11:41.613   765   804 I Pged-Freezer: freezePids
07-29 15:11:41.613   765   804 I Pged-Freezer: Freeze process: 31054
07-29 15:11:41.614   639   795 I chatty  : uid=1000(system) unnamed expire 15 lines
07-29 15:11:41.616   765   804 I Pged-Freezer: Freeze process: 32533
07-29 15:11:41.618  1908  2181 D PgedBinderAdapter: frz ok, pid: [31054, 32533]
07-29 15:11:41.627  1083 13435 V ActivityManager: Making visible and scheduling visibility: ActivityRecord{f525ba5 u0 com.wujie.siyu/com.yizhuan.cutesound.ui.im.avtivity.NimP2PMessageActivity t1393}
07-29 15:11:41.627  1083 13435 D HwPhoneWindowManager: sensorRotation = 0 lastRotation:0
07-29 15:11:41.634  1083 13435 V WindowManager: Checking 1 opening apps (frozen=false timeout=false), Track: activitypause performsurface
07-29 15:11:41.634  1083 13435 V WindowManager: Check opening app=AppWindowToken{2eef2b token=Token{49b7b7a ActivityRecord{f525ba5 u0 com.wujie.siyu/com.yizhuan.cutesound.ui.im.avtivity.NimP2PMessageActivity t1393}}}: allDrawn=false startingDisplayed=false startingMoved=false isRelaunching()=false startingWindow=null
07-29 15:11:41.635  1083  1162 W HwActivityManagerServiceEx: HwActivityNotifier end call android.app.IHwActivityNotifier$Stub$Proxy@2277345 for activityLifeState under user 0 cost 0
07-29 15:11:41.635  1083  1162 W HwActivityManagerServiceEx: HwActivityNotifier end call android.app.IHwActivityNotifier$Stub$Proxy@50ff195 for activityLifeState under user 0 cost 0
07-29 15:11:41.635  6131  6153 I AppLifeChangeSensor:  CAWARENESS: activityPaused componentName = ComponentInfo{com.wujie.siyu/com.yizhuan.cutesound.user.PersonalHomepageActivity}
07-29 15:11:41.635  6131  6153 E AppLifeChangeSensor:  CAWARENESS: activityPaused mAppLifeChangeCallback is null 
07-29 15:11:41.636  2424  2424 V ActivityThread: Skipping new config:{1.0 ?mcc?mnc [zh_CN_#Hans] ldltr sw360dp w360dp h719dp 480dpi nrml long hdr port finger -keyb/v/h -nav/h winConfig={ mBounds=Rect(0, 0 - 0, 0) mAppBounds=Rect(0, 85 - 1080, 2244) mWindowingMode=fullscreen mActivityType=undefined} nonFullScreen=0 suim:1 s.8}, config:{1.0 ?mcc?mnc [zh_CN_#Hans] ldltr sw360dp w360dp h719dp 480dpi nrml long hdr port finger -keyb/v/h -nav/h winConfig={ mBounds=Rect(0, 0 - 0, 0) mAppBounds=Rect(0, 85 - 1080, 2244) mWindowingMode=fullscreen mActivityType=undefined} nonFullScreen=0 suim:1 s.8} for app:com.wujie.siyu
07-29 15:11:41.642  2424  2424 V ActivityThread: callActivityOnCreate
07-29 15:11:41.682   610 30709 I audio_hw_primary: usb_ext_get_parameters: check show hires (false)
07-29 15:11:41.682   637 30036 I hash_map_utils: key: 'typec_need_show_hires' value: ''
07-29 15:11:41.683  1083  1568 I HwAudioServiceEx: check HiRes Icon false
07-29 15:11:41.683  1083  1568 I chatty  : uid=1000(system) Thread-33 expire 2 lines
07-29 15:11:41.685  1695  1695 D StatusBarIconController: setIconVisibility icon is null or visibility not change visibility=false
07-29 15:11:41.696  2424  2424 D ActivityThread: add activity client record, r= ActivityRecord{1e79f07 token=android.os.BinderProxy@b8d1c72 {com.wujie.siyu/com.yizhuan.cutesound.ui.im.avtivity.NimP2PMessageActivity}} token= android.os.BinderProxy@b8d1c72
07-29 15:11:41.733  1951  1967 D HwRecentsTaskUtils: refreshToCache
07-29 15:11:41.733  1951  1967 D HwRecentsTaskUtils: searchFromDate
07-29 15:11:41.737  1819  2746 E HsmCoreServiceImpl: onTransact in code is: 103
07-29 15:11:41.737  1819  2746 I MediaProcessHandler: playingUids: 10157|10159|10162|10169|10171|10244|
07-29 15:11:41.740  1951  1967 I RecentsTaskLoadPlan: to show tasks size is 4
07-29 15:11:41.744   610  1238 D asd_primary_out: L[0],R[0], continus 20 times!
07-29 15:11:41.789   624   624 E uniperf server: uniPerfEvent doParse failed, cmdId=4402
07-29 15:11:41.789   624   624 D uniperf hal: do uniPerfEvent failed, cmdId=4402, ret=2
07-29 15:11:41.792  1083 13435 V WindowManager: addWindow: Window{2320d21 u0 com.wujie.siyu/com.yizhuan.cutesound.ui.im.avtivity.NimP2PMessageActivity}
07-29 15:11:41.794  1083  1095 D HwGameAssistantController: pid=2424, uid=10259, component=ComponentInfo{com.wujie.siyu/com.yizhuan.cutesound.ui.im.avtivity.NimP2PMessageActivity}
07-29 15:11:41.795  1083  1095 I chatty  : uid=1000(system) Binder:1083_1 expire 21 lines
07-29 15:11:41.795  1083  1211 D HwGameAssistantController: UPDATE: mCurFgPkg=com.wujie.siyu, mCurFgPid=2424, mCurIsGame=false
07-29 15:11:41.795  1862 14015 I OPCollectLog: AppChangeImpl:pid: 2424 uid: 10259 pkg: com.wujie.siyu class: com.yizhuan.cutesound.ui.im.avtivity.NimP2PMessageActivity
07-29 15:11:41.795  1862 14015 E OPCollectLog: HwForegroundAppAction:duplicate pkgName.
