07-29 15:12:11.551  2424  2786 D RxNet_LOG: OKHttp-------
07-29 15:12:11.551  2424  2786 D RxNet_LOG: OKHttp-------{"code":200,"message":"success","data":[{"uid":90292718,"magicId":7,"magicName":"","magicIcon":"https://img.erbanyy.com/FrNEyP4mkW5OS8frm0ax5i7zTdps?imageslim","amount":1,"createTime":1563996538000,"updateTime":1563996538000},{"uid":90292718,"magicId":8,"magicName":"","magicIcon":"https://img.erbanyy.com/Fol6fcLQZjsNdGUjbZr71jXzsKx-?imageslim","amount":1,"createTime":1563996540000,"updateTime":1563996540000},{"uid":90292718,"magicId":10,"magicName":"","magicIcon":"https://img.erbanyy.com/Fv-UXIAQ6i9iCfOVc6-Hk3sdVvCo?imageslim","amount":1,"createTime":1563996543000,"updateTime":1563996543000},{"uid":90292718,"magicId":11,"magicName":"","magicIcon":"https://img.erbanyy.com/FlkQk2LMPSGX7RQHIn6IhCgxPmuB?imageslim","amount":1,"createTime":1563996545000,"updateTime":1563996545000}],"timestamp":1564384332092}
07-29 15:12:11.551  2424  2786 D RxNet_LOG: OKHttp-------<-- END HTTP (840-byte body)
07-29 15:12:11.553  2424  2424 W RxCachedThreadS: type=1400 audit(0.0:57801): avc: granted { create } for name="2075eb97cfb8ec9b809cc91a67c5d1c4.0.tmp" scontext=u:r:untrusted_app_27:s0:c512,c768 tcontext=u:object_r:sdcardfs:s0:c512,c768 tclass=file
07-29 15:12:11.555  2492  2660 V [push]core: 825/received packetSize: 47, readableBytes: 43
07-29 15:12:11.555  2492  2660 I [push]im_packet: 825/received PacketHeader [SID 13 , CID 1 , SER 1008 , RES 200 , TAG 2 , LEN 46]
07-29 15:12:11.557  2424  2424 W RxCachedThreadS: type=1400 audit(0.0:57802): avc: granted { create } for name="ae25cb71e0950d2de6d1f89e90c93cf6.0.tmp" scontext=u:r:untrusted_app_27:s0:c512,c768 tcontext=u:object_r:sdcardfs:s0:c512,c768 tclass=file
07-29 15:12:11.559  2424  2473 V [ui]core: 842/handle packet: PacketHeader [SID 13 , CID 1 , SER 1008 , RES 200 , TAG 2 , LEN 46]
07-29 15:12:11.560  2424  2527 D RxNet_LOG: OKHttp-------
07-29 15:12:11.560  2424  2527 D RxNet_LOG: OKHttp-------{"code":200,"message":"success","data":{"uid":90292718,"erbanNo":9209640,"phone":"132****9780","birth":757353600000,"nick":"f","defUser":1,"gender":1,"avatar":"https://img.siyuyuyin.com/FpuNUsvl9nX8Dlqo-KVeQhfceQmw?imageslim","userDesc":"X","followNum":4,"fansNum":3,"hasPrettyErbanNo":true,"hasRegPacket":false,"userLevelVo":{"experAmount":9678,"charmAmount":488301,"experUrl":"https://img.letusmix.com/ul_5.png","charmUrl":"https://img.letusmix.com/new_ml_24.png","experLevelName":"5","charmLevelName":"LV5","experLevelGrp":"","charmLevelGrp":"","experLevelSeq":5,"charmLevelSeq":24},"userRankList":[{"uid":90293595,"erbanNo":6909041,"nick":"","avatar":"https://img.siyuyuyin.com/FvnkF9wXsy8Gs1vibMT9BlBKECuz?imageslim","gender":1,"experSeq":14,"experUrl":"https://img.letusmix.com/ul_14.png","charmSeq":44,"charmUrl":"https://img.letusmix.com/new_ml_44.png","goldAmount":482139,"ranking":1,"rankingType":"total"}],"isBindPhone":true,"isBindPasswd":true,"isBindPaymentPwd":true,"isBindAlipay":true,"isCertified":false,"bindType":3,"newUser":false,"likedCount":0,"privatePhoto":[{"pid":359,"photoUrl":"https://img.siyuyuyin.com/Screenshot_20190708_183129_com.wujie.siyu.jpg?imageslim","seqNo":1,"createTime":1563420562000}]},"timestamp":1564384332072}
07-29 15:12:11.560  2424  2527 D RxNet_LOG: OKHttp-------<-- END HTTP (1276-byte body)
07-29 15:12:11.561  2424  2424 W RxCachedThreadS: type=1400 audit(0.0:57803): avc: granted { create } for name="2075eb97cfb8ec9b809cc91a67c5d1c4.1.tmp" scontext=u:r:untrusted_app_27:s0:c512,c768 tcontext=u:object_r:sdcardfs:s0:c512,c768 tclass=file
07-29 15:12:11.561  2424  2473 I [ui]room: 842/connect room link 111610568, address=59.111.28.146:9092, total room links count is 1
07-29 15:12:11.565  2424  2424 W RxCachedThreadS: type=1400 audit(0.0:57804): avc: granted { create } for name="ae25cb71e0950d2de6d1f89e90c93cf6.1.tmp" scontext=u:r:untrusted_app_27:s0:c512,c768 tcontext=u:object_r:sdcardfs:s0:c512,c768 tclass=file
07-29 15:12:11.569  2424  2737 D RxNet_LOG: OKHttp-------<-- 200 http://beta.siyuyuyin.com/car/carport/list (70ms)
07-29 15:12:11.569  2424  2785 D RxNet_LOG: OKHttp-------<-- 200 http://beta.siyuyuyin.com/works/total (73ms)
07-29 15:12:11.569  2424  2737 D RxNet_LOG: OKHttp-------Server: nginx/1.10.3
07-29 15:12:11.570  2424  2785 D RxNet_LOG: OKHttp-------Server: nginx/1.10.3
07-29 15:12:11.570  2424  2737 D RxNet_LOG: OKHttp-------Date: Mon, 29 Jul 2019 07:12:12 GMT
07-29 15:12:11.570  2424  2785 D RxNet_LOG: OKHttp-------Date: Mon, 29 Jul 2019 07:12:12 GMT
07-29 15:12:11.570  2424  2737 D RxNet_LOG: OKHttp-------Content-Type: application/json;charset=UTF-8
07-29 15:12:11.570  2424  2785 D RxNet_LOG: OKHttp-------Content-Type: application/json;charset=UTF-8
07-29 15:12:11.570  2424  2581 D RxNet_LOG: OKHttp-------<-- 200 http://beta.siyuyuyin.com/giftwall/get?uid=90292718&orderType=2&os=android&app=siyu&model=EML-AL00&channel=official&deviceId=00000000-113c-fe85-0000-00005f462fc5&appVersion=1.0.3&osVersion=9&netType=2&ispType=4&pub_timestamp=1564384331499&pub_sign=2EF5852C85A9E8A288CF70423A340930 (69ms)
07-29 15:12:11.570  2424  2737 D RxNet_LOG: OKHttp-------Transfer-Encoding: chunked
07-29 15:12:11.570  2424  2785 D RxNet_LOG: OKHttp-------Transfer-Encoding: chunked
07-29 15:12:11.570  2424  2581 D RxNet_LOG: OKHttp-------Server: nginx/1.10.3
07-29 15:12:11.570  2424  2737 D RxNet_LOG: OKHttp-------Connection: keep-alive
07-29 15:12:11.570  2424  2785 D RxNet_LOG: OKHttp-------Connection: keep-alive
07-29 15:12:11.571  2424  2581 D RxNet_LOG: OKHttp-------Date: Mon, 29 Jul 2019 07:12:12 GMT
07-29 15:12:11.571  2424  2785 D RxNet_LOG: OKHttp-------Access-Control-Allow-Origin: *
07-29 15:12:11.571  2424  2737 D RxNet_LOG: OKHttp-------Access-Control-Allow-Origin: *
07-29 15:12:11.571  2424  2785 D RxNet_LOG: OKHttp-------Cache-Control: 
07-29 15:12:11.571  2424  2737 D RxNet_LOG: OKHttp-------Cache-Control: 
07-29 15:12:11.571  2424  2581 D RxNet_LOG: OKHttp-------Content-Type: application/json;charset=UTF-8
07-29 15:12:11.571  2424  2581 D RxNet_LOG: OKHttp-------Transfer-Encoding: chunked
07-29 15:12:11.571  2424  2581 D RxNet_LOG: OKHttp-------Connection: keep-alive
07-29 15:12:11.572  2424  2581 D RxNet_LOG: OKHttp-------Access-Control-Allow-Origin: *
07-29 15:12:11.572  2424  2581 D RxNet_LOG: OKHttp-------Cache-Control: 
07-29 15:12:11.573  2424  2737 D RxNet_LOG: OKHttp-------
07-29 15:12:11.573  2424  2785 D RxNet_LOG: OKHttp-------
07-29 15:12:11.573  2424  2785 D RxNet_LOG: OKHttp-------{"code":200,"message":"success","data":{"likeCount":0,"worksCount":0},"timestamp":1564384332119}
07-29 15:12:11.573  2424  2784 D RxNet_LOG: OKHttp-------<-- 200 http://beta.siyuyuyin.com/user/get?uid=90292718&os=android&app=siyu&model=EML-AL00&channel=official&deviceId=00000000-113c-fe85-0000-00005f462fc5&appVersion=1.0.3&osVersion=9&netType=2&ispType=4&pub_timestamp=1564384331491&pub_sign=6A245417E37067CC8B2D867ECA98D609 (80ms)
07-29 15:12:11.573  2424  2785 D RxNet_LOG: OKHttp-------<-- END HTTP (96-byte body)
07-29 15:12:11.573  2424  2784 D RxNet_LOG: OKHttp-------Server: nginx/1.10.3
07-29 15:12:11.573  2424  2784 D RxNet_LOG: OKHttp-------Date: Mon, 29 Jul 2019 07:12:12 GMT
07-29 15:12:11.574  2424  2784 D RxNet_LOG: OKHttp-------Content-Type: application/json;charset=UTF-8
07-29 15:12:11.574  2424  2737 D RxNet_LOG: OKHttp-------{"code":200,"message":"success","data":[{"id":0,"name":"","pic":"https://img.erbanyy.com/default_car.png","using":1},{"id":62,"name":"","pic":"http://img.siyuyuyin.com/FqD74C8zJbhVMtKxN2K0nD2BdBmg?imageslim","effect":"http://img.siyuyuyin.com/FkW0_NIIRhZNOJGeSrHu40q9U8at?imageslim","price":888,"renewPrice":588,"using":0,"isGive":false,"status":3,"updateTime":1564042493000,"expireTime":1565366397000,"expireDate":11,"days":15}],"timestamp":1564384332114}
07-29 15:12:11.574  2424  2784 D RxNet_LOG: OKHttp-------Transfer-Encoding: chunked
07-29 15:12:11.574  2424  2424 D EventBus: No subscribers registered for event class com.yizhuan.xchat_android_core.user.event.OtherUserInfoEvent
07-29 15:12:11.574  2424  2424 D EventBus: No subscribers registered for event class org.greenrobot.eventbus.NoSubscriberEvent
07-29 15:12:11.574  2424  2737 D RxNet_LOG: OKHttp-------<-- END HTTP (480-byte body)
07-29 15:12:11.574  2424  2784 D RxNet_LOG: OKHttp-------Connection: keep-alive
07-29 15:12:11.574  2424  2784 D RxNet_LOG: OKHttp-------Access-Control-Allow-Origin: *
07-29 15:12:11.575  2424  2784 D RxNet_LOG: OKHttp-------Cache-Control: 
07-29 15:12:11.578  2424  2424 W System.err: io.reactivex.exceptions.OnErrorNotImplementedException: 
07-29 15:12:11.578  2424  2424 W System.err: 	at io.reactivex.internal.functions.Functions$OnErrorMissingConsumer.accept(Functions.java:704)
07-29 15:12:11.578  2424  2424 W System.err: 	at io.reactivex.internal.functions.Functions$OnErrorMissingConsumer.accept(Functions.java:701)
07-29 15:12:11.578  2424  2424 W System.err: 	at io.reactivex.internal.observers.ConsumerSingleObserver.onError(ConsumerSingleObserver.java:47)
07-29 15:12:11.578  2424  2424 W System.err: 	at io.reactivex.internal.operators.single.SingleCreate$Emitter.tryOnError(SingleCreate.java:95)
07-29 15:12:11.578  2424  2424 W System.err: 	at io.reactivex.internal.operators.single.SingleCreate$Emitter.onError(SingleCreate.java:81)
07-29 15:12:11.578  2424  2424 W System.err: 	at com.yizhuan.cutesound.user.presenter.PersonalHomepagePresenter$4.subscribe(PersonalHomepagePresenter.java:137)
07-29 15:12:11.578  2424  2424 W System.err: 	at io.reactivex.internal.operators.single.SingleCreate.subscribeActual(SingleCreate.java:39)
07-29 15:12:11.578  2424  2424 W System.err: 	at io.reactivex.Single.subscribe(Single.java:2801)
07-29 15:12:11.578  2424  2424 W System.err: 	at io.reactivex.Single.subscribe(Single.java:2787)
07-29 15:12:11.578  2424  2424 W System.err: 	at io.reactivex.Single.subscribe(Single.java:2708)
07-29 15:12:11.578  2424  2424 W System.err: 	at com.yizhuan.cutesound.user.presenter.PersonalHomepagePresenter$1.onSuccess(PersonalHomepagePresenter.java:63)
07-29 15:12:11.578  2424  2424 W System.err: 	at com.yizhuan.cutesound.user.presenter.PersonalHomepagePresenter$1.onSuccess(PersonalHomepagePresenter.java:46)
07-29 15:12:11.578  2424  2424 W System.err: 	at io.reactivex.internal.operators.single.SingleTakeUntil$TakeUntilMainObserver.onSuccess(SingleTakeUntil.java:92)
07-29 15:12:11.578  2424  2424 W System.err: 	at io.reactivex.internal.operators.single.SingleFlatMap$SingleFlatMapCallback$FlatMapSingleObserver.onSuccess(SingleFlatMap.java:111)
07-29 15:12:11.578  2424  2424 W System.err: 	at io.reactivex.internal.operators.single.SingleJust.subscribeActual(SingleJust.java:30)
07-29 15:12:11.578  2424  2424 W System.err: 	at io.reactivex.Single.subscribe(Single.java:2801)
07-29 15:12:11.578  2424  2424 W System.err: 	at io.reactivex.internal.operators.single.SingleFlatMap$SingleFlatMapCallback.onSuccess(SingleFlatMap.java:84)
07-29 15:12:11.578  2424  2424 W System.err: 	at io.reactivex.internal.operators.single.SingleObserveOn$ObserveOnSingleObserver.run(SingleObserveOn.java:81)
07-29 15:12:11.578  2424  2424 W System.err: 	at io.reactivex.android.schedulers.HandlerScheduler$ScheduledRunnable.run(HandlerScheduler.java:109)
07-29 15:12:11.578  2424  2424 W System.err: 	at android.os.Handler.handleCallback(Handler.java:891)
07-29 15:12:11.578  2424  2424 W System.err: 	at android.os.Handler.dispatchMessage(Handler.java:102)
07-29 15:12:11.578  2424  2424 W System.err: 	at android.os.Looper.loop(Looper.java:207)
07-29 15:12:11.579  2424  2424 W System.err: 	at android.app.ActivityThread.main(ActivityThread.java:7470)
07-29 15:12:11.579  2424  2424 W System.err: 	at java.lang.reflect.Method.invoke(Native Method)
07-29 15:12:11.579  2424  2424 W System.err: 	at com.android.internal.os.RuntimeInit$MethodAndArgsCaller.run(RuntimeInit.java:524)
07-29 15:12:11.579  2424  2424 W System.err: 	at com.android.internal.os.ZygoteInit.main(ZygoteInit.java:958)
07-29 15:12:11.579  2424  2424 W System.err: Caused by: java.lang.Throwable: 
07-29 15:12:11.579  2424  2424 W System.err: 	... 21 more
07-29 15:12:11.580  2424  2424 E XChatApplication: the subscribe() method default error handler
07-29 15:12:11.580  2424  2424 E XChatApplication: io.reactivex.exceptions.OnErrorNotImplementedException: 
07-29 15:12:11.580  2424  2424 E XChatApplication: 	at io.reactivex.internal.functions.Functions$OnErrorMissingConsumer.accept(Functions.java:704)
07-29 15:12:11.580  2424  2424 E XChatApplication: 	at io.reactivex.internal.functions.Functions$OnErrorMissingConsumer.accept(Functions.java:701)
07-29 15:12:11.580  2424  2424 E XChatApplication: 	at io.reactivex.internal.observers.ConsumerSingleObserver.onError(ConsumerSingleObserver.java:47)
07-29 15:12:11.580  2424  2424 E XChatApplication: 	at io.reactivex.internal.operators.single.SingleCreate$Emitter.tryOnError(SingleCreate.java:95)
07-29 15:12:11.580  2424  2424 E XChatApplication: 	at io.reactivex.internal.operators.single.SingleCreate$Emitter.onError(SingleCreate.java:81)
07-29 15:12:11.580  2424  2424 E XChatApplication: 	at com.yizhuan.cutesound.user.presenter.PersonalHomepagePresenter$4.subscribe(PersonalHomepagePresenter.java:137)
07-29 15:12:11.580  2424  2424 E XChatApplication: 	at io.reactivex.internal.operators.single.SingleCreate.subscribeActual(SingleCreate.java:39)
07-29 15:12:11.580  2424  2424 E XChatApplication: 	at io.reactivex.Single.subscribe(Single.java:2801)
07-29 15:12:11.580  2424  2424 E XChatApplication: 	at io.reactivex.Single.subscribe(Single.java:2787)
07-29 15:12:11.580  2424  2424 E XChatApplication: 	at io.reactivex.Single.subscribe(Single.java:2708)
07-29 15:12:11.580  2424  2424 E XChatApplication: 	at com.yizhuan.cutesound.user.presenter.PersonalHomepagePresenter$1.onSuccess(PersonalHomepagePresenter.java:63)
07-29 15:12:11.580  2424  2424 E XChatApplication: 	at com.yizhuan.cutesound.user.presenter.PersonalHomepagePresenter$1.onSuccess(PersonalHomepagePresenter.java:46)
07-29 15:12:11.580  2424  2424 E XChatApplication: 	at io.reactivex.internal.operators.single.SingleTakeUntil$TakeUntilMainObserver.onSuccess(SingleTakeUntil.java:92)
07-29 15:12:11.580  2424  2424 E XChatApplication: 	at io.reactivex.internal.operators.single.SingleFlatMap$SingleFlatMapCallback$FlatMapSingleObserver.onSuccess(SingleFlatMap.java:111)
07-29 15:12:11.580  2424  2424 E XChatApplication: 	at io.reactivex.internal.operators.single.SingleJust.subscribeActual(SingleJust.java:30)
07-29 15:12:11.580  2424  2424 E XChatApplication: 	at io.reactivex.Single.subscribe(Single.java:2801)
07-29 15:12:11.580  2424  2424 E XChatApplication: 	at io.reactivex.internal.operators.single.SingleFlatMap$SingleFlatMapCallback.onSuccess(SingleFlatMap.java:84)
07-29 15:12:11.580  2424  2424 E XChatApplication: 	at io.reactivex.internal.operators.single.SingleObserveOn$ObserveOnSingleObserver.run(SingleObserveOn.java:81)
07-29 15:12:11.580  2424  2424 E XChatApplication: 	at io.reactivex.android.schedulers.HandlerScheduler$ScheduledRunnable.run(HandlerScheduler.java:109)
07-29 15:12:11.580  2424  2424 E XChatApplication: 	at android.os.Handler.handleCallback(Handler.java:891)
07-29 15:12:11.580  2424  2424 E XChatApplication: 	at android.os.Handler.dispatchMessage(Handler.java:102)
07-29 15:12:11.580  2424  2424 E XChatApplication: 	at android.os.Looper.loop(Looper.java:207)
07-29 15:12:11.580  2424  2424 E XChatApplication: 	at android.app.ActivityThread.main(ActivityThread.java:7470)
07-29 15:12:11.580  2424  2424 E XChatApplication: 	at java.lang.reflect.Method.invoke(Native Method)
07-29 15:12:11.580  2424  2424 E XChatApplication: 	at com.android.internal.os.RuntimeInit$MethodAndArgsCaller.run(RuntimeInit.java:524)
07-29 15:12:11.580  2424  2424 E XChatApplication: 	at com.android.internal.os.ZygoteInit.main(ZygoteInit.java:958)
07-29 15:12:11.580  2424  2424 E XChatApplication: Caused by: java.lang.Throwable: 
07-29 15:12:11.580  2424  2424 E XChatApplication: 	... 21 more
07-29 15:12:11.582  2424  2786 D RxNet_LOG: OKHttp---------> GET http://beta.siyuyuyin.com/room/get?uid=90292718
07-29 15:12:11.582  2424  2786 D RxNet_LOG: OKHttp---------> END GET
07-29 15:12:11.586  1695  1695 D StatusBarIconController: setIconVisibility icon is null or visibility not change visibility=false
07-29 15:12:11.586  2424  2581 D RxNet_LOG: OKHttp-------
07-29 15:12:11.586  2424  2581 D RxNet_LOG: OKHttp-------{"code":200,"message":"success","data":[{"uid":90292718,"giftId":1446,"giftName":"","picUrl":"https://img.siyuyuyin.com/FpeFGNCagft6PybqySiVSoTbuKjW?imageslim","reciveCount":1},{"uid":90292718,"giftId":1426,"giftName":"","picUrl":"http://img.siyuyuyin.com/FnZKCRoeAw9Th2VWIkSB_coT_9eF?imageslim","reciveCount":7},{"uid":90292718,"giftId":1429,"giftName":"","picUrl":"http://img.siyuyuyin.com/FjxiFAq64zrupJ8oSqF80WwaGQh9?imageslim","reciveCount":1},{"uid":90292718,"giftId":1420,"giftName":"","picUrl":"http://img.siyuyuyin.com/Fj3vUPbnM4cPCyEZRJCH23OnR_HK?imageslim","reciveCount":124},{"uid":90292718,"giftId":1409,"giftName":"","picUrl":"http://img.siyuyuyin.com/FmlUetBSpAYUy233AHN9gJVIxGnn?imageslim","reciveCount":3},{"uid":90292718,"giftId":1412,"giftName":"","picUrl":"http://img.siyuyuyin.com/FgGmAPs9p5x3j6Z9dPloSchpjddw?imageslim","reciveCount":1},{"uid":90292718,"giftId":1447,"giftName":"","picUrl":"https://img.siyuyuyin.com/FkM8nM4MHL8NNRfk7AojV_0PQUgw?imageslim","reciveCount":3},{"uid":90292718,"giftId":1405,"giftName":"","picUrl":"http://img.siyuyuyin.com/FhbnIzGfak_LWHTk6ztPUSMhl2Qx?imageslim","reciveCount":2},{"uid":90292718,"giftId":1410,"giftName":"","picUrl":"http://img.siyuyuyin.com/FnILwvry78Gh1FCcB-omnEVTpfQG?imageslim","reciveCount":1},{"uid":90292718,"giftId":1451,"giftName":"test1","picUrl":"https://img.siyuyuyin.com/FozcBqis9m1WbTPURUbC5IRTmJkL?imageslim","reciveCount":24},{"uid":90292718,"giftId":1417,"giftName":"","picUrl":"http://img.siyuyuyin.com/FoKcSS4U_R1TYlvCkNiHtMjnjIO6?imageslim","reciveCount":17},{"uid":90292718,"giftId":1431,"giftName":"","picUrl":"http://img.siyuyuyin.com/FiSx_J2B7nnvXZVrMnXihZpm3XC8?imageslim","reciveCount":7}],"timestamp":1564384332101}
07-29 15:12:11.586  1695  1695 D StatusBarIconController: setIconVisibility icon is null or visibility not change visibility=false
07-29 15:12:11.586  2424  2581 D RxNet_LOG: OKHttp-------<-- END HTTP (1807-byte body)
07-29 15:12:11.587  1695  1695 D StatusBarIconController: setIconVisibility icon is null or visibility not change visibility=false
07-29 15:12:11.595  2424  2784 D RxNet_LOG: OKHttp-------
07-29 15:12:11.595  2424  2784 D RxNet_LOG: OKHttp-------{"code":200,"message":"success","data":{"uid":90292718,"erbanNo":9209640,"phone":"132****9780","birth":757353600000,"nick":"f","defUser":1,"gender":1,"avatar":"https://img.siyuyuyin.com/FpuNUsvl9nX8Dlqo-KVeQhfceQmw?imageslim","userDesc":"X","followNum":4,"fansNum":3,"hasPrettyErbanNo":true,"hasRegPacket":false,"userLevelVo":{"experAmount":9678,"charmAmount":488301,"experUrl":"https://img.letusmix.com/ul_5.png","charmUrl":"https://img.letusmix.com/new_ml_24.png","experLevelName":"5","charmLevelName":"LV5","experLevelGrp":"","charmLevelGrp":"","experLevelSeq":5,"charmLevelSeq":24},"userRankList":[{"uid":90293595,"erbanNo":6909041,"nick":"","avatar":"https://img.siyuyuyin.com/FvnkF9wXsy8Gs1vibMT9BlBKECuz?imageslim","gender":1,"experSeq":14,"experUrl":"https://img.letusmix.com/ul_14.png","charmSeq":44,"charmUrl":"https://img.letusmix.com/new_ml_44.png","goldAmount":482139,"ranking":1,"rankingType":"total"}],"isBindPhone":true,"isBindPasswd":true,"isBindPaymentPwd":true,"isBindAlipay":true,"isCertified":false,"bindType":3,"newUser":false,"likedCount":0,"privatePhoto":[{"pid":359,"photoUrl":"https://img.siyuyuyin.com/Screenshot_20190708_183129_com.wujie.siyu.jpg?imageslim","seqNo":1,"createTime":1563420562000}]},"timestamp":1564384332091}
07-29 15:12:11.595  2424  2784 D RxNet_LOG: OKHttp-------<-- END HTTP (1276-byte body)
07-29 15:12:11.603  2424  2473 I [ui]room: 1057/on connect completed, state=CONNECTED
07-29 15:12:11.605  2424  2473 I [ui]room: 929/on chat room link CONNECTED, room id=111610568
07-29 15:12:11.607  2424  2424 D EventBus: No subscribers registered for event class com.yizhuan.xchat_android_core.user.event.OtherUserInfoEvent
07-29 15:12:11.607  2424  2473 I [ui]room: 929/chat room 111610568 status changed to LOGINING
07-29 15:12:11.607  2424  2424 D EventBus: No subscribers registered for event class org.greenrobot.eventbus.NoSubscriberEvent
07-29 15:12:11.608  2424  2473 I [ui]InvocationMgr: 929/on notify: Transaction: [id: 159,  method: ChatRoomServiceObserver/observeOnlineStatus]
07-29 15:12:11.611  2424  2473 I [ui]core: 929/deviceId = e2d2828b-31c3-433d-9c46-27db2d7a1282
07-29 15:12:11.612  2424  2473 I [ui]core: 929/deviceId = e2d2828b-31c3-433d-9c46-27db2d7a1282
07-29 15:12:11.614  2424  2473 I [ui]room: 929/send enter room request, set timeout=30000, room id=111610568
07-29 15:12:11.616  2424  2473 I [ui]room_packet: 1057/send PacketHeader [SID 1 , CID 1 , SER 0 , RES 200 , TAG 0 , LEN 649]
07-29 15:12:11.637  2424  2424 W RxCachedThreadS: type=1400 audit(0.0:57805): avc: granted { create } for name="8bc33b511443bdb196ed3471b3d40f3d.0.tmp" scontext=u:r:untrusted_app_27:s0:c512,c768 tcontext=u:object_r:sdcardfs:s0:c512,c768 tclass=file
07-29 15:12:11.641  2424  2424 W RxCachedThreadS: type=1400 audit(0.0:57806): avc: granted { create } for name="8bc33b511443bdb196ed3471b3d40f3d.1.tmp" scontext=u:r:untrusted_app_27:s0:c512,c768 tcontext=u:object_r:sdcardfs:s0:c512,c768 tclass=file
07-29 15:12:11.650  2424  2786 D RxNet_LOG: OKHttp-------<-- 200 http://beta.siyuyuyin.com/room/get?uid=90292718&os=android&app=siyu&model=EML-AL00&channel=official&deviceId=00000000-113c-fe85-0000-00005f462fc5&appVersion=1.0.3&osVersion=9&netType=2&ispType=4&pub_timestamp=1564384331583&pub_sign=759269CDF34116C0C20A25AFBBB0E887 (67ms)
07-29 15:12:11.650  2424  2786 D RxNet_LOG: OKHttp-------Server: nginx/1.10.3
07-29 15:12:11.650  2424  2786 D RxNet_LOG: OKHttp-------Date: Mon, 29 Jul 2019 07:12:12 GMT
07-29 15:12:11.651  2424  2786 D RxNet_LOG: OKHttp-------Content-Type: application/json;charset=UTF-8
07-29 15:12:11.651  2424  2786 D RxNet_LOG: OKHttp-------Transfer-Encoding: chunked
07-29 15:12:11.651  2424  2786 D RxNet_LOG: OKHttp-------Connection: keep-alive
07-29 15:12:11.651  2424  2786 D RxNet_LOG: OKHttp-------Access-Control-Allow-Origin: *
07-29 15:12:11.651  2424  2786 D RxNet_LOG: OKHttp-------Cache-Control: 
07-29 15:12:11.652  1083  1598 I chatty  : uid=1000(system) WiFiArpStateMac expire 2 lines
07-29 15:12:11.654  2424  2473 V [ui]core: 1057/received packetSize: 8, readableBytes: 4
07-29 15:12:11.655  2424  2473 I [ui]room_packet: 1057/received PacketHeader [SID 1 , CID 1 , SER 0 , RES 200 , TAG 2 , LEN 7]
07-29 15:12:11.664  2424  2786 D RxNet_LOG: OKHttp-------
07-29 15:12:11.664  2424  2786 D RxNet_LOG: OKHttp-------{"code":200,"message":"success","data":{"uid":90292718,"officeUser":1,"roomId":113940853,"title":"****","type":3,"meetingName":"d742baa9eb2e412588c7eaa3cc071452","valid":true,"operatorStatus":1,"avatar":"https://img.siyuyuyin.com/FjXwnIDWoaIzPzrQeYP3jQMpv-A0?imageslim","roomDesc":"","backPic":"","openTime":1564367466000,"onlineNum":100,"abChannelType":1,"roomPwd":"","roomTag":"","calcSumDataIndex":0,"tagId":8,"tagPict":"https://img.paopaoyuyin.com/tagPict_zhenxinhua.png","recomSeq":0,"isPermitRoom":1,"isRecom":0,"count":0,"hasAnimationEffect":true,"audioQuality":1,"isCloseScreen":false,"hasWholeMicroGift":false,"showGiftValue":true,"leaveMode":false,"isExceptionClose":false,"exceptionClose":false},"timestamp":1564384332174}
07-29 15:12:11.664  2424  2786 D RxNet_LOG: OKHttp-------<-- END HTTP (751-byte body)
07-29 15:12:11.687  2424  2473 V [ui]core: 1057/received packetSize: 854, readableBytes: 850
07-29 15:12:11.689  2424  2473 I [ui]room_packet: 1057/received PacketHeader [SID 13 , CID 2 , SER 10 , RES 200 , TAG 3 , LEN 852]
07-29 15:12:11.692  2424  2473 V [ui]core: 929/handle packet: PacketHeader [SID 13 , CID 2 , SER 10 , RES 200 , TAG 2 , LEN 852]
07-29 15:12:11.692  2424  2473 I [ui]ui  : 929/handler response PacketHeader [SID 13 , CID 2 , SER 10 , RES 200 , TAG 2 , LEN 852]
07-29 15:12:11.693  2424  2473 I [ui]room: 929/on enter chat room response, resCode=200, room id=111610568
07-29 15:12:11.695  2424  2473 I [ui]room: 929/on save enter room error code, roomId=111610568, code=200
07-29 15:12:11.697  2424  2473 I [ui]room: 929/reply enter room result, room id=111610568, code=200
07-29 15:12:11.698  2424  2473 I [ui]InvocationMgr: 929/execution result: Transaction: [id: 157,  method: ChatRoomService/enterChatRoomEx, result: 200]
07-29 15:12:11.700  2424  2473 I [ui]room: 929/chat room 111610568 status changed to LOGINED
07-29 15:12:11.702  2424  2473 I [ui]InvocationMgr: 929/on notify: Transaction: [id: 160,  method: ChatRoomServiceObserver/observeOnlineStatus]
07-29 15:12:11.703  2424  2473 I [ui]TransExec: 828/execute Transaction: [id: 161,  method: ChatRoomService/pullMessageHistoryExType]
07-29 15:12:11.706  2424  2473 I [ui]room_packet: 1057/send PacketHeader [SID 13 , CID 9 , SER 11 , RES 200 , TAG 0 , LEN 35]
07-29 15:12:11.741  2424  2473 I [ui]TransExec: 828/execute Transaction: [id: 162,  method: MsgService/queryRecentContacts]
07-29 15:12:11.743  2424  2475 I CustomAttachParser: [CustomAttachParser]{"first":38,"second":383,"data":{"msg":"http://beta.siyuyuyin.com/activity/double12/index.html","createTime":1564381895240,"routerType":2,"title":"222","routerValue":"http://beta.siyuyuyin.com/activity/double12/index.html"}}(P:2424)(T:828)at (CustomAttachParser.java:74)
07-29 15:12:11.746  2424  2473 I [ui]InvocationMgr: 828/execution result: Transaction: [id: 162,  method: MsgService/queryRecentContacts, result: 200]
07-29 15:12:11.782  2129  3187 D UIAutomatorStub: URI: /jsonrpc/0, Method: POST, params, {NanoHttpd.QUERY_STRING=null}, files: {postData={"jsonrpc":"2.0","id":1564384331,"method":"dumpWindowHierarchy","params":[false]}}
07-29 15:12:11.786  1083  1095 I [SPMN]  : insert SECURE -- name = accessibility_enabled, package = android, user = 0, value = 1
07-29 15:12:11.787  2129  3187 W QueryController: Could not detect idle state.
07-29 15:12:11.788  2129  3187 W QueryController: Could not detect idle state.
07-29 15:12:11.788  2129  3187 W AccessibilityInteractionClient: old interaction Id is: -1,current interaction Id is:0
07-29 15:12:11.788  1083  1083 I chatty  : uid=1000 system_server expire 1 line
07-29 15:12:11.790  1695  1695 D NavigationBar: SettingNotFoundException
07-29 15:12:11.790  1695  1695 D NavigationBar: android.provider.Settings$SettingNotFoundException: accessibility_display_magnification_navbar_enabled
07-29 15:12:11.790  1695  1695 D NavigationBar: 	at android.provider.Settings$Secure.getIntForUser(Settings.java:5435)
07-29 15:12:11.790  1695  1695 D NavigationBar: 	at com.android.systemui.statusbar.phone.NavigationBarFragment.updateAccessibilityServicesState(NavigationBarFragment.java:890)
07-29 15:12:11.790  1695  1695 D NavigationBar: 	at com.android.systemui.statusbar.phone.NavigationBarFragment.lambda$dxES00kAyC8r2RmY9FwTYgUhoj8(Unknown Source:0)
07-29 15:12:11.790  1695  1695 D NavigationBar: 	at com.android.systemui.statusbar.phone.-$$Lambda$NavigationBarFragment$dxES00kAyC8r2RmY9FwTYgUhoj8.onAccessibilityServicesStateChanged(Unknown Source:2)
07-29 15:12:11.790  1695  1695 D NavigationBar: 	at android.view.accessibility.AccessibilityManager$1.lambda$notifyServicesStateChanged$0(AccessibilityManager.java:304)
07-29 15:12:11.790  1695  1695 D NavigationBar: 	at android.view.accessibility.-$$Lambda$AccessibilityManager$1$o7fCplskH9NlBwJvkl6NoZ0L_BA.run(Unknown Source:4)
07-29 15:12:11.790  1695  1695 D NavigationBar: 	at android.os.Handler.handleCallback(Handler.java:891)
07-29 15:12:11.790  1695  1695 D NavigationBar: 	at android.os.Handler.dispatchMessage(Handler.java:102)
07-29 15:12:11.790  1695  1695 D NavigationBar: 	at android.os.Looper.loop(Looper.java:207)
07-29 15:12:11.790  1695  1695 D NavigationBar: 	at android.app.ActivityThread.main(ActivityThread.java:7470)
07-29 15:12:11.790  1695  1695 D NavigationBar: 	at java.lang.reflect.Method.invoke(Native Method)
07-29 15:12:11.790  1695  1695 D NavigationBar: 	at com.android.internal.os.RuntimeInit$MethodAndArgsCaller.run(RuntimeInit.java:524)
07-29 15:12:11.790  1695  1695 D NavigationBar: 	at com.android.internal.os.ZygoteInit.main(ZygoteInit.java:958)
07-29 15:12:11.791  1695  1825 E StatusBar: Setting not found exception : accessibility_display_magnification_navbar_enabled
07-29 15:12:11.792  2424  2473 V [ui]core: 1057/received packetSize: 436, readableBytes: 432
07-29 15:12:11.797  2424  2473 I [ui]room_packet: 1057/received PacketHeader [SID 4 , CID 10 , SER 0 , RES 200 , TAG 0 , LEN 434]
07-29 15:12:11.797  2129  3187 W AccessibilityInteractionClient: old interaction Id is: -1,current interaction Id is:1
07-29 15:12:11.800  2424  2473 I [ui]room_packet: 929/embedded packet: PacketHeader [SID 13 , CID 7 , SER 1 , RES 200 , TAG 0 , LEN 0]
07-29 15:12:11.802  2424  2473 V [ui]core: 929/handle packet: PacketHeader [SID 13 , CID 7 , SER 1 , RES 200 , TAG 0 , LEN 0]
07-29 15:12:11.803  2424  2473 I [ui]ui  : 929/handler response PacketHeader [SID 13 , CID 7 , SER 1 , RES 200 , TAG 0 , LEN 0]
07-29 15:12:11.803  2424  2424 I System.out: publicChatHallId: 111610568, sessionId: 111610568
07-29 15:12:11.805  2424  2473 V [ui]core: 929/handle packet: PacketHeader [SID 4 , CID 10 , SER 0 , RES 200 , TAG 0 , LEN 434]
07-29 15:12:11.805  2424  2473 I [ui]room: 932/notify received room messages: [a73126ab-97de-44e9-9cd0-cc3369247f69 ]
07-29 15:12:11.808  2424  2473 I [ui]ui  : 929/handler response PacketHeader [SID 4 , CID 10 , SER 0 , RES 200 , TAG 0 , LEN 434]
07-29 15:12:11.811  2424  2473 I [ui]InvocationMgr: 932/on notify: Transaction: [id: 163,  method: ChatRoomServiceObserver/observeReceiveMessage]
07-29 15:12:11.818  2129  3187 W AccessibilityInteractionClient: old interaction Id is: -1,current interaction Id is:2
07-29 15:12:11.826  2129  3187 W AccessibilityInteractionClient: old interaction Id is: -1,current interaction Id is:3
07-29 15:12:11.829  2129  3187 W AccessibilityInteractionClient: old interaction Id is: -1,current interaction Id is:4
07-29 15:12:11.831  2129  3187 W AccessibilityInteractionClient: old interaction Id is: -1,current interaction Id is:5
07-29 15:12:11.833  2129  3187 W AccessibilityInteractionClient: old interaction Id is: -1,current interaction Id is:6
07-29 15:12:11.842  2129  3187 I AccessibilityNodeInfoDumper: Skipping invisible child: android.view.accessibility.AccessibilityNodeInfo@143af; boundsInParent: Rect(0, 0 - 0, 85); boundsInScreen: Rect(42, 0 - 42, 85); packageName: com.android.systemui; className: android.widget.FrameLayout; text: null; error: null; maxTextLength: -1; contentDescription: null; tooltipText: null; viewIdResName: com.android.systemui:id/link_plus_view; checkable: false; checked: false; focusable: false; focused: false; selected: false; clickable: false; longClickable: false; contextClickable: false; enabled: true; password: false; scrollable: false; importantForAccessibility: false; visible: false; actions: [AccessibilityAction: ACTION_SELECT - null, AccessibilityAction: ACTION_CLEAR_SELECTION - null, AccessibilityAction: ACTION_ACCESSIBILITY_FOCUS - null, AccessibilityAction: ACTION_SHOW_ON_SCREEN - null]
07-29 15:12:11.843  2129  3187 I AccessibilityNodeInfoDumper: Skipping invisible child: android.view.accessibility.AccessibilityNodeInfo@18741; boundsInParent: Rect(0, 0 - 0, 0); boundsInScreen: Rect(122, 42 - 122, 42); packageName: com.android.systemui; className: android.widget.LinearLayout; text: null; error: null; maxTextLength: -1; contentDescription: null; tooltipText: null; viewIdResName: com.android.systemui:id/mobile_signal_group; checkable: false; checked: false; focusable: false; focused: false; selected: false; clickable: false; longClickable: false; contextClickable: false; enabled: true; password: false; scrollable: false; importantForAccessibility: false; visible: false; actions: [AccessibilityAction: ACTION_SELECT - null, AccessibilityAction: ACTION_CLEAR_SELECTION - null, AccessibilityAction: ACTION_ACCESSIBILITY_FOCUS - null, AccessibilityAction: ACTION_SHOW_ON_SCREEN - null]
07-29 15:12:11.843  2129  3187 I AccessibilityNodeInfoDumper: Skipping invisible child: android.view.accessibility.AccessibilityNodeInfo@18b02; boundsInParent: Rect(0, 0 - 0, 0); boundsInScreen: Rect(42, 42 - 42, 42); packageName: com.android.systemui; className: android.widget.FrameLayout; text: null; error: null; maxTextLength: -1; contentDescription: null; tooltipText: null; viewIdResName: null; checkable: false; checked: false; focusable: false; focused: false; selected: false; clickable: false; longClickable: false; contextClickable: false; enabled: true; password: false; scrollable: false; importantForAccessibility: false; visible: false; actions: [AccessibilityAction: ACTION_SELECT - null, AccessibilityAction: ACTION_CLEAR_SELECTION - null, AccessibilityAction: ACTION_ACCESSIBILITY_FOCUS - null, AccessibilityAction: ACTION_SHOW_ON_SCREEN - null]
07-29 15:12:11.844  2129  3187 I AccessibilityNodeInfoDumper: Skipping invisible child: android.view.accessibility.AccessibilityNodeInfo@112e2; boundsInParent: Rect(0, 0 - 44, 42); boundsInScreen: Rect(78, 21 - 122, 63); packageName: com.android.systemui; className: android.widget.ImageView; text: null; error: null; maxTextLength: -1; contentDescription: null; tooltipText: null; viewIdResName: com.android.systemui:id/wifi_signal_dark; checkable: false; checked: false; focusable: false; focused: false; selected: false; clickable: false; longClickable: false; contextClickable: false; enabled: true; password: false; scrollable: false; importantForAccessibility: false; visible: false; actions: [AccessibilityAction: ACTION_SELECT - null, AccessibilityAction: ACTION_CLEAR_SELECTION - null, AccessibilityAction: ACTION_ACCESSIBILITY_FOCUS - null, AccessibilityAction: ACTION_SHOW_ON_SCREEN - null]
07-29 15:12:11.844  2129  3187 I AccessibilityNodeInfoDumper: Skipping invisible child: android.view.accessibility.AccessibilityNodeInfo@1386c; boundsInParent: Rect(0, 0 - 0, 0); boundsInScreen: Rect(42, 42 - 42, 42); packageName: com.android.systemui; className: android.widget.LinearLayout; text: null; error: null; maxTextLength: -1; contentDescription: null; tooltipText: null; viewIdResName: com.android.systemui:id/operator_name_container; checkable: false; checked: false; focusable: false; focused: false; selected: false; clickable: false; longClickable: false; contextClickable: false; enabled: true; password: false; scrollable: false; importantForAccessibility: false; visible: false; actions: [AccessibilityAction: ACTION_SELECT - null, AccessibilityAction: ACTION_CLEAR_SELECTION - null, AccessibilityAction: ACTION_ACCESSIBILITY_FOCUS - null, AccessibilityAction: ACTION_SHOW_ON_SCREEN - null]
07-29 15:12:11.845  2129  3187 I AccessibilityNodeInfoDumper: Skipping invisible child: android.view.accessibility.AccessibilityNodeInfo@152b3; boundsInParent: Rect(0, 0 - 0, 85); boundsInScreen: Rect(122, 0 - 122, 85); packageName: com.android.systemui; className: android.widget.LinearLayout; text: null; error: null; maxTextLength: -1; contentDescription: null; tooltipText: null; viewIdResName: com.android.systemui:id/statusIcons_more; checkable: false; checked: false; focusable: false; focused: false; selected: false; clickable: false; longClickable: false; contextClickable: false; enabled: true; password: false; scrollable: false; importantForAccessibility: false; visible: false; actions: [AccessibilityAction: ACTION_SELECT - null, AccessibilityAction: ACTION_CLEAR_SELECTION - null, AccessibilityAction: ACTION_ACCESSIBILITY_FOCUS - null, AccessibilityAction: ACTION_SHOW_ON_SCREEN - null]
07-29 15:12:11.847  2129  3187 I AccessibilityNodeInfoDumper: Skipping invisible child: android.view.accessibility.AccessibilityNodeInfo@16cfa; boundsInParent: Rect(0, 0 - 0, 0); boundsInScreen: Rect(967, 43 - 967, 43); packageName: com.android.systemui; className: android.widget.FrameLayout; text: null; error: null; maxTextLength: -1; contentDescription: null; tooltipText: null; viewIdResName: null; checkable: false; checked: false; focusable: false; focused: false; selected: false; clickable: false; longClickable: false; contextClickable: false; enabled: true; password: false; scrollable: false; importantForAccessibility: false; visible: false; actions: [AccessibilityAction: ACTION_SELECT - null, AccessibilityAction: ACTION_CLEAR_SELECTION - null, AccessibilityAction: ACTION_ACCESSIBILITY_FOCUS - null, AccessibilityAction: ACTION_SHOW_ON_SCREEN - null]
07-29 15:12:11.857  2129  3187 I AccessibilityNodeInfoDumper: Skipping invisible child: android.view.accessibility.AccessibilityNodeInfo@135859; boundsInParent: Rect(0, 0 - 1080, 85); boundsInScreen: Rect(0, 0 - 1080, 85); packageName: com.wujie.siyu; className: android.view.View; text: null; error: null; maxTextLength: -1; contentDescription: null; tooltipText: null; viewIdResName: null; checkable: false; checked: false; focusable: false; focused: false; selected: false; clickable: false; longClickable: false; contextClickable: false; enabled: true; password: false; scrollable: false; importantForAccessibility: false; visible: false; actions: [AccessibilityAction: ACTION_SELECT - null, AccessibilityAction: ACTION_CLEAR_SELECTION - null, AccessibilityAction: ACTION_ACCESSIBILITY_FOCUS - null, AccessibilityAction: ACTION_SHOW_ON_SCREEN - null]
07-29 15:12:11.864  2424  2473 V [ui]core: 1057/received packetSize: 506, readableBytes: 502
07-29 15:12:11.868  2424  2473 I [ui]room_packet: 1057/received PacketHeader [SID 13 , CID 9 , SER 11 , RES 200 , TAG 3 , LEN 504]
07-29 15:12:11.872  2424  2473 V [ui]core: 929/handle packet: PacketHeader [SID 13 , CID 9 , SER 11 , RES 200 , TAG 2 , LEN 504]
07-29 15:12:11.873  2424  2473 I [ui]ui  : 929/handler response PacketHeader [SID 13 , CID 9 , SER 11 , RES 200 , TAG 2 , LEN 504]
07-29 15:12:11.878  2424  2424 D EventBus: No subscribers registered for event class com.yizhuan.xchat_android_core.public_chat_hall.event.PublicChatHallHistoryEvent
07-29 15:12:11.878  2424  2473 I [ui]InvocationMgr: 929/execution result: Transaction: [id: 161,  method: ChatRoomService/pullMessageHistoryExType, result: 200]
07-29 15:12:11.879  2424  2424 D EventBus: No subscribers registered for event class org.greenrobot.eventbus.NoSubscriberEvent
07-29 15:12:11.894  2129  3158 D UIAutomatorStub: URI: /jsonrpc/0, Method: POST, params, {NanoHttpd.QUERY_STRING=null}, files: {postData={"jsonrpc": "2.0", "id": "8dcc4012a1a1bcbe760429989a414281", "method": "click", "params": [655, 1011]}}
07-29 15:12:11.904  2129  3158 D InteractionController: clickNoSync (655, 1011)
07-29 15:12:11.907  1083  1169 I chatty  : uid=1000(system) android.ui expire 2 lines
07-29 15:12:11.937  2129  2144 W System  : A resource failed to call end. 
07-29 15:12:11.942  2129  2144 I chatty  : uid=10183(com.github.uiautomator) FinalizerDaemon identical 14 lines
07-29 15:12:11.942  2129  2144 W System  : A resource failed to call end. 
07-29 15:12:12.015  2424  2424 V AudioManager: playSoundEffect   effectType: 0
07-29 15:12:12.015  2424  2424 V AudioManager: querySoundEffectsEnabled...
07-29 15:12:12.021  1083  1095 I chatty  : uid=1000(system) Binder:1083_1 expire 3 lines
07-29 15:12:12.022  1083  1095 I ActivityManager: START u0 {cmp=com.wujie.siyu/com.yizhuan.cutesound.ui.login.ModifyInfoActivity (has extras)} from uid 10259
07-29 15:12:12.023  1083  1095 I ActivityManager: ActivityRecord info: ActivityInfo{12099e1 com.yizhuan.cutesound.ui.login.ModifyInfoActivity}
07-29 15:12:12.026  1083  1095 V WindowManager: addAppToken: AppWindowToken{f378992 token=Token{f2bf31d ActivityRecord{6ef2ff4 u0 com.wujie.siyu/com.yizhuan.cutesound.ui.login.ModifyInfoActivity t1393}}} controller={TaskWindowContainerController taskId=1393} at 2147483647
07-29 15:12:12.028   639   795 I chatty  : uid=1000(system) unnamed expire 3 lines
07-29 15:12:12.029  1908  3974 I PGServer: android calls fast hibernateApps
07-29 15:12:12.029  1908  3974 I AppFastHibernation: fast hibernate duration: 1500 reason: start activity
07-29 15:12:12.029   765   804 I Pged-IPgedBinderService: ****action is 1, pid num is 3***
07-29 15:12:12.029   765   804 I Pged-Freezer: freezePids
07-29 15:12:12.029   765   804 I Pged-Freezer: Freeze process: 31054
07-29 15:12:12.030   765   804 I Pged-Freezer: Freeze process: 32533
07-29 15:12:12.031  1908  2181 D PgedBinderAdapter: frz ok, pid: [31054, 32533]
07-29 15:12:12.033  2424  2424 I com.microquation.linkedme.android.LinkedME: onPaused UserInfoModifyActivity
07-29 15:12:12.033  2424  2424 D CrashReport: >>> com.yizhuan.cutesound.ui.user.UserInfoModifyActivity onPaused <<<
07-29 15:12:12.035  2129  2165 W AccessibilityInteractionClient: old interaction Id is: -1,current interaction Id is:26
07-29 15:12:12.035  2424  2424 D ZrHung.AppEyeUiProbe: stop checker.
07-29 15:12:12.035  2424  2473 I [ui]ui  : 1/ObserverManager remove MsgServiceObserve/observeBroadcastMessage
07-29 15:12:12.036  1083  1095 V ActivityManager: Making visible and scheduling visibility: ActivityRecord{6ef2ff4 u0 com.wujie.siyu/com.yizhuan.cutesound.ui.login.ModifyInfoActivity t1393}
07-29 15:12:12.037  1083  1095 D HwPhoneWindowManager: sensorRotation = 0 lastRotation:0
07-29 15:12:12.044  1083  1095 V WindowManager: Checking 1 opening apps (frozen=false timeout=false), Track: activitypause performsurface
07-29 15:12:12.045  1083  1095 V WindowManager: Check opening app=AppWindowToken{f378992 token=Token{f2bf31d ActivityRecord{6ef2ff4 u0 com.wujie.siyu/com.yizhuan.cutesound.ui.login.ModifyInfoActivity t1393}}}: allDrawn=false startingDisplayed=false startingMoved=false isRelaunching()=false startingWindow=null
07-29 15:12:12.046  1083  1162 W HwActivityManagerServiceEx: HwActivityNotifier end call android.app.IHwActivityNotifier$Stub$Proxy@2277345 for activityLifeState under user 0 cost 0
07-29 15:12:12.046  1083  1162 W HwActivityManagerServiceEx: HwActivityNotifier end call android.app.IHwActivityNotifier$Stub$Proxy@50ff195 for activityLifeState under user 0 cost 0
07-29 15:12:12.046  2424  2424 W ActivityThread: handleWindowVisibility: no activity for token android.os.BinderProxy@b45e70b
07-29 15:12:12.047  2424  2424 D ZrHung.AppEyeUiProbe: notify runnable to start.
07-29 15:12:12.047  2424  2424 V ActivityThread: Skipping new config:{1.0 ?mcc?mnc [zh_CN_#Hans] ldltr sw360dp w360dp h719dp 480dpi nrml long hdr port finger -keyb/v/h -nav/h winConfig={ mBounds=Rect(0, 0 - 0, 0) mAppBounds=Rect(0, 85 - 1080, 2244) mWindowingMode=fullscreen mActivityType=undefined} nonFullScreen=0 suim:1 s.8}, config:{1.0 ?mcc?mnc [zh_CN_#Hans] ldltr sw360dp w360dp h719dp 480dpi nrml long hdr port finger -keyb/v/h -nav/h winConfig={ mBounds=Rect(0, 0 - 0, 0) mAppBounds=Rect(0, 85 - 1080, 2244) mWindowingMode=fullscreen mActivityType=undefined} nonFullScreen=0 suim:1 s.8} for app:com.wujie.siyu
07-29 15:12:12.047  6131  6153 I AppLifeChangeSensor:  CAWARENESS: activityPaused componentName = ComponentInfo{com.wujie.siyu/com.yizhuan.cutesound.ui.user.UserInfoModifyActivity}
07-29 15:12:12.047  6131  6153 E AppLifeChangeSensor:  CAWARENESS: activityPaused mAppLifeChangeCallback is null 
07-29 15:12:12.051  2424  2424 V ActivityThread: callActivityOnCreate
07-29 15:12:12.054  2424  2424 I com.microquation.linkedme.android.LinkedME: onCreated ModifyInfoActivity  activityCnt_ = 1
07-29 15:12:12.054  2424  2424 D CrashReport: >>> com.yizhuan.cutesound.ui.login.ModifyInfoActivity onCreated <<<
07-29 15:12:12.057  2424  2424 D HiTouch_PressGestureDetector: HiTouch on notch display, height corret:85
07-29 15:12:12.060  2424  2424 I FLTAG_FM: loadFeature class:com.huawei.featurelayer.systemfeature.HwWidget.IHwSplineOverScrollerEx
07-29 15:12:12.060  2424  2424 I FLTAG_SFM: getRequireClassLoader() succ ! className: com.huawei.featurelayer.systemfeature.HwWidget.IHwSplineOverScrollerEx
07-29 15:12:12.060  2424  2424 D FeatureFactory: loadFeature() : com.huawei.featurelayer.systemfeature.HwWidget.IHwSplineOverScrollerEx
07-29 15:12:12.060  2424  2424 D FeatureFactory: loadFeature() new IHwSplineOverScrollerEx()
07-29 15:12:12.060  2424  2424 D HwSplineOverScrollerExImpl: initSplineOverScrollerImpl paras: android.widget.OverScroller$SplineOverScroller@2f0e00,com.yizhuan.cutesound.ui.login.ModifyInfoActivity@b7a7801
07-29 15:12:12.060  2424  2424 D HwSplineOverScrollerExImpl: initSplineOverScrollerImpl: mScrollerVelocity is 0, value is 0
07-29 15:12:12.060  2424  2424 I FLTAG_FM: loadFeature class:com.huawei.featurelayer.systemfeature.HwWidget.IHwSplineOverScrollerEx
07-29 15:12:12.060  2424  2424 I FLTAG_SFM: getRequireClassLoader() succ ! className: com.huawei.featurelayer.systemfeature.HwWidget.IHwSplineOverScrollerEx
07-29 15:12:12.060  2424  2424 D FeatureFactory: loadFeature() : com.huawei.featurelayer.systemfeature.HwWidget.IHwSplineOverScrollerEx
07-29 15:12:12.060  2424  2424 D FeatureFactory: loadFeature() new IHwSplineOverScrollerEx()
07-29 15:12:12.060  2424  2424 D HwSplineOverScrollerExImpl: initSplineOverScrollerImpl paras: android.widget.OverScroller$SplineOverScroller@5770a2c,com.yizhuan.cutesound.ui.login.ModifyInfoActivity@b7a7801
07-29 15:12:12.060  2424  2424 D HwSplineOverScrollerExImpl: initSplineOverScrollerImpl: mScrollerVelocity is 0, value is 0
07-29 15:12:12.062  2424  2424 W StatusBarUtil: [StatusBarUtil]msg: java.lang.ClassNotFoundException: Didn't find class "android.view.MiuiWindowManager$LayoutParams" on path: DexPathList[[zip file "/system/framework/org.apache.http.legacy.boot.jar", zip file "/data/app/com.wujie.siyu-ZdWOh5MLiTnYFn1bNjvceA==/base.apk"],nativeLibraryDirectories=[/data/app/com.wujie.siyu-ZdWOh5MLiTnYFn1bNjvceA==/lib/arm, /data/app/com.wujie.siyu-ZdWOh5MLiTnYFn1bNjvceA==/base.apk!/lib/armeabi-v7a, /system/lib, /product/lib]](P:2424)(T:Main)at (StatusBarUtil.java:198)
07-29 15:12:12.063  2424  2499 I ui      : 1/activity: ModifyInfoActivity onCreate()
07-29 15:12:12.083  2424  2424 D ActivityThread: add activity client record, r= ActivityRecord{41b10e2 token=android.os.BinderProxy@b45e70b {com.wujie.siyu/com.yizhuan.cutesound.ui.login.ModifyInfoActivity}} token= android.os.BinderProxy@b45e70b
07-29 15:12:12.085  2424  2424 I com.microquation.linkedme.android.LinkedME: onStarted ModifyInfoActivity  activityCnt_ = 1 getIntent() = Intent { cmp=com.wujie.siyu/com.yizhuan.cutesound.ui.login.ModifyInfoActivity (has extras) }
07-29 15:12:12.086  2424  2424 D ZrHung.AppEyeUiProbe: notify runnable to start.
07-29 15:12:12.086  2424  2424 I com.microquation.linkedme.android.LinkedME: onResumed ModifyInfoActivity,intent=null
07-29 15:12:12.087  2424  2424 D CrashReport: >>> com.yizhuan.cutesound.ui.login.ModifyInfoActivity onResumed <<<
07-29 15:12:12.090  2424  2473 I [ui]ui  : 1/ObserverManager add MsgServiceObserve/observeBroadcastMessage
07-29 15:12:12.093  2424  2596 D OpenGLRenderer:   HWUI Binary is  enabled
07-29 15:12:12.093  2424  2596 D OpenGLRenderer: disableOutlineDraw is true
07-29 15:12:12.094  2424  2424 D HwAppInnerBoostImpl: asyncReportData com.wujie.siyu,1,1,5,0 interval=1855
07-29 15:12:12.094   624   624 E uniperf server: uniPerfEvent doParse failed, cmdId=4402
07-29 15:12:12.094   624   624 D uniperf hal: do uniPerfEvent failed, cmdId=4402, ret=2
07-29 15:12:12.097  1083  6303 V WindowManager: addWindow: Window{cc95760 u0 com.wujie.siyu/com.yizhuan.cutesound.ui.login.ModifyInfoActivity}
07-29 15:12:12.099  1083  1095 D HwGameAssistantController: pid=2424, uid=10259, component=ComponentInfo{com.wujie.siyu/com.yizhuan.cutesound.ui.login.ModifyInfoActivity}
07-29 15:12:12.099  1083  1211 D HwGameAssistantController: UPDATE: mCurFgPkg=com.wujie.siyu, mCurFgPid=2424, mCurIsGame=false
07-29 15:12:12.099  1083  6912 I chatty  : uid=1000(system) HwAPPQoEActivit expire 3 lines
07-29 15:12:12.099  1083  1095 I chatty  : uid=1000(system) Binder:1083_1 expire 1 line
07-29 15:12:12.099  1083  6912 I chatty  : uid=1000(system) HwAPPQoEActivit expire 3 lines
07-29 15:12:12.099  1862  1883 I OPCollectLog: AppChangeImpl:pid: 2424 uid: 10259 pkg: com.wujie.siyu class: com.yizhuan.cutesound.ui.login.ModifyInfoActivity
07-29 15:12:12.099  1862  1883 E OPCollectLog: HwForegroundAppAction:duplicate pkgName.
07-29 15:12:12.099  1083  1095 I chatty  : uid=1000(system) Binder:1083_1 expire 4 lines
07-29 15:12:12.100  1083  1162 W HwActivityManagerServiceEx: HwActivityNotifier end call android.app.IHwActivityNotifier$Stub$Proxy@2277345 for activityLifeState under user 0 cost 0
07-29 15:12:12.100  1083  1162 W HwActivityManagerServiceEx: HwActivityNotifier end call android.app.IHwActivityNotifier$Stub$Proxy@50ff195 for activityLifeState under user 0 cost 0
07-29 15:12:12.100  6131  6153 I AppLifeChangeSensor:  CAWARENESS: activityResumed componentName = ComponentInfo{com.wujie.siyu/com.yizhuan.cutesound.ui.login.ModifyInfoActivity}
07-29 15:12:12.100  6131  6153 E AppLifeChangeSensor:  CAWARENESS: activityResumed mAppLifeChangeCallback is null 
07-29 15:12:12.101  2424  2596 D OpenGLRenderer:   HWUI Binary is  enabled
07-29 15:12:12.101  2424  2596 D OpenGLRenderer: disableOutlineDraw is true
07-29 15:12:12.106   639   639 I chatty  : uid=1000(system) /system/bin/surfaceflinger expire 449 lines
07-29 15:12:12.108  1083  6303 D PackageManager: resolve intent for uid:10259, matchs:3, res:ResolveInfo{e99a419 com.huawei.android.launcher/.unihome.UniHomeLauncher m=0x108000}
07-29 15:12:12.109  2424  3189 I HiTouch_HiTouchSensor: enabledInPad = false,isPcCastMode = false
07-29 15:12:12.115  1083  1095 V WindowManager: Checking 1 opening apps (frozen=false timeout=false), Track: relayout performsurface
