--------- beginning of system
07-12 14:07:12.150  1160  1217 W ProcessCpuTracker: Skipping unknown process pid 4617
07-12 14:07:12.206  1160  9320 I ActivityManager: Force stopping com.github.android_app_bootstrap appid=10188 user=0: from pid 4619by app
07-12 14:07:12.207  1160  9320 I ActivityManager: Killing 4114:com.github.android_app_bootstrap/u0a188 (adj 900): stop com.github.android_app_bootstrapfrom pid 4619by app
07-12 14:07:12.208  1160  9320 D ActivityManager: cleanUpApplicationRecord app: ProcessRecord{76a3ea0 4114:com.github.android_app_bootstrap/u0a188}, app.bad: false, restarting: false, allowRestart: true
07-12 14:07:12.216  1160  9320 I ActivityManager:   finishDisabledPackageActivitiesLocked Force finishing activity ActivityRecord{e661c86 u0 com.github.android_app_bootstrap/.activity.LoginActivity t357}
07-12 14:07:12.231  1160  1217 E HwActivityManagerServiceEx: invalid ActivityRecord, error.
07-12 14:07:12.231  1160  1217 E HwActivityManagerServiceEx: parse activity info error.
07-12 14:07:12.232  1160  1217 V WindowManager: removeAppToken: AppWindowToken{1b26574 token=Token{3cf2947 ActivityRecord{e661c86 u0 com.github.android_app_bootstrap/.activity.LoginActivity t357}}} delayed=false Callers=com.android.server.wm.DisplayContent.removeAppToken:1059 com.android.server.wm.AppWindowContainerController.removeContainer:301 com.android.server.am.ActivityRecord.removeWindowContainer:1152 com.android.server.am.ActivityStack.removeActivityFromHistoryLocked:4507 
07-12 14:07:12.232  1160  1217 V WindowManager: removeIfPossible: Window{b43f12f u0 com.github.android_app_bootstrap/com.github.android_app_bootstrap.activity.LoginActivity}
07-12 14:07:12.232  1848 17594 I BoosterSwitchP: notifyUidState do nothing
07-12 14:07:12.233  1848 17594 I DeepNoDisturbP: notifyUidState
07-12 14:07:12.233  1848 17594 I HidataAppQoeP: notifyUidState
07-12 14:07:12.233  1848 17594 I BrowserChrP: notifyUidState
07-12 14:07:12.233  1160  1217 V WindowManager: postWindowRemoveCleanupLocked: Window{b43f12f u0 com.github.android_app_bootstrap/com.github.android_app_bootstrap.activity.LoginActivity}
07-12 14:07:12.233  1160  1217 V WindowManager: Removing Window{b43f12f u0 com.github.android_app_bootstrap/com.github.android_app_bootstrap.activity.LoginActivity} from AppWindowToken{1b26574 token=Token{3cf2947 ActivityRecord{e661c86 u0 com.github.android_app_bootstrap/.activity.LoginActivity t357}}}
07-12 14:07:12.268  1848  1848 I HwCoreAppHelperService: LocalReceiver receives:android.intent.action.PACKAGE_RESTARTED,pkg:com.github.android_app_bootstrap,uid:10188
07-12 14:07:12.269  1160  1217 I ActivityManager: App 10112/com.jingdong.app.mall targets O+, restricted
07-12 14:07:12.269  1160  1217 W BroadcastQueue: Background execution not allowed: receiving Intent { act=android.intent.action.PACKAGE_RESTARTED dat=package:com.github.android_app_bootstrap flg=0x10 (has extras) } to com.jingdong.app.mall/.broadcastReceiver.AppStateRecevier
07-12 14:07:12.270  1160  1217 V BroadcastQueue: Finished with ordered broadcast BroadcastRecord{8ec6acc u0 android.intent.action.PACKAGE_RESTARTED}
07-12 14:07:12.282  1160  1160 V AlarmManager: UninstallReceiver onReceive action:android.intent.action.PACKAGE_RESTARTED
07-12 14:07:12.282  1160  1160 I AlarmManager: remove com.android.server.-$$Lambda$AlarmManagerService$qehVSjTLWvtJYPGgKh2mkJ6ePnk@afbd115 according to uid:10188
07-12 14:07:12.283  1160  1160 V NotificationListeners: enabling notification listener for 0: ComponentInfo{com.baidu.searchbox/com.baidu.searchbox.lockscreen.notification.NotificationMonitorService}
07-12 14:07:12.284  1160  1160 V NotificationListeners: binding: Intent { act=android.service.notification.NotificationListenerService cmp=com.baidu.searchbox/.lockscreen.notification.NotificationMonitorService (has extras) }
07-12 14:07:12.285  1160  1160 W NotificationListeners: Unable to bind notification listener service: Intent { act=android.service.notification.NotificationListenerService cmp=com.baidu.searchbox/.lockscreen.notification.NotificationMonitorService (has extras) }
07-12 14:07:12.286  1160  1160 W NotificationListeners: Not binding notification listener service ComponentInfo{com.achievo.vipshop/com.vips.weiaixingsdk.daemon.services.NotificationDaemonService}: service not found
07-12 14:07:12.286  1160  1160 V NotificationListeners: enabling notification listener for 0: ComponentInfo{com.huawei.android.launcher/com.android.launcher.notification.NotificationListener}
07-12 14:07:12.286  1160  2429 D AutofillSession: handling death of Token{3cf2947 ActivityRecord{e661c86 u0 com.github.android_app_bootstrap/.activity.LoginActivity t-1 f}} when saving=false
07-12 14:07:12.287  1160  1160 V NotificationListeners: binding: Intent { act=android.service.notification.NotificationListenerService cmp=com.huawei.android.launcher/com.android.launcher.notification.NotificationListener (has extras) }
07-12 14:07:12.292  1160  1245 W ActivityManager: setHasOverlayUi called on unknown pid: 4114
07-12 14:07:12.292  1160  1160 W NotificationListeners: Not binding notification listener service ComponentInfo{android/com.android.server.emcom.grabservice.NotificationListener}: service not found
07-12 14:07:12.292  1160  1160 W NotificationAssistants: rebindServices() ignore for NotificationAssistantService
07-12 14:07:12.292  1160  8579 I ActivityManager: Force stopping com.buscode.whatsinput appid=10178 user=0: from pid 4622by app
07-12 14:07:12.293  1160  8579 I ActivityManager: Killing 4186:com.buscode.whatsinput/u0a178 (adj 200): stop com.buscode.whatsinputfrom pid 4622by app
07-12 14:07:12.295  1160  8579 D ActivityManager: cleanUpApplicationRecord app: ProcessRecord{a034b53 4186:com.buscode.whatsinput/u0a178}, app.bad: false, restarting: false, allowRestart: true
07-12 14:07:12.296  1160  8579 W ActivityManager: Scheduling restart of crashed service com.buscode.whatsinput/.WifiInputMethod in 1000ms
07-12 14:07:12.304  1160  8579 I ActivityManager:   Force stopping service ServiceRecord{63b884a u0 com.buscode.whatsinput/.WifiInputMethod}
07-12 14:07:12.315  1160  1160 W InputMethodManagerService: Session failed to close due to remote exception
07-12 14:07:12.315  1160  1160 W InputMethodManagerService: android.os.DeadObjectException
07-12 14:07:12.315  1160  1160 W InputMethodManagerService: 	at android.os.BinderProxy.transactNative(Native Method)
07-12 14:07:12.315  1160  1160 W InputMethodManagerService: 	at android.os.BinderProxy.transact(Binder.java:1147)
07-12 14:07:12.315  1160  1160 W InputMethodManagerService: 	at com.android.internal.view.IInputMethodSession$Stub$Proxy.finishSession(IInputMethodSession.java:309)
07-12 14:07:12.315  1160  1160 W InputMethodManagerService: 	at com.android.server.InputMethodManagerService.finishSessionLocked(InputMethodManagerService.java:2255)
07-12 14:07:12.315  1160  1160 W InputMethodManagerService: 	at com.android.server.InputMethodManagerService.clearClientSessionLocked(InputMethodManagerService.java:2246)
07-12 14:07:12.315  1160  1160 W InputMethodManagerService: 	at com.android.server.InputMethodManagerService.clearCurMethodLocked(InputMethodManagerService.java:2272)
07-12 14:07:12.315  1160  1160 W InputMethodManagerService: 	at com.android.server.InputMethodManagerService.onServiceDisconnected(InputMethodManagerService.java:2299)
07-12 14:07:12.315  1160  1160 W InputMethodManagerService: 	at android.app.LoadedApk$ServiceDispatcher.doConnected(LoadedApk.java:1936)
07-12 14:07:12.315  1160  1160 W InputMethodManagerService: 	at android.app.LoadedApk$ServiceDispatcher$RunConnection.run(LoadedApk.java:1975)
07-12 14:07:12.315  1160  1160 W InputMethodManagerService: 	at android.os.Handler.handleCallback(Handler.java:891)
07-12 14:07:12.315  1160  1160 W InputMethodManagerService: 	at android.os.Handler.dispatchMessage(Handler.java:102)
07-12 14:07:12.315  1160  1160 W InputMethodManagerService: 	at android.os.Looper.loop(Looper.java:207)
07-12 14:07:12.315  1160  1160 W InputMethodManagerService: 	at com.android.server.SystemServer.run(SystemServer.java:568)
07-12 14:07:12.315  1160  1160 W InputMethodManagerService: 	at com.android.server.SystemServer.main(SystemServer.java:385)
07-12 14:07:12.315  1160  1160 W InputMethodManagerService: 	at java.lang.reflect.Method.invoke(Native Method)
07-12 14:07:12.315  1160  1160 W InputMethodManagerService: 	at com.android.internal.os.RuntimeInit$MethodAndArgsCaller.run(RuntimeInit.java:524)
07-12 14:07:12.315  1160  1160 W InputMethodManagerService: 	at com.android.internal.os.ZygoteInit.main(ZygoteInit.java:938)
07-12 14:07:12.317  1160  8579 D HwInputMethodManagerService: ------------startInput--------------
07-12 14:07:12.317  1160  8579 D HwInputMethodManagerService: hideSecSoftInput = false
07-12 14:07:12.320  1848 23840 I BoosterSwitchP: notifyUidState do nothing
07-12 14:07:12.320  1848 23840 I DeepNoDisturbP: notifyUidState
07-12 14:07:12.320  1848 23840 I HidataAppQoeP: notifyUidState
07-12 14:07:12.320  1848 23840 I BrowserChrP: notifyUidState
07-12 14:07:12.324  1160  1743 D HwInputMethodManagerService: ------------startInput--------------
07-12 14:07:12.324  1160  1743 D HwInputMethodManagerService: hideSecSoftInput = false
07-12 14:07:12.329  1160  1217 I ActivityManager: App 10112/com.jingdong.app.mall targets O+, restricted
07-12 14:07:12.329  1160  1217 W BroadcastQueue: Background execution not allowed: receiving Intent { act=android.intent.action.PACKAGE_RESTARTED dat=package:com.buscode.whatsinput flg=0x10 (has extras) } to com.jingdong.app.mall/.broadcastReceiver.AppStateRecevier
07-12 14:07:12.330  1848  1848 I HwCoreAppHelperService: LocalReceiver receives:android.intent.action.PACKAGE_RESTARTED,pkg:com.buscode.whatsinput,uid:10178
07-12 14:07:12.330  1160  1217 V BroadcastQueue: Finished with ordered broadcast BroadcastRecord{abb4764 u0 android.intent.action.PACKAGE_RESTARTED}
07-12 14:07:12.333  1160  1160 D NotificationListeners: onServiceConnected, just remove the servicesBindingTag and add service.
07-12 14:07:12.334  1160  1160 V AlarmManager: UninstallReceiver onReceive action:android.intent.action.PACKAGE_RESTARTED
07-12 14:07:12.334  1160  1160 I AlarmManager: remove com.android.server.-$$Lambda$AlarmManagerService$qehVSjTLWvtJYPGgKh2mkJ6ePnk@cd60dcd according to uid:10178
07-12 14:07:12.335  1160  1160 V NotificationListeners: enabling notification listener for 0: ComponentInfo{com.baidu.searchbox/com.baidu.searchbox.lockscreen.notification.NotificationMonitorService}
07-12 14:07:12.335  1160  1160 V NotificationListeners: binding: Intent { act=android.service.notification.NotificationListenerService cmp=com.baidu.searchbox/.lockscreen.notification.NotificationMonitorService (has extras) }
07-12 14:07:12.339  1160  1160 W NotificationListeners: Unable to bind notification listener service: Intent { act=android.service.notification.NotificationListenerService cmp=com.baidu.searchbox/.lockscreen.notification.NotificationMonitorService (has extras) }
07-12 14:07:12.339  1160  1160 W NotificationListeners: Not binding notification listener service ComponentInfo{com.achievo.vipshop/com.vips.weiaixingsdk.daemon.services.NotificationDaemonService}: service not found
07-12 14:07:12.339  1160  1160 W NotificationListeners: Not binding notification listener service ComponentInfo{android/com.android.server.emcom.grabservice.NotificationListener}: service not found
07-12 14:07:12.339  1160  1160 W NotificationAssistants: rebindServices() ignore for NotificationAssistantService
07-12 14:07:12.375  1160  1263 W HwPackageManagerServiceEx: isEnterpriseDisallowUninstallApk disallowUninstallPkgList : null
07-12 14:07:12.375  1160  1263 D PackageManager: mFrozenPackages add package:com.github.android_app_bootstrap
07-12 14:07:12.375  1160  1217 I ActivityManager: Force stopping com.github.android_app_bootstrap appid=10188 user=-1: deletePackageX
07-12 14:07:12.378  1160  1217 I ActivityManager: Force stopping com.github.android_app_bootstrap appid=10188 user=-1: uninstall pkg
07-12 14:07:12.386  1160  1263 D PackageManager: clear pref activity com.github.android_app_bootstrap from uid 1000
07-12 14:07:12.539  1160  1263 D PackageManager: mFrozenPackages remove package:com.github.android_app_bootstrap
07-12 14:07:12.713  1160  1633 I HwAudioServiceEx: check HiRes Icon false
07-12 14:07:12.801  1160  1633 I HwAudioServiceEx: check HiRes Icon false
07-12 14:07:12.803  1160  1208 I PackageManager: writePermissionsSync -> user:0, put true:, Build.FINGERPRINT:HUAWEI/EML-AL00/HWEML:9/HUAWEIEML-AL00/187C00R1:user/release-keys, fingerprint:HUAWEI/EML-AL00/HWEML:9/HUAWEIEML-AL00/187C00R1:user/release-keys
07-12 14:07:12.809  1160  1263 I ActivityManager: Force stopping com.github.android_app_bootstrap appid=10188 user=0: pkg removed
07-12 14:07:12.911  1848  1848 I HwKeystoreServiceImpl: ACTION_PACKAGE_REMOVED userId:0 appId:10188 packageName:com.github.android_app_bootstrap removeAll:true
07-12 14:07:12.912  1848  1848 I HwKeystoreServiceImpl: UserInfo uid:0
07-12 14:07:12.916   573   612 W SocketListener: sending broadcast to Pid = 1160, Uid = 1000 
07-12 14:07:12.919  1160  1605 D NetdConnector: RCV <- {601 limit alert globalAlert lo}
07-12 14:07:12.919  1160  1605 D NetdConnector: RCV <- {601 limit alert globalAlert lo}
07-12 14:07:12.920  1160  1243 D NetdConnector: RCV unsolicited event from native daemon, event = 601
07-12 14:07:12.921  1160  1243 I NetworkStats: limitReached
07-12 14:07:12.922  1160  1610 I NetworkStats: performPollLocked, pid = 1160
07-12 14:07:12.948  1160  1208 I [SPMN]  : insert SECURE -- name = accessibility_enabled, package = android, user = 0, value = 1
07-12 14:07:12.949  1160  1610 W NetworkStatsFactory: mStatsXtProcUid: /proc/net/comm/stats does not exist!
07-12 14:07:12.949  1160  1610 D HwNetworkStatsService: hwRecordUidAndProcSnapshotLocked currentTime = 1562911633648
07-12 14:07:12.967  1160  1610 I NetworkStatsFactory: javaReadNetworkStatsUidAndProcDetail. cost time = 18
07-12 14:07:12.995  1160  1160 W Looper  : Slow dispatch took 132ms main h=com.android.server.job.JobSchedulerService$JobHandler c=null m=4
07-12 14:07:13.006  1848  1848 I PreDnsQuery: onReceive: intent = android.intent.action.PACKAGE_REMOVED
07-12 14:07:13.010  1160  1610 D NetdConnector: SND -> {1459 bandwidth setglobalalert 2097152}
07-12 14:07:13.011  1160  1605 D NetdConnector: RCV <- {200 1459 Bandwidth command succeeeded}
07-12 14:07:13.012  1160  1605 D NetdConnector: RCV <- {200 1459 Bandwidth command succeeeded}
07-12 14:07:13.012  1160  1610 I NetworkStats: ACTION_UID_REMOVED onReceive
07-12 14:07:13.012  1160  1610 I NetworkStats: performPollLocked, pid = 1160
07-12 14:07:13.030  1160  1610 W NetworkStatsFactory: mStatsXtProcUid: /proc/net/comm/stats does not exist!
07-12 14:07:13.030  1160  1610 D HwNetworkStatsService: hwRecordUidAndProcSnapshotLocked currentTime = 1562911633739
07-12 14:07:13.040  1160  7017 I HwNetworkPolicy: onTransact, code = 202
07-12 14:07:13.041  2123  2123 I HwNetworkPolicyManager: removeHwUidPolicy uid = 10188 policy = -1 opPackageName = com.huawei.systemmanager
07-12 14:07:13.045  2123  2937 W ContextImpl: Calling a method in the system process without a qualified user: android.app.ContextImpl.startService:1796 android.content.ContextWrapper.startService:664 com.huawei.systemmanager.spacecleanner.receiver.SpaceCleanReceiver.checkRarelyUsedApp:98 com.huawei.systemmanager.spacecleanner.receiver.SpaceCleanReceiver.doInBackground:46 java.lang.reflect.Method.invoke:-2 
07-12 14:07:13.045  1160  1610 I NetworkStatsFactory: javaReadNetworkStatsUidAndProcDetail. cost time = 15
07-12 14:07:13.047  1160  1610 D HwNetworkStatsService: hwMaybeUidAndProcPersistLocked currentTime = 1562911633739
07-12 14:07:13.057  1160  2429 D SecurityProfileService: removeLabel:com.github.android_app_bootstrap
07-12 14:07:13.061  1160 15637 D HwNetworkManagementService: code == CODE_SET_APK_DL_STRATEGY
07-12 14:07:13.061  1160 15637 D HwNetworkManagementService: CODE_SET_APK_DL_STRATEGY, pkgName=[com.baidu.searchbox, com.tencent.mm, com.android.browser], needReset=false
07-12 14:07:13.061  1160 15637 D HwNetworkManagementService: convertPkgNameToUid, pkgName=[com.baidu.searchbox, com.tencent.mm, com.android.browser]
07-12 14:07:13.061  1160 15637 D HwNetworkManagementService: convertPkgNameToUid, pkg=com.baidu.searchbox, uid=10117, under user.id=0
07-12 14:07:13.061  1160 15637 D HwNetworkManagementService: convertPkgNameToUid, pkg=com.tencent.mm, uid=10177, under user.id=0
07-12 14:07:13.061  1160 15637 D HwNetworkManagementService: convertPkgNameToUid, pkg=com.android.browser, uid=10104, under user.id=0
07-12 14:07:13.061  1160 15637 D HwNetworkManagementService: CODE_SET_APK_DL_STRATEGY, appUidList=[10117;10177;10104;]
07-12 14:07:13.061  1160 15637 D HwNetworkManagementService: setApkDlFilterRules, appUidList=[10117;10177;10104;], needReset=false
07-12 14:07:13.062  1160 15637 D NetdConnector: SND -> {1460 hwfilter set_apkdl_strategy_rule 10117;10177;10104; not_reset}
07-12 14:07:13.063  1160  1605 D NetdConnector: RCV <- {200 1460 success}
07-12 14:07:13.063  1160  1605 D NetdConnector: RCV <- {200 1460 success}
07-12 14:07:13.063  1160  2429 D SecurityProfileDB: writing: {
07-12 14:07:13.063  1160  2429 D SecurityProfileDB:     "overlay_labels": {},
07-12 14:07:13.063  1160  2429 D SecurityProfileDB:     "domains": {
07-12 14:07:13.063  1160  2429 D SecurityProfileDB:         "com.ss.android.article.video": [
07-12 14:07:13.063  1160  2429 D SecurityProfileDB:             {
07-12 14:07:13.063  1160  2429 D SecurityProfileDB:                 "policy_version": 1,
07-12 14:07:13.063  1160  2429 D SecurityProfileDB:                 "apk_digest": {
07-12 14:07:13.063  1160  2429 D SecurityProfileDB:                     "digest_algorithm": "SHA-256",
07-12 14:07:13.063  1160  2429 D SecurityProfileDB:                     "digest": "CvIKf0B\/o3Q9lmD\/XbdqBO8klcprg9QDX8PC+RUyaiE=",
07-12 14:07:13.063  1160  2429 D SecurityProfileDB:                     "signature_scheme": "v2"
07-12 14:07:13.063  1160  2429 D SecurityProfileDB:                 },
07-12 14:07:13.063  1160  2429 D SecurityProfileDB:                 "rules": [],
07-12 14:07:13.063  1160  2429 D SecurityProfileDB:                 "labels": [
07-12 14:07:13.063  1160  2429 D SecurityProfileDB:                     "GREEN"
07-12 14:07:13.063  1160  2429 D SecurityProfileDB:                 ]
07-12 14:07:13.063  1160  2429 D SecurityProfileDB:             },
07-12 14:07:13.063  1160  2429 D SecurityProfileDB:             {
07-12 14:07:13.063  1160  2429 D SecurityProfileDB:                 "policy_version": 1,
07-12 14:07:13.063  1160  2429 D SecurityProfileDB:                 "apk_digest": {
07-12 14:07:13.063  1160  2429 D SecurityProfileDB:                     "digest_algorithm": "SHA-256",
07-12 14:07:13.063  1160  2429 D SecurityProfileDB:                     "digest": "aEoOBATvsqi6cykKuZhkPJXEqW7sMJDcX\/jtb2oq5dA=",
07-12 14:07:13.063  1160  2429 D SecurityProfileDB:                     "signature_scheme": "v2"
07-12 14:07:13.063  1160  2429 D SecurityProfileDB:                 },
07-12 14:07:13.063  1160  2429 D SecurityProfileDB:                 "rules": [],
07-12 14:07:13.063  1160  2429 D SecurityProfileDB:                 "labels": [
07-12 14:07:13.063  1160  2429 D SecurityProfileDB:                     "GREEN"
07-12 14:07:13.063  1160  2429 D SecurityProfileDB:                 ]
07-12 14:07:13.063  1160  2429 D SecurityProfileDB:             },
07-12 14:07:13.063  1160  2429 D SecurityProfileDB:             {
07-12 14:07:13.063  1160  2429 D SecurityProfileDB:                 "policy_version": 1,
07-12 14:07:13.063  1160  2429 D SecurityProfileDB:                 "apk_digest": {
07-12 14:07:13.063  1160  2429 D SecurityProfileDB:                     "digest_algorithm": "SHA-256",
07-12 14:07:13.063  1160  2429 D SecurityProfileDB:                     "digest": "TdFIL7MfTQxQu4LVuMwoZkOOLMFNCHbWEejghrszkXI=",
07-12 14:07:13.063  1160  2429 D SecurityProfileDB:                     "signature_scheme": "v2"
07-12 14:07:13.063  1160  2429 D SecurityProfileDB:                 },
07-12 14:07:13.063  1160  2429 D SecurityProfileDB:                 "rules": [],
07-12 14:07:13.063  1160  2429 D SecurityProfileDB:                 "labels": [
07-12 14:07:13.063  1160  2429 D SecurityProfileDB:                     "GREEN"
07-12 14:07:13.063  1160  2429 D SecurityProfileDB:                 ]
07-12 14:07:13.063  1160  2429 D SecurityProfileDB:             },
07-12 14:07:13.063  1160  2429 D SecurityProfileDB:             {
07-12 14:07:13.063  1160  2429 D SecurityProfileDB:                 "policy_version": 2,
07-12 14:07:13.063  1160  2429 D SecurityProfileDB:                 "apk_digest": {
07-12 14:07:13.063  1160  2429 D SecurityProfileDB:                     "digest_algorithm": "SHA-256",
07-12 14:07:13.063  1160  2429 D SecurityProfileDB:                     "digest": "ZpnDDJEBpHfQu4gx9W0kbQeOEajLLUwm0nmN\/oT0K\/s=",
07-12 14:07:13.063  1160  2429 D SecurityProfileDB:                     "signature_scheme": "v2"
07-12 14:07:13.063  1160  2429 D SecurityProfileDB:                 },
07-12 14:07:13.063  1160  2429 D SecurityProfileDB:                 "rules": [],
07-12 14:07:13.063  1160  2429 D SecurityProfileDB:                 "labels": [
07-12 14:07:13.063  1160  2429 D SecurityProfileDB:                     "GREEN"
07-12 14:07:13.063  1160  2429 D SecurityProfileDB:                 ]
07-12 14:07:13.063  1160  2429 D SecurityProfileDB:             }
07-12 14:07:13.063  1160  2429 D SecurityProfileDB:         ],
07-12 14:07:13.063  1160  2429 D SecurityProfileDB:         "com.ss.android.article.news": [
07-12 14:07:13.063  1160  2429 D SecurityProfileDB:             {
07-12 14:07:13.063  1160  2429 D SecurityProfileDB:                 "policy_version": 1,
07-12 14:07:13.063  1160  2429 D SecurityProfileDB:                 "apk_digest": {
07-12 14:07:13.063  1160  2429 D SecurityProfileDB:                     "digest_algorithm": "SHA-256",
07-12 14:07:13.063  1160  2429 D SecurityProfileDB:                     "digest": "ehWrStlwHdHIb4JEaKEVoFi4apFfl0m9CJGZqIyVUio=",
07-12 14:07:13.063  1160  2429 D SecurityProfileDB:                     "signature_scheme": "v2"
07-12 14:07:13.063  1160  2429 D SecurityProfileDB:                 },
07-12 14:07:13.063  1160  2429 D SecurityProfileDB:                 "rules": [],
07-12 14:07:13.063  1160  2429 D SecurityProfileDB:                 "labels": [
07-12 14:07:13.063  1160  2429 D SecurityProfileDB:                     "GREEN"
07-12 14:07:13.063  1160  2429 D SecurityProfileDB:                 ]
07-12 14:07:13.063  1160  2429 D SecurityProfileDB:             },
07-12 14:07:13.063  1160  2429 D SecurityProfileDB:             {
07-12 14:07:13.063  1160  2429 D SecurityProfileDB:                 "policy_version": 2,
07-12 14:07:13.063  1160  2429 D SecurityProfileDB:                 "apk_digest": {
07-12 14:07:13.063  1160  2429 D SecurityProfileDB:                     "digest_algorithm": "SHA-256",
07-12 14:07:13.063  1160  2429 D SecurityProfileDB:                     "digest": "Zyj0TDcK9nZyp+UsnmTLO24LVXljeKFohk0h4Jo2tsA=",
07-12 14:07:13.063  1160  2429 D SecurityProfileDB:                     "signature_scheme": "v2"
07-12 14:07:13.063  1160  2429 D SecurityProfileDB:                 },
07-12 14:07:13.063  1160  2429 D SecurityProfileDB:                 "rules": [],
07-12 14:07:13.063  1160  2429 D SecurityProfileDB:                 "labels": [
07-12 14:07:13.063  1160  2429 D SecurityProfileDB:                     "GREEN"
07-12 14:07:13.063  1160  2429 D SecurityProfileDB:                 ]
07-12 14:07:13.063  1160  2429 D SecurityProfileDB:             }
07-12 14:07:13.063  1160  2429 D SecurityProfileDB:         ],
07-12 14:07:13.063  1160  2429 D SecurityProfileDB:         "com.huawei.mycenter": [
07-12 14:07:13.063  1160  2429 D SecurityProfileDB:             {
07-12 14:07:13.063  1160  2429 D SecurityProfileDB:                 "policy_version": 3,
07-12 14:07:13.063  1160  2429 D SecurityProfileDB:                 "apk_digest": {
07-12 14:07:13.063  1160  2429 D SecurityProfileDB:                     "digest_algorithm": "SHA-256",
07-12 14:07:13.063  1160  2429 D SecurityProfileDB:                     "digest": "WrCnlug7avgMeo+cEtSs1snLGJ+GtususqR4hsptLaw=",
07-12 14:07:13.063  1160  2429 D SecurityProfileDB:                     "signature_scheme": "v2"
07-12 14:07:13.063  1160  2429 D SecurityProfileDB:                 },
07-12 14:07:13.063  1160  2429 D SecurityProfileDB:                 "rules": [],
07-12 14:07:13.063  1160  2429 D SecurityProfileDB:                 "labels": [
07-12 14:07:13.063  1160  2429 D SecurityProfileDB:                     "GREEN"
07-12 14:07:13.063  1160  2429 D SecurityProfileDB:                 ]
07-12 14:07:13.063  1160  2429 D SecurityProfileDB:             }
07-12 14:07:13.063  1160  2429 D SecurityProfileDB:         ],
07-12 14:07:13.063  1160  2429 D SecurityProfileDB:         "com.huawei.scanner": [
07-12 14:07:13.063  1160  2429 D SecurityProfileDB:             {
07-12 14:07:13.063  1160  2429 D SecurityProfileDB:                 "policy_version": 2,
07-12 14:07:13.063  1160  2429 D SecurityProfileDB:                 "apk_digest": {
07-12 14:07:13.063  1160  2429 D SecurityProfileDB:                     "digest_algorithm": "SHA-256",
07-12 14:07:13.063  1160  2429 D SecurityProfileDB:                     "digest": "o08UVMOogzO\/CABe7MVxnmSsTSwX728gB1RRjMXhWK8=",
07-12 14:07:13.063  1160  2429 D SecurityProfileDB:                     "signature_scheme": "v2"
07-12 14:07:13.063  1160  2429 D SecurityProfileDB:                 },
07-12 14:07:13.063  1160  2429 D SecurityProfileDB:                 "rules": [],
07-12 14:07:13.063  1160  2429 D SecurityProfileDB:                 "labels": [
07-12 14:07:13.063  1160  2429 D SecurityProfileDB:                     "GREEN"
07-12 14:07:13.063  1160  2429 D SecurityProfileDB:                 ]
07-12 14:07:13.063  1160  2429 D SecurityProfileDB:             }
07-12 14:07:13.063  1160  2429 D SecurityProfileDB:         ],
07-12 14:07:13.063  1160  2429 D SecurityProfileDB:         "com.huawei.vassistant": [
07-12 14:07:13.063  1160  2429 D SecurityProfileDB:             {
07-12 14:07:13.063  1160  2429 D SecurityProfileDB:                 "policy_version": 2,
07-12 14:07:13.063  1160  2429 D SecurityProfileDB:                 "apk_digest": {
07-12 14:07:13.063  1160  2429 D SecurityProfileDB:                     "digest_algorithm": "SHA-256",
07-12 14:07:13.063  1160  2429 D SecurityProfileDB:                     "digest": "GNmrwkVDQ0jib95wiI8cQ7xN8bYG3kRU4oFwj8jjM1M=",
07-12 14:07:13.063  1160  2429 D SecurityProfileDB:                     "signature_scheme": "v2"
07-12 14:07:13.063  1160  2429 D SecurityProfileDB:                 },
07-12 14:07:13.063  1160  2429 D SecurityProfileDB:                 "rules": [],
07-12 14:07:13.063  1160  2429 D SecurityProfileDB:                 "labels": [
07-12 14:07:13.063  1160  2429 D SecurityProfileDB:                     "GREEN"
07-12 14:07:13.063  1160  2429 D SecurityProfileDB:                 ]
07-12 14:07:13.063  1160  2429 D SecurityProfileDB:             }
07-12 14:07:13.063  1160  2429 D SecurityProfileDB:         ],
07-12 14:07:13.063  1160  2429 D SecurityProfileDB:         "com.huawei.search": [
07-12 14:07:13.063  1160  2429 D SecurityProfileDB:             {
07-12 14:07:13.063  1160  2429 D SecurityProfileDB:                 "policy_version": 2,
07-12 14:07:13.063  1160  2429 D SecurityProfileDB:                 "apk_digest": {
07-12 14:07:13.063  1160  2429 D SecurityProfileDB:                     "digest_algorithm": "SHA-256",
07-12 14:07:13.063  1160  2429 D SecurityProfileDB:                     "digest": "KdT13so+OJcDT
07-12 14:07:13.079  1758  1758 W ContextImpl: Calling a method in the system process without a qualified user: android.app.ContextImpl.startService:1796 android.content.ContextWrapper.startService:664 android.content.ContextWrapper.startService:664 com.android.settings.applications.BlackListReceiver.onReceive:41 android.app.ActivityThread.handleReceiver:3856 
07-12 14:07:13.134  1160  1696 E TaskPersister: File error accessing recents directory (directory doesn't exist?).
07-12 14:07:13.147  1160  1174 E PowerManagerService: Exception when search wack lock :java.lang.IllegalArgumentException: Wake lock not active: android.os.BinderProxy@c4ed6de from uid 10021
07-12 14:07:13.179  1160  2004 E PowerManagerService: Exception when search wack lock :java.lang.IllegalArgumentException: Wake lock not active: android.os.BinderProxy@c4ed6de from uid 10021
07-12 14:07:13.188  1160  3230 E PowerManagerService: Exception when search wack lock :java.lang.IllegalArgumentException: Wake lock not active: android.os.BinderProxy@c4ed6de from uid 10021
07-12 14:07:13.193  1160  2429 D SecurityProfileService: updateDomainPolicies,packageList:[com.github.android_app_bootstrap]
07-12 14:07:13.193  1160  2429 D SecurityProfileService: resolveActiveDomainPolicies packageName com.github.android_app_bootstrap
07-12 14:07:13.194  1160  2429 D SecurityProfileUtils: getInstalledApkPath name not found,packageName:com.github.android_app_bootstrap,userId:0
07-12 14:07:13.194  1160  2429 E SecurityProfileService: resolveActiveDomainPolicies packagePath is null
07-12 14:07:13.194  1160  7044 E PowerManagerService: Exception when search wack lock :java.lang.IllegalArgumentException: Wake lock not active: android.os.BinderProxy@c4ed6de from uid 10021
07-12 14:07:13.201  1160  2429 D SecurityProfileDB: writing: {
07-12 14:07:13.201  1160  2429 D SecurityProfileDB:     "overlay_labels": {},
07-12 14:07:13.201  1160  2429 D SecurityProfileDB:     "domains": {
07-12 14:07:13.201  1160  2429 D SecurityProfileDB:         "com.huawei.mycenter": {
07-12 14:07:13.201  1160  2429 D SecurityProfileDB:             "policy_version": 3,
07-12 14:07:13.201  1160  2429 D SecurityProfileDB:             "apk_digest": {
07-12 14:07:13.201  1160  2429 D SecurityProfileDB:                 "digest_algorithm": "SHA-256",
07-12 14:07:13.201  1160  2429 D SecurityProfileDB:                 "digest": "WrCnlug7avgMeo+cEtSs1snLGJ+GtususqR4hsptLaw=",
07-12 14:07:13.201  1160  2429 D SecurityProfileDB:                 "signature_scheme": "v2"
07-12 14:07:13.201  1160  2429 D SecurityProfileDB:             },
07-12 14:07:13.201  1160  2429 D SecurityProfileDB:             "rules": [],
07-12 14:07:13.201  1160  2429 D SecurityProfileDB:             "labels": [
07-12 14:07:13.201  1160  2429 D SecurityProfileDB:                 "GREEN"
07-12 14:07:13.201  1160  2429 D SecurityProfileDB:             ]
07-12 14:07:13.201  1160  2429 D SecurityProfileDB:         },
07-12 14:07:13.201  1160  2429 D SecurityProfileDB:         "com.huawei.scanner": {
07-12 14:07:13.201  1160  2429 D SecurityProfileDB:             "policy_version": 2,
07-12 14:07:13.201  1160  2429 D SecurityProfileDB:             "apk_digest": {
07-12 14:07:13.201  1160  2429 D SecurityProfileDB:                 "digest_algorithm": "SHA-256",
07-12 14:07:13.201  1160  2429 D SecurityProfileDB:                 "digest": "o08UVMOogzO\/CABe7MVxnmSsTSwX728gB1RRjMXhWK8=",
07-12 14:07:13.201  1160  2429 D SecurityProfileDB:                 "signature_scheme": "v2"
07-12 14:07:13.201  1160  2429 D SecurityProfileDB:             },
07-12 14:07:13.201  1160  2429 D SecurityProfileDB:             "rules": [],
07-12 14:07:13.201  1160  2429 D SecurityProfileDB:             "labels": [
07-12 14:07:13.201  1160  2429 D SecurityProfileDB:                 "GREEN"
07-12 14:07:13.201  1160  2429 D SecurityProfileDB:             ]
07-12 14:07:13.201  1160  2429 D SecurityProfileDB:         },
07-12 14:07:13.201  1160  2429 D SecurityProfileDB:         "com.huawei.vassistant": {
07-12 14:07:13.201  1160  2429 D SecurityProfileDB:             "policy_version": 2,
07-12 14:07:13.201  1160  2429 D SecurityProfileDB:             "apk_digest": {
07-12 14:07:13.201  1160  2429 D SecurityProfileDB:                 "digest_algorithm": "SHA-256",
07-12 14:07:13.201  1160  2429 D SecurityProfileDB:                 "digest": "GNmrwkVDQ0jib95wiI8cQ7xN8bYG3kRU4oFwj8jjM1M=",
07-12 14:07:13.201  1160  2429 D SecurityProfileDB:                 "signature_scheme": "v2"
07-12 14:07:13.201  1160  2429 D SecurityProfileDB:             },
07-12 14:07:13.201  1160  2429 D SecurityProfileDB:             "rules": [],
07-12 14:07:13.201  1160  2429 D SecurityProfileDB:             "labels": [
07-12 14:07:13.201  1160  2429 D SecurityProfileDB:                 "GREEN"
07-12 14:07:13.201  1160  2429 D SecurityProfileDB:             ]
07-12 14:07:13.201  1160  2429 D SecurityProfileDB:         },
07-12 14:07:13.201  1160  2429 D SecurityProfileDB:         "com.huawei.search": {
07-12 14:07:13.201  1160  2429 D SecurityProfileDB:             "policy_version": 2,
07-12 14:07:13.201  1160  2429 D SecurityProfileDB:             "apk_digest": {
07-12 14:07:13.201  1160  2429 D SecurityProfileDB:                 "digest_algorithm": "SHA-256",
07-12 14:07:13.201  1160  2429 D SecurityProfileDB:                 "digest": "KdT13so+OJcDTIkNAeKXjifbh4iG2YU3CNHvCa4YufI=",
07-12 14:07:13.201  1160  2429 D SecurityProfileDB:                 "signature_scheme": "v2"
07-12 14:07:13.201  1160  2429 D SecurityProfileDB:             },
07-12 14:07:13.201  1160  2429 D SecurityProfileDB:             "rules": [],
07-12 14:07:13.201  1160  2429 D SecurityProfileDB:             "labels": [
07-12 14:07:13.201  1160  2429 D SecurityProfileDB:                 "NORMAL"
07-12 14:07:13.201  1160  2429 D SecurityProfileDB:             ]
07-12 14:07:13.201  1160  2429 D SecurityProfileDB:         },
07-12 14:07:13.201  1160  2429 D SecurityProfileDB:         "com.android.deskclock": {
07-12 14:07:13.201  1160  2429 D SecurityProfileDB:             "policy_version": 2,
07-12 14:07:13.201  1160  2429 D SecurityProfileDB:             "apk_digest": {
07-12 14:07:13.201  1160  2429 D SecurityProfileDB:                 "digest_algorithm": "SHA-256",
07-12 14:07:13.201  1160  2429 D SecurityProfileDB:                 "digest": "Rbp4EbtHQgMTHAbRPEncg8R+ETFPn5Zm4knD9+mlmBw=",
07-12 14:07:13.201  1160  2429 D SecurityProfileDB:                 "signature_scheme": "v2"
07-12 14:07:13.201  1160  2429 D SecurityProfileDB:             },
07-12 14:07:13.201  1160  2429 D SecurityProfileDB:             "rules": [],
07-12 14:07:13.201  1160  2429 D SecurityProfileDB:             "labels": [
07-12 14:07:13.201  1160  2429 D SecurityProfileDB:                 "GREEN"
07-12 14:07:13.201  1160  2429 D SecurityProfileDB:             ]
07-12 14:07:13.201  1160  2429 D SecurityProfileDB:         },
07-12 14:07:13.201  1160  2429 D SecurityProfileDB:         "com.example.android.notepad": {
07-12 14:07:13.201  1160  2429 D SecurityProfileDB:             "policy_version": 2,
07-12 14:07:13.201  1160  2429 D SecurityProfileDB:             "apk_digest": {
07-12 14:07:13.201  1160  2429 D SecurityProfileDB:                 "digest_algorithm": "SHA-256",
07-12 14:07:13.201  1160  2429 D SecurityProfileDB:                 "digest": "wUzFtRj6JlG3uHTlbsJGgmW6x1JBKsCw1RQXn6BP2co=",
07-12 14:07:13.201  1160  2429 D SecurityProfileDB:                 "signature_scheme": "v2"
07-12 14:07:13.201  1160  2429 D SecurityProfileDB:             },
07-12 14:07:13.201  1160  2429 D SecurityProfileDB:             "rules": [],
07-12 14:07:13.201  1160  2429 D SecurityProfileDB:             "labels": [
07-12 14:07:13.201  1160  2429 D SecurityProfileDB:                 "GREEN"
07-12 14:07:13.201  1160  2429 D SecurityProfileDB:             ]
07-12 14:07:13.201  1160  2429 D SecurityProfileDB:         },
07-12 14:07:13.201  1160  2429 D SecurityProfileDB:         "com.android.gallery3d": {
07-12 14:07:13.201  1160  2429 D SecurityProfileDB:             "policy_version": 3,
07-12 14:07:13.201  1160  2429 D SecurityProfileDB:             "apk_digest": {
07-12 14:07:13.201  1160  2429 D SecurityProfileDB:                 "digest_algorithm": "SHA-256",
07-12 14:07:13.201  1160  2429 D SecurityProfileDB:                 "digest": "TD32mWwW3nfW0kmrOW\/6w8GB\/cXSenoEsX5GqGDotCs=",
07-12 14:07:13.201  1160  2429 D SecurityProfileDB:                 "signature_scheme": "v2"
07-12 14:07:13.201  1160  2429 D SecurityProfileDB:             },
07-12 14:07:13.201  1160  2429 D SecurityProfileDB:             "rules": [],
07-12 14:07:13.201  1160  2429 D SecurityProfileDB:             "labels": [
07-12 14:07:13.201  1160  2429 D SecurityProfileDB:                 "GREEN"
07-12 14:07:13.201  1160  2429 D SecurityProfileDB:             ]
07-12 14:07:13.201  1160  2429 D SecurityProfileDB:         },
07-12 14:07:13.201  1160  2429 D SecurityProfileDB:         "com.huawei.rcsserviceapplication": {
07-12 14:07:13.201  1160  2429 D SecurityProfileDB:             "policy_version": 8,
07-12 14:07:13.201  1160  2429 D SecurityProfileDB:             "apk_digest": {
07-12 14:07:13.201  1160  2429 D SecurityProfileDB:                 "digest_algorithm": "SHA-256",
07-12 14:07:13.201  1160  2429 D SecurityProfileDB:                 "digest": "lL1FyYO7PQqk9NS7Dd7HXvyQROCZHFxkj8f016MzEhQ=",
07-12 14:07:13.201  1160  2429 D SecurityProfileDB:                 "signature_scheme": "v2"
07-12 14:07:13.201  1160  2429 D SecurityProfileDB:             },
07-12 14:07:13.201  1160  2429 D SecurityProfileDB:             "rules": [],
07-12 14:07:13.201  1160  2429 D SecurityProfileDB:             "labels": [
07-12 14:07:13.201  1160  2429 D SecurityProfileDB:                 "GREEN"
07-12 14:07:13.201  1160  2429 D SecurityProfileDB:             ]
07-12 14:07:13.201  1160  2429 D SecurityProfileDB:         },
07-12 14:07:13.201  1160  2429 D SecurityProfileDB:         "com.suning.mobile.ebuy": {
07-12 14:07:13.201  1160  2429 D SecurityProfileDB:             "policy_version": 4,
07-12 14:07:13.201  1160  2429 D SecurityProfileDB:             "apk_digest": {
07-12 14:07:13.201  1160  2429 D SecurityProfileDB:                 "digest_algorithm": "SHA-256",
07-12 14:07:13.201  1160  2429 D SecurityProfileDB:                 "digest": "gevibRJOsrvzbInwhrk+D2Led84IIKGVVBKOTKDPFI8=",
07-12 14:07:13.201  1160  2429 D SecurityProfileDB:                 "signature_scheme": "v1_manifest"
07-12 14:07:13.201  1160  2429 D SecurityProfileDB:             },
07-12 14:07:13.201  1160  2429 D SecurityProfileDB:             "rules": [],
07-12 14:07:13.201  1160  2429 D SecurityProfileDB:             "labels": [
07-12 14:07:13.201  1160  2429 D SecurityProfileDB:                 "GREEN"
07-12 14:07:13.201  1160  2429 D SecurityProfileDB:             ]
07-12 14:07:13.201  1160  2429 D SecurityProfileDB:         },
07-12 14:07:13.201  1160  2429 D SecurityProfileDB:         "com.huawei.health": {
07-12 14:07:13.201  1160  2429 D SecurityProfileDB:             "policy_version": 3,
07-12 14:07:13.201  1160  2429 D SecurityProfileDB:             "apk_digest": {
07-12 14:07:13.201  1160  2429 D SecurityProfileDB:                 "digest_algorithm": "SHA-256",
07-12 14:07:13.201  1160  2429 D SecurityProfileDB:                 "digest": "rdjdHVoumN9pQocmChF6QUqcUK9QsyiveFy\/FGYBOiU=",
07-12 14:07:13.201  1160  2429 D SecurityProfileDB:                 "signature_scheme": "v1_manifest"
07-12 14:07:13.201  1160  2429 D SecurityProfileDB:             },
07-12 14:07:13.201  1160  2429 D SecurityProfileDB:             "rules": [],
07-12 14:07:13.201  1160  2429 D SecurityProfileDB:             "labels": [
07-12 14:07:13.201  1160  2429 D SecurityProfileDB:                 "GREEN"
07-12 14:07:13.201  1160  2429 D SecurityProfileDB:             ]
07-12 14:07:13.201  1160  2429 D SecurityProfileDB:         },
07-12 14:07:13.201  1160  2429 D SecurityProfileDB:         "com.taobao.taobao": {
07-12 14:07:13.201  1160  2429 D SecurityProfileDB:             "policy_version": 3,
07-12 14:07:13.201  1160  2429 D SecurityProfileDB:             "apk_digest": {
07-12 14:07:13.201  1160  2429 D SecurityProfileDB:                 "digest_algorithm": "SHA-256",
07-12 14:07:13.201  1160  2429 D SecurityProfileDB:                 "digest": "4jAFagQCIf+ml6qvM2p3Y6zZoU\/5yel36HfkW0SoC+w=",
07-12 14:07:13.201  1160  2429 D SecurityProfileDB:                 "signature_scheme": "v2"
07-12 14:07:13.201  1160  2429 D SecurityProfileDB:  
07-12 14:07:13.277  1160  1160 W Looper  : Slow dispatch took 214ms main h=android.app.ActivityThread$H c=android.app.-$$Lambda$LoadedApk$ReceiverDispatcher$Args$_BumDX2UKsnxLVrE6UJsJZkotuA@33f4fcb m=0
07-12 14:07:13.277  1160  1160 W Looper  : Slow delivery took 406ms main h=android.app.ActivityThread$H c=android.app.-$$Lambda$LoadedApk$ReceiverDispatcher$Args$_BumDX2UKsnxLVrE6UJsJZkotuA@e4703a8 m=0
07-12 14:07:13.277  1160  1174 I ActivityManager: App 10128/com.huawei.hwvplayer.youku targets O+, restricted
07-12 14:07:13.277  1160  1160 V AlarmManager: UninstallReceiver onReceive action:android.intent.action.PACKAGE_REMOVED
07-12 14:07:13.277  1160  1160 I AlarmManager: remove com.android.server.-$$Lambda$AlarmManagerService$qehVSjTLWvtJYPGgKh2mkJ6ePnk@349eec1 according to uid:10188
07-12 14:07:13.277  1160  1174 W BroadcastQueue: Background execution not allowed: receiving Intent { act=android.intent.action.PACKAGE_REMOVED dat=package:com.github.android_app_bootstrap flg=0x4000010 (has extras) } to com.huawei.hwvplayer.youku/com.taobao.accs.EventReceiver
07-12 14:07:13.279  1160  1160 V NotificationListeners: enabling notification listener for 0: ComponentInfo{com.baidu.searchbox/com.baidu.searchbox.lockscreen.notification.NotificationMonitorService}
07-12 14:07:13.279  1160  1160 V NotificationListeners: binding: Intent { act=android.service.notification.NotificationListenerService cmp=com.baidu.searchbox/.lockscreen.notification.NotificationMonitorService (has extras) }
07-12 14:07:13.279  1160  1217 I ActivityManager: App 10128/com.huawei.hwvplayer.youku targets O+, restricted
07-12 14:07:13.279  1160  1217 W BroadcastQueue: Background execution not allowed: receiving Intent { act=android.intent.action.PACKAGE_REMOVED dat=package:com.github.android_app_bootstrap flg=0x4000010 (has extras) } to com.huawei.hwvplayer.youku/com.taobao.agoo.AgooCommondReceiver
07-12 14:07:13.279  1160  1217 I ActivityManager: App 10128/com.huawei.hwvplayer.youku targets O+, restricted
07-12 14:07:13.279  1160  1217 W BroadcastQueue: Background execution not allowed: receiving Intent { act=android.intent.action.PACKAGE_REMOVED dat=package:com.github.android_app_bootstrap flg=0x4000010 (has extras) } to com.huawei.hwvplayer.youku/cn.com.iresearch.phonemonitor.library.receiver.WakeUpReceiver
07-12 14:07:13.279  1160  1217 I ActivityManager: App 10128/com.huawei.hwvplayer.youku targets O+, restricted
07-12 14:07:13.279  1160  1217 W BroadcastQueue: Background execution not allowed: receiving Intent { act=android.intent.action.PACKAGE_REMOVED dat=package:com.github.android_app_bootstrap flg=0x4000010 (has extras) } to com.huawei.hwvplayer.youku/cn.com.iresearch.phonemonitor.library.receiver.ApplicationStatusReceiver
07-12 14:07:13.290  1160  2001 E PowerManagerService: Exception when search wack lock :java.lang.IllegalArgumentException: Wake lock not active: android.os.BinderProxy@c4ed6de from uid 10021
07-12 14:07:13.293  1160  1160 W NotificationListeners: Unable to bind notification listener service: Intent { act=android.service.notification.NotificationListenerService cmp=com.baidu.searchbox/.lockscreen.notification.NotificationMonitorService (has extras) }
07-12 14:07:13.293  1160  1160 W NotificationListeners: Not binding notification listener service ComponentInfo{com.achievo.vipshop/com.vips.weiaixingsdk.daemon.services.NotificationDaemonService}: service not found
07-12 14:07:13.293  1160  1160 W NotificationListeners: Not binding notification listener service ComponentInfo{android/com.android.server.emcom.grabservice.NotificationListener}: service not found
07-12 14:07:13.293  1160  1160 W NotificationAssistants: rebindServices() ignore for NotificationAssistantService
07-12 14:07:13.294  1160  1160 I [SPMN]  : insert GLOBAL -- name = zen_mode, package = android, user = 0, value = 0
07-12 14:07:13.302  1160  1160 I ConditionProviders: Disallowing condition provider com.github.android_app_bootstrap
07-12 14:07:13.306  1160  1160 D SecurityProfileService: updatePackageInformation,packageName:com.github.android_app_bootstrap
07-12 14:07:13.306  1160  1160 D SecurityProfileService: updateDomainPolicies,packageList:[com.github.android_app_bootstrap]
07-12 14:07:13.306  1160  1160 D SecurityProfileService: resolveActiveDomainPolicies packageName com.github.android_app_bootstrap
07-12 14:07:13.307  1160  1160 D SecurityProfileUtils: getInstalledApkPath name not found,packageName:com.github.android_app_bootstrap,userId:0
07-12 14:07:13.307  1160  1160 E SecurityProfileService: resolveActiveDomainPolicies packagePath is null
07-12 14:07:13.308  1160  1160 D SecurityProfileDB: writing: {
07-12 14:07:13.308  1160  1160 D SecurityProfileDB:     "overlay_labels": {},
07-12 14:07:13.308  1160  1160 D SecurityProfileDB:     "domains": {
07-12 14:07:13.308  1160  1160 D SecurityProfileDB:         "com.huawei.mycenter": {
07-12 14:07:13.308  1160  1160 D SecurityProfileDB:             "policy_version": 3,
07-12 14:07:13.308  1160  1160 D SecurityProfileDB:             "apk_digest": {
07-12 14:07:13.308  1160  1160 D SecurityProfileDB:                 "digest_algorithm": "SHA-256",
07-12 14:07:13.308  1160  1160 D SecurityProfileDB:                 "digest": "WrCnlug7avgMeo+cEtSs1snLGJ+GtususqR4hsptLaw=",
07-12 14:07:13.308  1160  1160 D SecurityProfileDB:                 "signature_scheme": "v2"
07-12 14:07:13.308  1160  1160 D SecurityProfileDB:             },
07-12 14:07:13.308  1160  1160 D SecurityProfileDB:             "rules": [],
07-12 14:07:13.308  1160  1160 D SecurityProfileDB:             "labels": [
07-12 14:07:13.308  1160  1160 D SecurityProfileDB:                 "GREEN"
07-12 14:07:13.308  1160  1160 D SecurityProfileDB:             ]
07-12 14:07:13.308  1160  1160 D SecurityProfileDB:         },
07-12 14:07:13.308  1160  1160 D SecurityProfileDB:         "com.huawei.scanner": {
07-12 14:07:13.308  1160  1160 D SecurityProfileDB:             "policy_version": 2,
07-12 14:07:13.308  1160  1160 D SecurityProfileDB:             "apk_digest": {
07-12 14:07:13.308  1160  1160 D SecurityProfileDB:                 "digest_algorithm": "SHA-256",
07-12 14:07:13.308  1160  1160 D SecurityProfileDB:                 "digest": "o08UVMOogzO\/CABe7MVxnmSsTSwX728gB1RRjMXhWK8=",
07-12 14:07:13.308  1160  1160 D SecurityProfileDB:                 "signature_scheme": "v2"
07-12 14:07:13.308  1160  1160 D SecurityProfileDB:             },
07-12 14:07:13.308  1160  1160 D SecurityProfileDB:             "rules": [],
07-12 14:07:13.308  1160  1160 D SecurityProfileDB:             "labels": [
07-12 14:07:13.308  1160  1160 D SecurityProfileDB:                 "GREEN"
07-12 14:07:13.308  1160  1160 D SecurityProfileDB:             ]
07-12 14:07:13.308  1160  1160 D SecurityProfileDB:         },
07-12 14:07:13.308  1160  1160 D SecurityProfileDB:         "com.huawei.vassistant": {
07-12 14:07:13.308  1160  1160 D SecurityProfileDB:             "policy_version": 2,
07-12 14:07:13.308  1160  1160 D SecurityProfileDB:             "apk_digest": {
07-12 14:07:13.308  1160  1160 D SecurityProfileDB:                 "digest_algorithm": "SHA-256",
07-12 14:07:13.308  1160  1160 D SecurityProfileDB:                 "digest": "GNmrwkVDQ0jib95wiI8cQ7xN8bYG3kRU4oFwj8jjM1M=",
07-12 14:07:13.308  1160  1160 D SecurityProfileDB:                 "signature_scheme": "v2"
07-12 14:07:13.308  1160  1160 D SecurityProfileDB:             },
07-12 14:07:13.308  1160  1160 D SecurityProfileDB:             "rules": [],
07-12 14:07:13.308  1160  1160 D SecurityProfileDB:             "labels": [
07-12 14:07:13.308  1160  1160 D SecurityProfileDB:                 "GREEN"
07-12 14:07:13.308  1160  1160 D SecurityProfileDB:             ]
07-12 14:07:13.308  1160  1160 D SecurityProfileDB:         },
07-12 14:07:13.308  1160  1160 D SecurityProfileDB:         "com.huawei.search": {
07-12 14:07:13.308  1160  1160 D SecurityProfileDB:             "policy_version": 2,
07-12 14:07:13.308  1160  1160 D SecurityProfileDB:             "apk_digest": {
07-12 14:07:13.308  1160  1160 D SecurityProfileDB:                 "digest_algorithm": "SHA-256",
07-12 14:07:13.308  1160  1160 D SecurityProfileDB:                 "digest": "KdT13so+OJcDTIkNAeKXjifbh4iG2YU3CNHvCa4YufI=",
07-12 14:07:13.308  1160  1160 D SecurityProfileDB:                 "signature_scheme": "v2"
07-12 14:07:13.308  1160  1160 D SecurityProfileDB:             },
07-12 14:07:13.308  1160  1160 D SecurityProfileDB:             "rules": [],
07-12 14:07:13.308  1160  1160 D SecurityProfileDB:             "labels": [
07-12 14:07:13.308  1160  1160 D SecurityProfileDB:                 "NORMAL"
07-12 14:07:13.308  1160  1160 D SecurityProfileDB:             ]
07-12 14:07:13.308  1160  1160 D SecurityProfileDB:         },
07-12 14:07:13.308  1160  1160 D SecurityProfileDB:         "com.android.deskclock": {
07-12 14:07:13.308  1160  1160 D SecurityProfileDB:             "policy_version": 2,
07-12 14:07:13.308  1160  1160 D SecurityProfileDB:             "apk_digest": {
07-12 14:07:13.308  1160  1160 D SecurityProfileDB:                 "digest_algorithm": "SHA-256",
07-12 14:07:13.308  1160  1160 D SecurityProfileDB:                 "digest": "Rbp4EbtHQgMTHAbRPEncg8R+ETFPn5Zm4knD9+mlmBw=",
07-12 14:07:13.308  1160  1160 D SecurityProfileDB:                 "signature_scheme": "v2"
07-12 14:07:13.308  1160  1160 D SecurityProfileDB:             },
07-12 14:07:13.308  1160  1160 D SecurityProfileDB:             "rules": [],
07-12 14:07:13.308  1160  1160 D SecurityProfileDB:             "labels": [
