07-12 14:07:55.958  1160  1522 V WindowManager: removeIfPossible: Window{6d1e6a1 u0 Toast}
07-12 14:07:55.962  1160  1522 V WindowManager: Not removing Window{6d1e6a1 u0 Toast EXITING} due to exit animation 
07-12 14:07:55.966  1160  1522 W NotificationService: Toast already killed. pkg=com.github.android_app_bootstrap callback=android.app.ITransientNotification$Stub$Proxy@d2b1995
07-12 14:07:55.969  1919  2212 I hibernation: view add pid:4888 uid:10189
07-12 14:07:55.970  4888  4915 D OpenGLRenderer:   HWUI Binary is  enabled
07-12 14:07:55.970  4888  4915 D OpenGLRenderer: disableOutlineDraw is true
07-12 14:07:55.972  1160  1613 I chatty  : uid=1000(system) WifiService expire 32 lines
07-12 14:07:55.974  1160  1522 V WindowManager: addWindow: Window{237369b u0 Toast}
07-12 14:07:55.992  4888  4915 D mali_winsys: EGLint new_window_surface(egl_winsys_display *, void *, EGLSurface, EGLConfig, egl_winsys_surface **, EGLBoolean) returns 0x3000
07-12 14:07:55.994  4888  4915 D OpenGLRenderer:   HWUI Binary is  enabled
07-12 14:07:55.994  4888  4915 D OpenGLRenderer: disableOutlineDraw is true
07-12 14:07:56.043  1884  2069 D HwWifiStatStore: handleMessage : 200
07-12 14:07:56.067  1160  1511 V WindowManager: Exit animation finished in Window{6d1e6a1 u0 Toast EXITING}: remove=true
07-12 14:07:56.087  1160  1511 V WindowManager: postWindowRemoveCleanupLocked: Window{6d1e6a1 u0 Toast}
07-12 14:07:56.087  1160  1511 V WindowManager: Removing Window{6d1e6a1 u0 Toast} from WindowToken{9fec588 android.os.Binder@c976d2b}
07-12 14:07:56.525  5450  5450 I chatty  : uid=2000(shell) dumpsys expire 1 line
07-12 14:07:56.544 18851 18851 E android.browse: Invalid ID 0x6000000d.
07-12 14:07:56.545 18851 18851 E android.browse: No package ID 07 found for ID 0x07654321.
07-12 14:07:56.545 18851 18851 E android.browse: No package ID 08 found for ID 0x08f90000.
07-12 14:07:56.546 18851 18851 E android.browse: No package ID 08 found for ID 0x08f90000.
07-12 14:07:56.594  5084  5084 I chatty  : uid=2000(shell) app_process expire 13 lines
07-12 14:07:56.677  5459  5459 I chatty  : uid=2000(shell) dumpsys expire 1 line
07-12 14:07:56.693 18851 18851 E android.browse: Invalid ID 0x6000000d.
07-12 14:07:56.693 18851 18851 E android.browse: No package ID 07 found for ID 0x07654321.
07-12 14:07:56.693 18851 18851 E android.browse: No package ID 08 found for ID 0x08f90000.
07-12 14:07:56.694 18851 18851 E android.browse: No package ID 08 found for ID 0x08f90000.
07-12 14:07:56.730  4888  4888 D HwAppInnerBoostImpl: asyncReportData com.github.android_app_bootstrap,2,1,1,0 interval=89
07-12 14:07:56.732   633  2093 E uniperf server: uniPerfEvent doParse failed, cmdId=4400
07-12 14:07:56.732   633  2093 D uniperf hal: do uniPerfEvent failed, cmdId=4400, ret=2
07-12 14:07:56.749  5477  5477 I chatty  : uid=2000(shell) dumpsys expire 1 line
07-12 14:07:56.759  4888  4888 V AudioManager: playSoundEffect   effectType: 0
07-12 14:07:56.759  4888  4888 V AudioManager: querySoundEffectsEnabled...
07-12 14:07:56.764 18851 18851 E android.browse: Invalid ID 0x6000000d.
07-12 14:07:56.764 18851 18851 E android.browse: No package ID 07 found for ID 0x07654321.
07-12 14:07:56.764 18851 18851 E android.browse: No package ID 08 found for ID 0x08f90000.
07-12 14:07:56.764 18851 18851 E android.browse: No package ID 08 found for ID 0x08f90000.
07-12 14:07:56.773  1160  1522 I chatty  : uid=1000(system) Binder:1160_4 expire 13 lines
07-12 14:07:56.774  1160  1522 I ActivityManager: START u0 {cmp=com.github.android_app_bootstrap/.activity.ToastActivity} from uid 10189
07-12 14:07:56.779  1973  1983 I ndroid.launche: Compiler allocated 4MB to compile void android.view.ViewRootImpl$InputStage.dump(java.lang.String, java.io.PrintWriter)
07-12 14:07:56.787  1919  2212 I hibernation: view remove pid:4888 uid:10189
07-12 14:07:56.790  4888  4915 W libEGL  : EGLNativeWindowType 0x7afd050010 disconnect failed
07-12 14:07:56.791  1160  1522 V WindowManager: removeIfPossible: Window{237369b u0 Toast}
07-12 14:07:56.794  1160  1522 V WindowManager: Not removing Window{237369b u0 Toast EXITING} due to exit animation 
07-12 14:07:56.798  1160 11125 W NotificationService: Toast already killed. pkg=com.github.android_app_bootstrap callback=android.app.ITransientNotification$Stub$Proxy@95c486f
07-12 14:07:56.800  1919  2212 I hibernation: view add pid:4888 uid:10189
07-12 14:07:56.802  4888  4915 D OpenGLRenderer:   HWUI Binary is  enabled
07-12 14:07:56.802  4888  4915 D OpenGLRenderer: disableOutlineDraw is true
07-12 14:07:56.807  1160  1522 V WindowManager: addWindow: Window{2869205 u0 Toast}
07-12 14:07:56.822  4888  4915 D mali_winsys: EGLint new_window_surface(egl_winsys_display *, void *, EGLSurface, EGLConfig, egl_winsys_surface **, EGLBoolean) returns 0x3000
07-12 14:07:56.824  4888  4915 D OpenGLRenderer:   HWUI Binary is  enabled
07-12 14:07:56.824  4888  4915 D OpenGLRenderer: disableOutlineDraw is true
07-12 14:07:56.906  1160  1511 V WindowManager: Exit animation finished in Window{237369b u0 Toast EXITING}: remove=true
07-12 14:07:56.925  1160  1511 V WindowManager: postWindowRemoveCleanupLocked: Window{237369b u0 Toast}
07-12 14:07:56.925  1160  1511 V WindowManager: Removing Window{237369b u0 Toast} from WindowToken{9fec588 android.os.Binder@c976d2b}
07-12 14:07:57.373  5486  5486 I chatty  : uid=2000(shell) dumpsys expire 1 line
07-12 14:07:57.392 18851 18851 E android.browse: Invalid ID 0x6000000d.
07-12 14:07:57.393 18851 18851 E android.browse: No package ID 07 found for ID 0x07654321.
07-12 14:07:57.393 18851 18851 E android.browse: No package ID 08 found for ID 0x08f90000.
07-12 14:07:57.394 18851 18851 E android.browse: No package ID 08 found for ID 0x08f90000.
07-12 14:07:57.406  1160  1614 I chatty  : uid=1000(system) WifiStateMachin expire 22 lines
07-12 14:07:57.458   737 10981 I Pged-IPgedBinderService: ****action is 2, pid num is 5***
07-12 14:07:57.459   737 10981 I Pged-Freezer: thawPids
07-12 14:07:57.462  1919  2205 D PgedBinderAdapter: unfrz ok, pid: [4807, 4555, 8494, 32645]
07-12 14:07:57.488  1160  1592 D HwGameAssistantController: Keycontrol mode is 2 for user 0
07-12 14:07:57.488  1160  1592 I chatty  : uid=1000(system) InputDispatcher expire 2 lines
07-12 14:07:57.525  5502  5502 I chatty  : uid=2000(shell) dumpsys expire 1 line
07-12 14:07:57.539 18851 18851 E android.browse: Invalid ID 0x6000000d.
07-12 14:07:57.540 18851 18851 E android.browse: No package ID 07 found for ID 0x07654321.
07-12 14:07:57.540 18851 18851 E android.browse: No package ID 08 found for ID 0x08f90000.
07-12 14:07:57.540 18851 18851 E android.browse: No package ID 08 found for ID 0x08f90000.
07-12 14:07:57.570  1160  1592 D HwGameAssistantController: Keycontrol mode is 2 for user 0
07-12 14:07:57.587  4888  4888 D ZrHung.AppEyeUiProbe: stop checker.
07-12 14:07:57.593  5511  5511 I chatty  : uid=2000(shell) dumpsys expire 1 line
07-12 14:07:57.597  1160  1522 D HwPhoneWindowManager: sensorRotation = -1 lastRotation:0
07-12 14:07:57.599  1160  1522 V WindowManager: notifyAppResumed: wasStopped=true AppWindowToken{2501ffb token=Token{9d2ad8a ActivityRecord{69dcbf5 u0 com.github.android_app_bootstrap/.activity.TabBarActivity t360}}}
07-12 14:07:57.600  1160  8582 I chatty  : uid=1000(system) Binder:1160_16 expire 9 lines
07-12 14:07:57.610  1160  1522 V WindowManager: Checking 1 opening apps (frozen=false timeout=false), Track: activitypause performsurface
07-12 14:07:57.610  1160  1522 V WindowManager: Check opening app=AppWindowToken{2501ffb token=Token{9d2ad8a ActivityRecord{69dcbf5 u0 com.github.android_app_bootstrap/.activity.TabBarActivity t360}}}: allDrawn=false startingDisplayed=false startingMoved=false isRelaunching()=false startingWindow=null
07-12 14:07:57.613  1160  1214 W HwActivityManagerServiceEx: HwActivityNotifier end call android.app.IHwActivityNotifier$Stub$Proxy@779b32f for activityLifeState under user 0 cost 0
07-12 14:07:57.613  1160  1214 W HwActivityManagerServiceEx: HwActivityNotifier end call android.app.IHwActivityNotifier$Stub$Proxy@ce68d04 for activityLifeState under user 0 cost 0
07-12 14:07:57.613  4231  4259 I AppLifeChangeSensor:  CAWARENESS: activityPaused componentName = ComponentInfo{com.github.android_app_bootstrap/com.github.android_app_bootstrap.activity.TableActivity}
07-12 14:07:57.613  4231  4259 E AppLifeChangeSensor:  CAWARENESS: activityPaused mAppLifeChangeCallback is null 
07-12 14:07:57.617  4888  4888 D ZrHung.AppEyeUiProbe: notify runnable to start.
07-12 14:07:57.623  1160  1522 D HwGameAssistantController: pid=4888, uid=10189, component=ComponentInfo{com.github.android_app_bootstrap/com.github.android_app_bootstrap.activity.TabBarActivity}
07-12 14:07:57.623  1160  1246 D HwGameAssistantController: UPDATE: mCurFgPkg=com.github.android_app_bootstrap, mCurFgPid=4888, mCurIsGame=false
07-12 14:07:57.623  1160  1214 W HwActivityManagerServiceEx: HwActivityNotifier end call android.app.IHwActivityNotifier$Stub$Proxy@779b32f for activityLifeState under user 0 cost 0
07-12 14:07:57.623  1160  1214 W HwActivityManagerServiceEx: HwActivityNotifier end call android.app.IHwActivityNotifier$Stub$Proxy@ce68d04 for activityLifeState under user 0 cost 0
07-12 14:07:57.624  4231  4259 I AppLifeChangeSensor:  CAWARENESS: activityResumed componentName = ComponentInfo{com.github.android_app_bootstrap/com.github.android_app_bootstrap.activity.TabBarActivity}
07-12 14:07:57.624  1160  4946 I chatty  : uid=1000(system) HwAPPQoEActivit expire 6 lines
07-12 14:07:57.624  4231  4259 E AppLifeChangeSensor:  CAWARENESS: activityResumed mAppLifeChangeCallback is null 
07-12 14:07:57.625  1884  3011 I OPCollectLog: AppChangeImpl:pid: 4888 uid: 10189 pkg: com.github.android_app_bootstrap class: com.github.android_app_bootstrap.activity.TabBarActivity
07-12 14:07:57.625  1884  3011 E OPCollectLog: HwForegroundAppAction:duplicate pkgName.
07-12 14:07:57.626 18851 18851 E android.browse: Invalid ID 0x6000000d.
07-12 14:07:57.627 18851 18851 E android.browse: No package ID 07 found for ID 0x07654321.
07-12 14:07:57.627 18851 18851 E android.browse: No package ID 08 found for ID 0x08f90000.
07-12 14:07:57.627 18851 18851 E android.browse: No package ID 08 found for ID 0x08f90000.
07-12 14:07:57.632  1848  1848 D DaemonMessageAdapter: onMobileSignalStrengthChanged, subId: 0, signalStrength: SignalStrength: 99 114 -48 -46 32767 -1 32767 -1 0 0 0 -1 0 2147483647 0 120 0 0 cdma use_rsrp_and_rssnr_for_lte_level rscp [-128, -118, -108, -98] [-115, -105, -95, -85]
07-12 14:07:57.632  1848  1953 I DeepNoDisturbP: handleStateChanged reason=8
07-12 14:07:57.632  1848  1953 I HidataAppQoeP: handleStateChanged reason=8
07-12 14:07:57.632  1848  1848 D DaemonMessageAdapter: SignalStrength update result, ss: SignalStrengthInfo: 259853884 mGsmSignalStrength: 99 mWcdmaRscp: 0 mWcdmaEcio: 0 mLteRsrp: 0 mLteRsrq: 0 mCdmaDbm: -48 mCdmaEcio: -46 mEvdoDbm: 32767 mEvdoEcio: -1 mLteRssnr: 0
07-12 14:07:57.632  1160  2424 V WindowManager: Checking 1 opening apps (frozen=false timeout=false), Track: relayout performsurface
07-12 14:07:57.632  1160  2424 V WindowManager: Check opening app=AppWindowToken{2501ffb token=Token{9d2ad8a ActivityRecord{69dcbf5 u0 com.github.android_app_bootstrap/.activity.TabBarActivity t360}}}: allDrawn=false startingDisplayed=false startingMoved=false isRelaunching()=false startingWindow=null
07-12 14:07:57.639  1848  1953 I BrowserChrP: handleStateChanged
07-12 14:07:57.642  4888  4888 W InputMethodManager: startInputReason = 1
07-12 14:07:57.650  4888  4915 D mali_winsys: EGLint new_window_surface(egl_winsys_display *, void *, EGLSurface, EGLConfig, egl_winsys_surface **, EGLBoolean) returns 0x3000
07-12 14:07:57.663  1160  1511 V WindowManager_visibility: updateAllDrawn Add AppWindowToken{2501ffb token=Token{9d2ad8a ActivityRecord{69dcbf5 u0 com.github.android_app_bootstrap/.activity.TabBarActivity t360}}}
07-12 14:07:57.664  1160  1511 V WindowManager_visibility: updateAllDrawn allDrawn=false interesting=1 drawn=1 relaunchCount=0 for AppWindowToken{2501ffb token=Token{9d2ad8a ActivityRecord{69dcbf5 u0 com.github.android_app_bootstrap/.activity.TabBarActivity t360}}}
07-12 14:07:57.664  1160  1511 V WindowManager: Checking 1 opening apps (frozen=false timeout=false), Track:  performsurface
07-12 14:07:57.664  1160  1511 V WindowManager: Check opening app=AppWindowToken{2501ffb token=Token{9d2ad8a ActivityRecord{69dcbf5 u0 com.github.android_app_bootstrap/.activity.TabBarActivity t360}}}: allDrawn=true startingDisplayed=false startingMoved=false isRelaunching()=false startingWindow=null
07-12 14:07:57.664  1160  1511 I WindowManager: closing apps count = 1
07-12 14:07:57.707  1973 27341 D HwRecentsTaskUtils: refreshToCache
07-12 14:07:57.707  1973 27341 D HwRecentsTaskUtils: searchFromDate
07-12 14:07:57.710  1848  4583 E HsmCoreServiceImpl: onTransact in code is: 103
07-12 14:07:57.710  1848  4583 I MediaProcessHandler: playingUids: 10157|10159|10162|10169|10171|
07-12 14:07:57.711  1973 27341 I RecentsTaskLoadPlan: to show tasks size is 6
07-12 14:07:57.882  4888  4915 W libEGL  : EGLNativeWindowType 0x7b0f6bf010 disconnect failed
07-12 14:07:57.887  4888  4888 D ViewRootImpl[TableActivity]: surface should not be released
07-12 14:07:57.888  4888  4888 D ActivityThread: Remove activity client record, r= ActivityRecord{bed329f token=android.os.BinderProxy@7b83b45 {com.github.android_app_bootstrap/com.github.android_app_bootstrap.activity.TableActivity}} token= android.os.BinderProxy@7b83b45
07-12 14:07:57.890  1160  8582 V WindowManager: removeIfPossible: Window{e548935 u0 com.github.android_app_bootstrap/com.github.android_app_bootstrap.activity.TableActivity}
07-12 14:07:57.891  1160  8582 V WindowManager: postWindowRemoveCleanupLocked: Window{e548935 u0 com.github.android_app_bootstrap/com.github.android_app_bootstrap.activity.TableActivity}
07-12 14:07:57.891  1160  8582 V WindowManager: Removing Window{e548935 u0 com.github.android_app_bootstrap/com.github.android_app_bootstrap.activity.TableActivity} from AppWindowToken{5237e79 token=Token{c029f40 ActivityRecord{6f03ac3 u0 com.github.android_app_bootstrap/.activity.TableActivity t360}}}
07-12 14:07:57.895  1160  2424 V WindowManager: removeAppToken: AppWindowToken{5237e79 token=Token{c029f40 ActivityRecord{6f03ac3 u0 com.github.android_app_bootstrap/.activity.TableActivity t360}}} delayed=false Callers=com.android.server.wm.DisplayContent.removeAppToken:1059 com.android.server.wm.AppWindowContainerController.removeContainer:301 com.android.server.am.ActivityRecord.removeWindowContainer:1152 com.android.server.am.ActivityStack.removeActivityFromHistoryLocked:4507 
07-12 14:07:58.193  5521  5521 I chatty  : uid=2000(shell) dumpsys expire 1 line
07-12 14:07:58.214 18851 18851 E android.browse: Invalid ID 0x6000000d.
07-12 14:07:58.214 18851 18851 E android.browse: No package ID 07 found for ID 0x07654321.
07-12 14:07:58.215 18851 18851 E android.browse: No package ID 08 found for ID 0x08f90000.
07-12 14:07:58.216 18851 18851 E android.browse: No package ID 08 found for ID 0x08f90000.
07-12 14:07:58.284   641   641 E WifiHAL : enter wifi_get_link_stats
07-12 14:07:58.310  1160  1219 I chatty  : uid=1000(system) android.ui expire 18 lines
07-12 14:07:58.349  5529  5529 I chatty  : uid=2000(shell) dumpsys expire 1 line
07-12 14:07:58.365 18851 18851 E android.browse: Invalid ID 0x6000000d.
07-12 14:07:58.366 18851 18851 E android.browse: No package ID 07 found for ID 0x07654321.
07-12 14:07:58.368 18851 18851 E android.browse: No package ID 08 found for ID 0x08f90000.
07-12 14:07:58.368 18851 18851 E android.browse: No package ID 08 found for ID 0x08f90000.
07-12 14:07:58.405  4888  4888 V AudioManager: playSoundEffect   effectType: 0
07-12 14:07:58.405  4888  4888 V AudioManager: querySoundEffectsEnabled...
07-12 14:07:58.408  4888  4888 D HwAppInnerBoostImpl: asyncReportData com.github.android_app_bootstrap,1,1,2,0 interval=1767
07-12 14:07:58.409   633  2093 E uniperf server: uniPerfEvent doParse failed, cmdId=4402
07-12 14:07:58.410   633  2093 D uniperf hal: do uniPerfEvent failed, cmdId=4402, ret=2
07-12 14:07:58.424   596  1014 I chatty  : uid=1000(system) HwBinder:596_1 expire 3 lines
07-12 14:07:58.425  5537  5537 I chatty  : uid=2000(shell) dumpsys expire 1 line
07-12 14:07:58.438 18851 18851 E android.browse: Invalid ID 0x6000000d.
07-12 14:07:58.439 18851 18851 E android.browse: No package ID 07 found for ID 0x07654321.
07-12 14:07:58.439 18851 18851 E android.browse: No package ID 08 found for ID 0x08f90000.
07-12 14:07:58.439 18851 18851 E android.browse: No package ID 08 found for ID 0x08f90000.
07-12 14:07:58.775  4888  4888 D HwAppInnerBoostImpl: asyncReportData com.github.android_app_bootstrap,1,1,3,0 interval=2134
07-12 14:07:58.777  1919  2212 I hibernation: view remove pid:4888 uid:10189
07-12 14:07:58.777   633  2093 E uniperf server: uniPerfEvent doParse failed, cmdId=4402
07-12 14:07:58.777   633  2093 D uniperf hal: do uniPerfEvent failed, cmdId=4402, ret=2
07-12 14:07:58.781  4888  4915 W libEGL  : EGLNativeWindowType 0x7afd050010 disconnect failed
07-12 14:07:58.795  1160  2424 V WindowManager: removeIfPossible: Window{2869205 u0 Toast}
07-12 14:07:58.795  1160  2424 V WindowManager: Not removing Window{2869205 u0 Toast EXITING} due to exit animation 
07-12 14:07:58.799  1160  1160 I ActivityManager: Killing 30698:com.huawei.hidisk:autologuploadservice/1001 (adj 904): empty for 1800s
07-12 14:07:58.810  1160  2424 W NotificationService: Toast already killed. pkg=com.github.android_app_bootstrap callback=android.app.ITransientNotification$Stub$Proxy@a5708d6
07-12 14:07:58.854   574   574 I Zygote  : Process 30698 exited due to signal (9)
07-12 14:07:58.855  1160  2424 D ConnectivityService: ConnectivityService NetworkRequestInfo binderDied(NetworkRequest [ LISTEN id=102, [ Capabilities: INTERNET&NOT_RESTRICTED&TRUSTED&NOT_VPN Uid: 1001] ], android.os.BinderProxy@7442757)
07-12 14:07:58.856  1160  1521 D ActivityManager: cleanUpApplicationRecord app: ProcessRecord{2807249 30698:com.huawei.hidisk:autologuploadservice/1001}, app.bad: false, restarting: false, allowRestart: true
07-12 14:07:58.856  1160  1620 D ConnectivityService: releasing NetworkRequest [ LISTEN id=102, [ Capabilities: INTERNET&NOT_RESTRICTED&TRUSTED&NOT_VPN Uid: 1001] ] (release request)
07-12 14:07:58.859  1848  1868 E HsmCoreServiceImpl: onTransact in code is: 102
07-12 14:07:58.859  1848  1868 W MediaProcessHandler: processOp uid 1001 is not concerned!
07-12 14:07:58.859  1848  1868 I MediaProcessHandler: executedCallBack opType: 1 mMediaStatusObservers.size=0
07-12 14:07:58.860  1919  2855 W AwareLog: SmartIO2DMEPlugin: unknown process state: 2
07-12 14:07:58.860  1848  4583 I BoosterSwitchP: notifyUidState do nothing
07-12 14:07:58.860  1848  4583 I DeepNoDisturbP: notifyUidState
07-12 14:07:58.860  1848  4583 I HidataAppQoeP: notifyUidState
07-12 14:07:58.860  1848  4583 I BrowserChrP: notifyUidState
07-12 14:07:58.887  1160  1511 V WindowManager: Exit animation finished in Window{2869205 u0 Toast EXITING}: remove=true
07-12 14:07:58.912  1160  1511 V WindowManager: postWindowRemoveCleanupLocked: Window{2869205 u0 Toast}
07-12 14:07:58.913  1160  1511 V WindowManager: Removing Window{2869205 u0 Toast} from WindowToken{9fec588 android.os.Binder@c976d2b}
07-12 14:07:59.001  5545  5545 I chatty  : uid=2000(shell) dumpsys expire 1 line
07-12 14:07:59.016 18851 18851 E android.browse: Invalid ID 0x6000000d.
07-12 14:07:59.017 18851 18851 E android.browse: No package ID 07 found for ID 0x07654321.
07-12 14:07:59.017 18851 18851 E android.browse: No package ID 08 found for ID 0x08f90000.
07-12 14:07:59.017 18851 18851 E android.browse: No package ID 08 found for ID 0x08f90000.
07-12 14:07:59.049  1884  2069 D HwWifiStatStore: handleMessage : 200
07-12 14:07:59.113  5553  5553 I chatty  : uid=2000(shell) dumpsys expire 1 line
07-12 14:07:59.127 18851 18851 E android.browse: Invalid ID 0x6000000d.
07-12 14:07:59.127 18851 18851 E android.browse: No package ID 07 found for ID 0x07654321.
07-12 14:07:59.127 18851 18851 E android.browse: No package ID 08 found for ID 0x08f90000.
07-12 14:07:59.128 18851 18851 E android.browse: No package ID 08 found for ID 0x08f90000.
07-12 14:07:59.160  4888  4888 V AudioManager: playSoundEffect   effectType: 0
07-12 14:07:59.160  4888  4888 V AudioManager: querySoundEffectsEnabled...
07-12 14:07:59.162  4888  4888 D HwAppInnerBoostImpl: asyncReportData com.github.android_app_bootstrap,2,1,1,0 interval=85
07-12 14:07:59.167   633  2093 E uniperf server: uniPerfEvent doParse failed, cmdId=4400
07-12 14:07:59.167   633  2093 D uniperf hal: do uniPerfEvent failed, cmdId=4400, ret=2
07-12 14:07:59.171  5084  5116 I chatty  : uid=2000(shell) app_process expire 29 lines
07-12 14:07:59.177  5561  5561 I chatty  : uid=2000(shell) dumpsys expire 1 line
07-12 14:07:59.193 18851 18851 E android.browse: Invalid ID 0x6000000d.
07-12 14:07:59.193 18851 18851 E android.browse: No package ID 07 found for ID 0x07654321.
07-12 14:07:59.193 18851 18851 E android.browse: No package ID 08 found for ID 0x08f90000.
07-12 14:07:59.194 18851 18851 E android.browse: No package ID 08 found for ID 0x08f90000.
07-12 14:07:59.256  4888  4888 I WebViewFactory: Loading com.google.android.webview version 71.0.3578.99 (code 357809950)
07-12 14:07:59.281 15445 16048 I SocketReaderNew: SocketReader(316) continue
07-12 14:07:59.282 15445 16048 D MSF.C.NetConnTag: MsfCoreSocketReaderNew closeConn readError
07-12 14:07:59.282 15445 16048 D MSF.C.NetConnTag: conn is already closed on readError
07-12 14:07:59.282 15445 16048 W System.err: java.net.SocketException: Socket is closed
07-12 14:07:59.282 15445 16048 W System.err: 	at java.net.Socket.getSoTimeout(Socket.java:1196)
07-12 14:07:59.282 15445 16048 W System.err: 	at com.tencent.qphone.base.util.MsfSocketInputBuffer.isDataAvailable(MsfSocketInputBuffer.java:71)
07-12 14:07:59.282 15445 16048 W System.err: 	at com.tencent.mobileqq.msf.core.net.l$b.run(SocketEngine.java:525)
07-12 14:07:59.282 15445 16048 I SocketReaderNew: SocketReader(316) wait
07-12 14:07:59.332  4888  4888 I cr_LibraryLoader: Time to load native libraries: 4 ms (timestamps 54-58)
07-12 14:07:59.357   606   849 I audio_hw_primary: usb_ext_get_parameters: check show hires (false)
07-12 14:07:59.357   643  8287 I hash_map_utils: key: 'typec_need_show_hires' value: ''
07-12 14:07:59.358  1160  1633 I HwAudioServiceEx: check HiRes Icon false
07-12 14:07:59.361  1737  1737 D StatusBarIconController: setIconVisibility icon is null or visibility not change visibility=false
07-12 14:07:59.362  4888  4888 I chromium: [INFO:library_loader_hooks.cc(36)] Chromium logging enabled: level = 0, default verbosity = 0
07-12 14:07:59.363  4888  4888 I cr_LibraryLoader: Expected native library version number "71.0.3578.99", actual native library version number "71.0.3578.99"
07-12 14:07:59.366  1160  1208 D NetdConnector: SND -> {1475 firewall set_uid_rule standby 10095 allow}
07-12 14:07:59.374  1160  1605 D NetdConnector: RCV <- {200 1475 Firewall command succeeded}
07-12 14:07:59.375  1160  1605 D NetdConnector: RCV <- {200 1475 Firewall command succeeded}
07-12 14:07:59.376  1160  1160 D JobScheduler: Maybe queuing ready jobs...
07-12 14:07:59.392  4888  5573 W cr_ChildProcLH: Create a new ChildConnectionAllocator with package name = com.google.android.webview, sandboxed = true
07-12 14:07:59.398  1160  1522 V ActivityManager: startProcess: name=com.google.android.webview:sandboxed_process0 app=null knownToBeDead=true thread=null pid=-1
07-12 14:07:59.409  4888  4888 I cr_BrowserStartup: Initializing chromium process, singleProcess=false
07-12 14:07:59.425  1160  1221 I ActivityManager: Start proc 5576:com.google.android.webview:sandboxed_process0/u0i10 for webview_service com.github.android_app_bootstrap/org.chromium.content.app.SandboxedProcessService0
07-12 14:07:59.425  1160  1826 E ProcessInfoCollector: getProcessInfo: failed to find this proc 
07-12 14:07:59.427  5576  5576 I dboxed_process: Reinit property: dalvik.vm.checkjni= false
07-12 14:07:59.430  5576  5576 E dboxed_process: Not starting debugger since process cannot load the jdwp agent.
07-12 14:07:59.447  5576  5576 D ZrHung.AppEyeUiProbe: AppEyeUIP created.
07-12 14:07:59.451  5576  5576 D ActivityThread: Attach thread to application
07-12 14:07:59.473   507   507 E ServiceManager: try to find service failed, not allowed access from isolated processes.
07-12 14:07:59.474  5576  5576 I HwLogExceptionInner: Log blacklist 
07-12 14:07:59.476   507   507 E ServiceManager: try to find service failed, not allowed access from isolated processes.
07-12 14:07:59.476   507   507 I chatty  : uid=1000(system) /system/bin/servicemanager identical 1 line
07-12 14:07:59.477   507   507 E ServiceManager: try to find service failed, not allowed access from isolated processes.
07-12 14:07:59.483  5576  5576 I LoadedApk: No resource references to update in package com.google.android.webview
07-12 14:07:59.485   507   507 E ServiceManager: try to find service failed, not allowed access from isolated processes.
07-12 14:07:59.488   507   507 E ServiceManager: try to find service failed, not allowed access from isolated processes.
07-12 14:07:59.489  5576  5576 I AwareBitmapCacher: init processName:com.google.android.webview:sandboxed_process0 pid=5576 uid=99010
07-12 14:07:59.490  5576  5599 E MemoryLeakMonitorManager: MemoryLeakMonitor.jar is not exist!
07-12 14:07:59.493  5576  5576 I cr_ChildProcessService: Creating new ChildProcessService pid=5576
07-12 14:07:59.542  4888  4888 D ConnectivityManager: requestNetwork and the calling app is: com.github.android_app_bootstrap
07-12 14:07:59.544  1160  2004 D ConnectivityService: requestNetwork for uid/pid:10189/4888 NetworkRequest [ TRACK_DEFAULT id=105, [ Capabilities: INTERNET&NOT_RESTRICTED&TRUSTED Uid: 10189] ]
07-12 14:07:59.545  1160  1620 D ConnectivityService: rematching NetworkAgentInfo [WIFI () - 107]
07-12 14:07:59.545  1160  1620 D ConnectivityService:  network has: [ Transports: WIFI Capabilities: NOT_METERED&INTERNET&NOT_RESTRICTED&TRUSTED&NOT_VPN&VALIDATED&NOT_ROAMING&FOREGROUND&NOT_CONGESTED&NOT_SUSPENDED LinkUpBandwidth>=1048576Kbps LinkDnBandwidth>=1048576Kbps SignalStrength: -57 SSID: "601-5.0G"]
07-12 14:07:59.545  1160  1620 D ConnectivityService: Network NetworkAgentInfo [WIFI () - 107] was already satisfying request 5. No change.
07-12 14:07:59.545  1160  1620 D ConnectivityService: Network NetworkAgentInfo [WIFI () - 107] was already satisfying request 1. No change.
07-12 14:07:59.545  1160  1620 D ConnectivityService: Network NetworkAgentInfo [WIFI () - 107] was already satisfying request 79. No change.
07-12 14:07:59.545  1160  1620 D ConnectivityService: Network NetworkAgentInfo [WIFI () - 107] was already satisfying request 103. No change.
07-12 14:07:59.545  1160  1620 D ConnectivityService: Network NetworkAgentInfo [WIFI () - 107] was already satisfying request 12. No change.
07-12 14:07:59.545  1160  1620 D ConnectivityService: currentScore = 0, newScore = 60
07-12 14:07:59.545  1160  1620 D ConnectivityService: rematch for NetworkAgentInfo [WIFI () - 107]
07-12 14:07:59.545  1160  1620 D ConnectivityService:    accepting network in place of null
07-12 14:07:59.545  1160  1620 D ConnectivityService: sending new Min Network Score(60): NetworkRequest [ TRACK_DEFAULT id=105, [ Capabilities: INTERNET&NOT_RESTRICTED&TRUSTED Uid: 10189] ]
07-12 14:07:59.547  1160  1522 D ConnectivityService: listenForNetwork for uid/pid:10189/4888 NetworkRequest [ LISTEN id=106, [ Capabilities: INTERNET&NOT_RESTRICTED&TRUSTED&FOREGROUND Uid: 10189] ]
07-12 14:07:59.547  1160  1620 D ConnectivityService: Network NetworkAgentInfo [WIFI () - 107] was already satisfying request 8. No change.
07-12 14:07:59.548  1160  1674 I chatty  : uid=1000(system) EthernetService expire 2 lines
07-12 14:07:59.548  1160  1620 D ConnectivityService: Network NetworkAgentInfo [WIFI () - 107] was already satisfying request 71. No change.
07-12 14:07:59.548  1950  1950 D PhoneSwitcherNetworkRequstListener: got request NetworkRequest [ TRACK_DEFAULT id=105, [ Capabilities: INTERNET&NOT_RESTRICTED&TRUSTED Uid: 10189] ] with score 60
07-12 14:07:59.548  1950  1950 D VSimPhoneSwitcherNetworkListener: got request NetworkRequest [ TRACK_DEFAULT id=105, [ Capabilities: INTERNET&NOT_RESTRICTED&TRUSTED Uid: 10189] ] with score 60
07-12 14:07:59.549  1950  1950 D PhoneSwitcherNetworkRequstListener: got request NetworkRequest [ TRACK_DEFAULT id=105, [ Capabilities: INTERNET&NOT_RESTRICTED&TRUSTED Uid: 10189] ] with score 60
07-12 14:07:59.549  1950  1950 D VSimPhoneSwitcherNetworkListener: got request NetworkRequest [ TRACK_DEFAULT id=105, [ Capabilities: INTERNET&NOT_RESTRICTED&TRUSTED Uid: 10189] ] with score 60
07-12 14:07:59.550  1160  1620 D ConnectivityService: rematching NetworkAgentInfo [WIFI () - 107]
07-12 14:07:59.550  1160  1620 D ConnectivityService:  network has: [ Transports: WIFI Capabilities: NOT_METERED&INTERNET&NOT_RESTRICTED&TRUSTED&NOT_VPN&VALIDATED&NOT_ROAMING&FOREGROUND&NOT_CONGESTED&NOT_SUSPENDED LinkUpBandwidth>=1048576Kbps LinkDnBandwidth>=1048576Kbps SignalStrength: -57 SSID: "601-5.0G"]
07-12 14:07:59.550  1160  1620 D ConnectivityService: Network NetworkAgentInfo [WIFI () - 107] was already satisfying request 5. No change.
07-12 14:07:59.550  1160  1620 D ConnectivityService: Network NetworkAgentInfo [WIFI () - 107] was already satisfying request 1. No change.
07-12 14:07:59.550  1160  1620 D ConnectivityService: Network NetworkAgentInfo [WIFI () - 107] was already satisfying request 79. No change.
07-12 14:07:59.550  1160  1620 D ConnectivityService: Network NetworkAgentInfo [WIFI () - 107] was already satisfying request 103. No change.
07-12 14:07:59.550  1160  1620 D ConnectivityService: Network NetworkAgentInfo [WIFI () - 107] was already satisfying request 12. No change.
07-12 14:07:59.550  1160  1620 D ConnectivityService: Network NetworkAgentInfo [WIFI () - 107] was already satisfying request 105. No change.
07-12 14:07:59.550  1160  1620 D ConnectivityService: Network NetworkAgentInfo [WIFI () - 107] was already satisfying request 8. No change.
07-12 14:07:59.550  1160  1620 D ConnectivityService: Network NetworkAgentInfo [WIFI () - 107] was already satisfying request 71. No change.
07-12 14:07:59.571  4888  4888 W d_app_bootstra: Accessing hidden method Landroid/view/textclassifier/logging/SmartSelectionEventTracker;-><init>(Landroid/content/Context;I)V (light greylist, reflection)
07-12 14:07:59.571  4888  4888 W d_app_bootstra: Accessing hidden method Landroid/view/textclassifier/logging/SmartSelectionEventTracker;->logEvent(Landroid/view/textclassifier/logging/SmartSelectionEventTracker$SelectionEvent;)V (light greylist, reflection)
07-12 14:07:59.572  4888  4888 W d_app_bootstra: Accessing hidden method Landroid/view/textclassifier/logging/SmartSelectionEventTracker$SelectionEvent;->selectionStarted(I)Landroid/view/textclassifier/logging/SmartSelectionEventTracker$SelectionEvent; (light greylist, reflection)
07-12 14:07:59.572  4888  4888 W d_app_bootstra: Accessing hidden method Landroid/view/textclassifier/logging/SmartSelectionEventTracker$SelectionEvent;->selectionModified(II)Landroid/view/textclassifier/logging/SmartSelectionEventTracker$SelectionEvent; (light greylist, reflection)
07-12 14:07:59.572  4888  4888 W d_app_bootstra: Accessing hidden method Landroid/view/textclassifier/logging/SmartSelectionEventTracker$SelectionEvent;->selectionModified(IILandroid/view/textclassifier/TextClassification;)Landroid/view/textclassifier/logging/SmartSelectionEventTracker$SelectionEvent; (light greylist, reflection)
07-12 14:07:59.572  4888  4888 W d_app_bootstra: Accessing hidden method Landroid/view/textclassifier/logging/SmartSelectionEventTracker$SelectionEvent;->selectionModified(IILandroid/view/textclassifier/TextSelection;)Landroid/view/textclassifier/logging/SmartSelectionEventTracker$SelectionEvent; (light greylist, reflection)
07-12 14:07:59.572  4888  4888 W d_app_bootstra: Accessing hidden method Landroid/view/textclassifier/logging/SmartSelectionEventTracker$SelectionEvent;->selectionAction(III)Landroid/view/textclassifier/logging/SmartSelectionEventTracker$SelectionEvent; (light greylist, reflection)
07-12 14:07:59.572  4888  4888 W d_app_bootstra: Accessing hidden method Landroid/view/textclassifier/logging/SmartSelectionEventTracker$SelectionEvent;->selectionAction(IIILandroid/view/textclassifier/TextClassification;)Landroid/view/textclassifier/logging/SmartSelectionEventTracker$SelectionEvent; (light greylist, reflection)
07-12 14:07:59.614  4888  4888 I sample  :  debug:init webview
07-12 14:07:59.647  4888  5596 V AudioManager: isWiredHeadsetOn...
07-12 14:07:59.654  4888  5609 I iGraphics: [0030080c] opt app: 0
07-12 14:07:59.654  4888  4888 I sample  :  debug:loadurl :file:///android_asset/test.html
07-12 14:07:59.660  1160  1244 I chatty  : uid=1000(system) android.io expire 1 line
07-12 14:07:59.693  4888  4888 D ConnectivityManager: requestNetwork and the calling app is: com.github.android_app_bootstrap
07-12 14:07:59.695  1160  1522 D ConnectivityService: requestNetwork for uid/pid:10189/4888 NetworkRequest [ TRACK_DEFAULT id=107, [ Capabilities: INTERNET&NOT_RESTRICTED&TRUSTED Uid: 10189] ]
07-12 14:07:59.696  1160  1620 D ConnectivityService: rematching NetworkAgentInfo [WIFI () - 107]
07-12 14:07:59.696  1160  1620 D ConnectivityService:  network has: [ Transports: WIFI Capabilities: NOT_METERED&INTERNET&NOT_RESTRICTED&TRUSTED&NOT_VPN&VALIDATED&NOT_ROAMING&FOREGROUND&NOT_CONGESTED&NOT_SUSPENDED LinkUpBandwidth>=1048576Kbps LinkDnBandwidth>=1048576Kbps SignalStrength: -57 SSID: "601-5.0G"]
07-12 14:07:59.696  1160  1620 D ConnectivityService: Network NetworkAgentInfo [WIFI () - 107] was already satisfying request 5. No change.
07-12 14:07:59.696  1160  1620 D ConnectivityService: Network NetworkAgentInfo [WIFI () - 107] was already satisfying request 1. No change.
07-12 14:07:59.696  1160  1620 D ConnectivityService: Network NetworkAgentInfo [WIFI () - 107] was already satisfying request 79. No change.
07-12 14:07:59.696  1160  1620 D ConnectivityService: Network NetworkAgentInfo [WIFI () - 107] was already satisfying request 103. No change.
07-12 14:07:59.696  1160  1620 D ConnectivityService: currentScore = 0, newScore = 60
07-12 14:07:59.696  1160  1620 D ConnectivityService: rematch for NetworkAgentInfo [WIFI () - 107]
07-12 14:07:59.696  1160  1620 D ConnectivityService:    accepting network in place of null
07-12 14:07:59.696  1160  1620 D ConnectivityService: sending new Min Network Score(60): NetworkRequest [ TRACK_DEFAULT id=107, [ Capabilities: INTERNET&NOT_RESTRICTED&TRUSTED Uid: 10189] ]
07-12 14:07:59.698  1950  1950 D PhoneSwitcherNetworkRequstListener: got request NetworkRequest [ TRACK_DEFAULT id=107, [ Capabilities: INTERNET&NOT_RESTRICTED&TRUSTED Uid: 10189] ] with score 60
07-12 14:07:59.698  1160  1521 D ConnectivityService: listenForNetwork for uid/pid:10189/4888 NetworkRequest [ LISTEN id=108, [ Capabilities: INTERNET&NOT_RESTRICTED&TRUSTED&FOREGROUND Uid: 10189] ]
07-12 14:07:59.698  1950  1950 D PhoneSwitcherNetworkRequstListener: got request NetworkRequest [ TRACK_DEFAULT id=107, [ Capabilities: INTERNET&NOT_RESTRICTED&TRUSTED Uid: 10189] ] with score 60
07-12 14:07:59.699  1160  1620 D ConnectivityService: Network NetworkAgentInfo [WIFI () - 107] was already satisfying request 12. No change.
07-12 14:07:59.699  1160  1620 D ConnectivityService: Network NetworkAgentInfo [WIFI () - 107] was already satisfying request 105. No change.
07-12 14:07:59.699  1160  1620 D ConnectivityService: Network NetworkAgentInfo [WIFI () - 107] was already satisfying request 8. No change.
07-12 14:07:59.699  1160  1620 D ConnectivityService: Network NetworkAgentInfo [WIFI () - 107] was already satisfying request 71. No change.
07-12 14:07:59.700  1160  1620 D ConnectivityService: rematching NetworkAgentInfo [WIFI () - 107]
07-12 14:07:59.700  1950  1950 D VSimPhoneSwitcherNetworkListener: got request NetworkRequest [ TRACK_DEFAULT id=107, [ Capabilities: INTERNET&NOT_RESTRICTED&TRUSTED Uid: 10189] ] with score 60
07-12 14:07:59.700  1160  1620 D ConnectivityService:  network has: [ Transports: WIFI Capabilities: NOT_METERED&INTERNET&NOT_RESTRICTED&TRUSTED&NOT_VPN&VALIDATED&NOT_ROAMING&FOREGROUND&NOT_CONGESTED&NOT_SUSPENDED LinkUpBandwidth>=1048576Kbps LinkDnBandwidth>=1048576Kbps SignalStrength: -57 SSID: "601-5.0G"]
07-12 14:07:59.700  1160  1620 D ConnectivityService: Network NetworkAgentInfo [WIFI () - 107] was already satisfying request 5. No change.
07-12 14:07:59.700  1160  1620 D ConnectivityService: Network NetworkAgentInfo [WIFI () - 107] was already satisfying request 1. No change.
07-12 14:07:59.700  1160  1620 D ConnectivityService: Network NetworkAgentInfo [WIFI () - 107] was already satisfying request 79. No change.
07-12 14:07:59.700  1160  1620 D ConnectivityService: Network NetworkAgentInfo [WIFI () - 107] was already satisfying request 103. No change.
07-12 14:07:59.700  1950  1950 D VSimPhoneSwitcherNetworkListener: got request NetworkRequest [ TRACK_DEFAULT id=107, [ Capabilities: INTERNET&NOT_RESTRICTED&TRUSTED Uid: 10189] ] with score 60
07-12 14:07:59.700  1160  1620 D ConnectivityService: Network NetworkAgentInfo [WIFI () - 107] was already satisfying request 107. No change.
07-12 14:07:59.700  1160  1620 D ConnectivityService: Network NetworkAgentInfo [WIFI () - 107] was already satisfying request 12. No change.
07-12 14:07:59.700  1160  1620 D ConnectivityService: Network NetworkAgentInfo [WIFI () - 107] was already satisfying request 105. No change.
07-12 14:07:59.700  1160  1620 D ConnectivityService: Network NetworkAgentInfo [WIFI () - 107] was already satisfying request 8. No change.
07-12 14:07:59.700  1160  1620 D ConnectivityService: Network NetworkAgentInfo [WIFI () - 107] was already satisfying request 71. No change.
07-12 14:07:59.712  4888  5609 W AudioCapabilities: Unsupported mime audio/ac4
07-12 14:07:59.715  4888  5609 W AudioCapabilities: Unsupported mime audio/eac3-joc
07-12 14:07:59.724  4888  4888 D HwAppInnerBoostImpl: asyncReportData com.github.android_app_bootstrap,2,2,1,30 interval=647
07-12 14:07:59.726   633  2093 E uniperf server: uniPerfEvent doParse failed, cmdId=4401
07-12 14:07:59.726   633  2093 D uniperf hal: do uniPerfEvent failed, cmdId=4401, ret=2
07-12 14:07:59.738  4888  5609 W VideoCapabilities: Unrecognized profile 4 for video/hevc
07-12 14:07:59.740  4888  5609 W VideoCapabilities: Unrecognized profile/level 0/0 for video/mpeg2
07-12 14:07:59.740  4888  5609 W VideoCapabilities: Unrecognized profile/level 0/2 for video/mpeg2
07-12 14:07:59.740  4888  5609 W VideoCapabilities: Unrecognized profile/level 0/3 for video/mpeg2
07-12 14:07:59.740  4888  5609 I VideoCapabilities: Unsupported profile 5 for video/mpeg2
07-12 14:07:59.740  4888  5609 I chatty  : uid=10189(com.github.android_app_bootstrap) Chrome_InProcGp identical 2 lines
07-12 14:07:59.740  4888  5609 I VideoCapabilities: Unsupported profile 5 for video/mpeg2
07-12 14:07:59.741  4888  5609 W VideoCapabilities: Unrecognized profile/level 1/32 for video/mp4v-es
07-12 14:07:59.742  4888  5609 W VideoCapabilities: Unrecognized profile/level 32768/2 for video/mp4v-es
07-12 14:07:59.742  4888  5609 W VideoCapabilities: Unrecognized profile/level 32768/64 for video/mp4v-es
07-12 14:07:59.750  5576  5597 E Parcel  : createBinderArrayList() errorinvalid N-1
07-12 14:07:59.760  5576  5605 I cr_LibraryLoader: Time to load native libraries: 1 ms (timestamps 485-486)
07-12 14:07:59.767  4888  5609 I VideoCapabilities: Unsupported profile 4 for video/mp4v-es
07-12 14:07:59.772  1919  2212 I hibernation: view add pid:4888 uid:10189
07-12 14:07:59.773  5576  5605 I chromium: [INFO:library_loader_hooks.cc(36)] Chromium logging enabled: level = 0, default verbosity = 0
07-12 14:07:59.774  5576  5605 I cr_LibraryLoader: Expected native library version number "71.0.3578.99", actual native library version number "71.0.3578.99"
07-12 14:07:59.777  4888  5609 W cr_MediaCodecUtil: HW encoder for video/avc is not available on this device.
07-12 14:07:59.791   749   947 W JankService: processEntry, not beta version or commercial log off
07-12 14:07:59.808  4888  4915 D OpenGLRenderer:   HWUI Binary is  enabled
07-12 14:07:59.808  4888  4915 D OpenGLRenderer: disableOutlineDraw is true
07-12 14:07:59.809  4888  4888 D HwAppInnerBoostImpl: asyncReportData com.github.android_app_bootstrap,2,1,2,0 interval=732
07-12 14:07:59.810   633  2093 E uniperf server: uniPerfEvent doParse failed, cmdId=4400
07-12 14:07:59.810   633  2093 D uniperf hal: do uniPerfEvent failed, cmdId=4400, ret=2
07-12 14:07:59.816  1160  1522 V WindowManager: addWindow: Window{2d92e7d u0 Toast}
07-12 14:07:59.858  4888  4915 D mali_winsys: EGLint new_window_surface(egl_winsys_display *, void *, EGLSurface, EGLConfig, egl_winsys_surface **, EGLBoolean) returns 0x3000
07-12 14:07:59.858  4888  4888 I ViewRootImpl: jank_removeInvalidNode jank list is null
07-12 14:07:59.861  4888  4915 D OpenGLRenderer:   HWUI Binary is  enabled
07-12 14:07:59.862  4888  4915 D OpenGLRenderer: disableOutlineDraw is true
07-12 14:07:59.865  4888  5620 W cr_CrashFileManager: /data/user/0/com.github.android_app_bootstrap/cache/WebView/Crash Reports does not exist or is not a directory
07-12 14:08:00.003  1160  1160 V AlarmManager: Received TIME_TICK alarm; rescheduling
07-12 14:08:00.005  1160  1160 I HwAlarmManagerService: hwSetAlarm listenerTag: time_tick
07-12 14:08:00.025  1737  1737 E DateView: DateView,mCurrentTime: 1562911680025
07-12 14:08:00.038  1737  1737 W HwKeyguardDragHelper: AnimationBlocked 
07-12 14:08:00.042  1737  1737 I EventCenter: EventCenter Get :android.intent.action.TIME_TICK
07-12 14:08:00.043  1737  1737 D WeatherHelper: City info empty
07-12 14:08:00.044  1737  1737 E ndroid.systemu: No package ID ff found for ID 0xffffffff.
07-12 14:08:00.046  1737  1737 D WeatherHelper: City info empty
07-12 14:08:00.048  1737  1737 E ndroid.systemu: No package ID ff found for ID 0xffffffff.
07-12 14:08:00.048  1737  1737 D KeyguardUpdateMonitor: received broadcast android.intent.action.TIME_TICK
07-12 14:08:00.049  1737  1737 D KeyguardUpdateMonitor: handleTimeUpdate
07-12 14:08:00.049  1737  1949 I KeyguardStatusView: Runnable for refresh
07-12 14:08:00.051  1737  1737 D WeatherHelper: City info empty
07-12 14:08:00.051  4888  4888 I sample  :  debug:onReceivedTitle:test
07-12 14:08:00.052  1973  1973 I HwLauncher: Model  onReceive intent=Intent { act=android.intent.action.TIME_TICK flg=0x50200014 hwFlg=0x900 (has extras) }
07-12 14:08:00.052  1973  1973 I HwLauncher: Model  onReceive user=UserHandle{0}
07-12 14:08:00.088  1160 11125 V BroadcastQueue: Finished with ordered broadcast BroadcastRecord{8dd1ab1 u-1 android.intent.action.TIME_TICK}
07-12 14:08:00.128  1919  2212 I hibernation: view remove pid:4888 uid:10189
07-12 14:08:00.130  4888  4915 W libEGL  : EGLNativeWindowType 0x7afb2bf010 disconnect failed
07-12 14:08:00.132  1160 11125 V WindowManager: removeIfPossible: Window{2d92e7d u0 Toast}
07-12 14:08:00.138  1160 11125 V WindowManager: Not removing Window{2d92e7d u0 Toast EXITING} due to exit animation 
07-12 14:08:00.143  1737  1737 D WeatherHelper: City info empty
07-12 14:08:00.144  1737  1737 D DateTimeView: Change to single clock mode!
07-12 14:08:00.144  1737  1737 D WeatherHelper: City info empty
07-12 14:08:00.145  1737  1737 I ColorPickUitls: type = 2
07-12 14:08:00.145  1737  1737 D WeatherHelper: City info empty
07-12 14:08:00.146  1737  1737 D DateTimeView: Change to single clock mode!
07-12 14:08:00.146  1737  1737 D WeatherHelper: City info empty
07-12 14:08:00.147  1737  1737 I ColorPickUitls: type = 2
07-12 14:08:00.152  1160 11125 V WindowManager: removeIfPossible: Window{2d92e7d u0 Toast EXITING}
07-12 14:08:00.152  1160 11125 V WindowManager: Not removing Window{2d92e7d u0 Toast EXITING} due to exit animation 
07-12 14:08:00.158  1160 11125 W WindowManager: removeWindowToken: Attempted to remove non-existing token: android.os.Binder@2d2765b
07-12 14:08:00.159  1160 11125 I NotificationService: cancelToast pkg=com.github.android_app_bootstrap callback=android.app.ITransientNotification$Stub$Proxy@35f0304
07-12 14:08:00.161  1160 11125 W WindowManager: removeWindowToken: Attempted to remove non-existing token: android.os.Binder@2d2765b
07-12 14:08:00.244  1160  1511 V WindowManager: Exit animation finished in Window{2d92e7d u0 Toast EXITING}: remove=true
07-12 14:08:00.270  1160  1511 V WindowManager: postWindowRemoveCleanupLocked: Window{2d92e7d u0 Toast}
07-12 14:08:00.271  1160  1511 V WindowManager: Removing Window{2d92e7d u0 Toast} from WindowToken{90e4ef8 android.os.Binder@2d2765b}
07-12 14:08:00.297  5635  5635 I chatty  : uid=2000(shell) dumpsys expire 1 line
07-12 14:08:00.311 18851 18851 E android.browse: Invalid ID 0x6000000d.
07-12 14:08:00.311 18851 18851 E android.browse: No package ID 07 found for ID 0x07654321.
07-12 14:08:00.312 18851 18851 E android.browse: No package ID 08 found for ID 0x08f90000.
07-12 14:08:00.312 18851 18851 E android.browse: No package ID 08 found for ID 0x08f90000.
07-12 14:08:00.343  4888  4888 W d_app_bootstra: Accessing hidden method Landroid/text/SpannableStringInternal;->length()I (light greylist, linking)
07-12 14:08:00.441  5649  5649 I chatty  : uid=2000(shell) dumpsys expire 1 line
07-12 14:08:00.453 18851 18851 E android.browse: Invalid ID 0x6000000d.
07-12 14:08:00.454 18851 18851 E android.browse: No package ID 07 found for ID 0x07654321.
07-12 14:08:00.454 18851 18851 E android.browse: No package ID 08 found for ID 0x08f90000.
07-12 14:08:00.454 18851 18851 E android.browse: No package ID 08 found for ID 0x08f90000.
07-12 14:08:00.470  1737  1737 D StatusBarIconController: setIconVisibility icon is null or visibility not change visibility=false
07-12 14:08:00.471  1737  1737 D StatusBarIconController: setIconVisibility icon is null or visibility not change visibility=false
07-12 14:08:00.481  4888  4888 V AudioManager: playSoundEffect   effectType: 0
07-12 14:08:00.481  4888  4888 V AudioManager: querySoundEffectsEnabled...
07-12 14:08:00.482  4888  4888 D HwAppInnerBoostImpl: asyncReportData com.github.android_app_bootstrap,1,1,3,0 interval=1406
07-12 14:08:00.484   633  2093 E uniperf server: uniPerfEvent doParse failed, cmdId=4402
07-12 14:08:00.484   633  2093 D uniperf hal: do uniPerfEvent failed, cmdId=4402, ret=2
07-12 14:08:00.501  5657  5657 W dumpsys : type=1400 audit(0.0:26656): avc: denied { read } for name="pipe-max-size" dev="proc" ino=3013222 scontext=u:r:shell:s0 tcontext=u:object_r:proc_pipe_conf:s0 tclass=file permissive=0
07-12 14:08:00.520 18851 18851 E android.browse: Invalid ID 0x6000000d.
07-12 14:08:00.520 18851 18851 E android.browse: No package ID 07 found for ID 0x07654321.
07-12 14:08:00.520 18851 18851 E android.browse: No package ID 08 found for ID 0x08f90000.
07-12 14:08:00.521 18851 18851 E android.browse: No package ID 08 found for ID 0x08f90000.
07-12 14:08:00.570  4888  4888 I sample  :  debug:init webview
07-12 14:08:00.597  4888  4888 I sample  :  debug:loadurl :https://www.baidu.com
07-12 14:08:00.623   573  5665 D libc    : GetAddrInfoHandler addr: 168.61.1
07-12 14:08:00.634  4888  4888 D HwAppInnerBoostImpl: asyncReportData com.github.android_app_bootstrap,1,2,2,6 interval=1557
07-12 14:08:00.636   633  2093 E uniperf server: uniPerfEvent doParse failed, cmdId=4403
07-12 14:08:00.636   633  2093 D uniperf hal: do uniPerfEvent failed, cmdId=4403, ret=2
07-12 14:08:00.665  1919  2212 I hibernation: view add pid:4888 uid:10189
07-12 14:08:00.666  4888  4915 D OpenGLRenderer:   HWUI Binary is  enabled
07-12 14:08:00.666  4888  4915 D OpenGLRenderer: disableOutlineDraw is true
07-12 14:08:00.673  1160 11125 V WindowManager: addWindow: Window{9391888 u0 Toast}
07-12 14:08:00.690   749   947 W JankService: processEntry, not beta version or commercial log off
07-12 14:08:00.701  4888  4915 D mali_winsys: EGLint new_window_surface(egl_winsys_display *, void *, EGLSurface, EGLConfig, egl_winsys_surface **, EGLBoolean) returns 0x3000
07-12 14:08:00.703  4888  4915 D OpenGLRenderer:   HWUI Binary is  enabled
07-12 14:08:00.703  4888  4915 D OpenGLRenderer: disableOutlineDraw is true
07-12 14:08:00.722  4888  5594 D NetworkSecurityConfig: No Network Security Config specified, using platform default
07-12 14:08:00.728   645   934 I chatty  : uid=1000(system) unnamed expire 1 line
07-12 14:08:00.738  4888  4888 D HwAppInnerBoostImpl: asyncReportData com.github.android_app_bootstrap,1,1,4,0 interval=1662
07-12 14:08:00.739   633  2093 E uniperf server: uniPerfEvent doParse failed, cmdId=4402
07-12 14:08:00.740   633  2093 D uniperf hal: do uniPerfEvent failed, cmdId=4402, ret=2
07-12 14:08:00.902  1160  1696 E TaskPersister: File error accessing recents directory (directory doesn't exist?).
07-12 14:08:00.989  1160  1524 D HwBatteryService: onUEvent fcpStatus = 0,scpStatus =0,ovpStatus=0
07-12 14:08:00.995  1160  1524 I HwBatteryService: quick charge status : 0
07-12 14:08:00.996  1160  1524 I HwBatteryService: handleWirelessTxStatus
07-12 14:08:00.996  1160  1524 I HwBatteryService: switch not open, return, mWirelessTxFlag : 0
07-12 14:08:00.999  1160  1524 I UsbDeviceManager: water_intrused state= 0
07-12 14:08:01.027  4888  4888 I sample  :  debug:onReceivedTitle:
07-12 14:08:01.030  4888  4888 D HwAppInnerBoostImpl: asyncReportData com.github.android_app_bootstrap,1,1,5,0 interval=1953
07-12 14:08:01.035   633  2093 E uniperf server: uniPerfEvent doParse failed, cmdId=4402
07-12 14:08:01.035   633  2093 D uniperf hal: do uniPerfEvent failed, cmdId=4402, ret=2
07-12 14:08:01.096  1160  1245 W WindowManager: Unable to start animation, surface is null or no children.
