07-12 14:07:13.308  1160  1160 D SecurityProfileDB:                 "GREEN"
07-12 14:07:13.308  1160  1160 D SecurityProfileDB:             ]
07-12 14:07:13.308  1160  1160 D SecurityProfileDB:         },
07-12 14:07:13.308  1160  1160 D SecurityProfileDB:         "com.example.android.notepad": {
07-12 14:07:13.308  1160  1160 D SecurityProfileDB:             "policy_version": 2,
07-12 14:07:13.308  1160  1160 D SecurityProfileDB:             "apk_digest": {
07-12 14:07:13.308  1160  1160 D SecurityProfileDB:                 "digest_algorithm": "SHA-256",
07-12 14:07:13.308  1160  1160 D SecurityProfileDB:                 "digest": "wUzFtRj6JlG3uHTlbsJGgmW6x1JBKsCw1RQXn6BP2co=",
07-12 14:07:13.308  1160  1160 D SecurityProfileDB:                 "signature_scheme": "v2"
07-12 14:07:13.308  1160  1160 D SecurityProfileDB:             },
07-12 14:07:13.308  1160  1160 D SecurityProfileDB:             "rules": [],
07-12 14:07:13.308  1160  1160 D SecurityProfileDB:             "labels": [
07-12 14:07:13.308  1160  1160 D SecurityProfileDB:                 "GREEN"
07-12 14:07:13.308  1160  1160 D SecurityProfileDB:             ]
07-12 14:07:13.308  1160  1160 D SecurityProfileDB:         },
07-12 14:07:13.308  1160  1160 D SecurityProfileDB:         "com.android.gallery3d": {
07-12 14:07:13.308  1160  1160 D SecurityProfileDB:             "policy_version": 3,
07-12 14:07:13.308  1160  1160 D SecurityProfileDB:             "apk_digest": {
07-12 14:07:13.308  1160  1160 D SecurityProfileDB:                 "digest_algorithm": "SHA-256",
07-12 14:07:13.308  1160  1160 D SecurityProfileDB:                 "digest": "TD32mWwW3nfW0kmrOW\/6w8GB\/cXSenoEsX5GqGDotCs=",
07-12 14:07:13.308  1160  1160 D SecurityProfileDB:                 "signature_scheme": "v2"
07-12 14:07:13.308  1160  1160 D SecurityProfileDB:             },
07-12 14:07:13.308  1160  1160 D SecurityProfileDB:             "rules": [],
07-12 14:07:13.308  1160  1160 D SecurityProfileDB:             "labels": [
07-12 14:07:13.308  1160  1160 D SecurityProfileDB:                 "GREEN"
07-12 14:07:13.308  1160  1160 D SecurityProfileDB:             ]
07-12 14:07:13.308  1160  1160 D SecurityProfileDB:         },
07-12 14:07:13.308  1160  1160 D SecurityProfileDB:         "com.huawei.rcsserviceapplication": {
07-12 14:07:13.308  1160  1160 D SecurityProfileDB:             "policy_version": 8,
07-12 14:07:13.308  1160  1160 D SecurityProfileDB:             "apk_digest": {
07-12 14:07:13.308  1160  1160 D SecurityProfileDB:                 "digest_algorithm": "SHA-256",
07-12 14:07:13.308  1160  1160 D SecurityProfileDB:                 "digest": "lL1FyYO7PQqk9NS7Dd7HXvyQROCZHFxkj8f016MzEhQ=",
07-12 14:07:13.308  1160  1160 D SecurityProfileDB:                 "signature_scheme": "v2"
07-12 14:07:13.308  1160  1160 D SecurityProfileDB:             },
07-12 14:07:13.308  1160  1160 D SecurityProfileDB:             "rules": [],
07-12 14:07:13.308  1160  1160 D SecurityProfileDB:             "labels": [
07-12 14:07:13.308  1160  1160 D SecurityProfileDB:                 "GREEN"
07-12 14:07:13.308  1160  1160 D SecurityProfileDB:             ]
07-12 14:07:13.308  1160  1160 D SecurityProfileDB:         },
07-12 14:07:13.308  1160  1160 D SecurityProfileDB:         "com.suning.mobile.ebuy": {
07-12 14:07:13.308  1160  1160 D SecurityProfileDB:             "policy_version": 4,
07-12 14:07:13.308  1160  1160 D SecurityProfileDB:             "apk_digest": {
07-12 14:07:13.308  1160  1160 D SecurityProfileDB:                 "digest_algorithm": "SHA-256",
07-12 14:07:13.308  1160  1160 D SecurityProfileDB:                 "digest": "gevibRJOsrvzbInwhrk+D2Led84IIKGVVBKOTKDPFI8=",
07-12 14:07:13.308  1160  1160 D SecurityProfileDB:                 "signature_scheme": "v1_manifest"
07-12 14:07:13.308  1160  1160 D SecurityProfileDB:             },
07-12 14:07:13.308  1160  1160 D SecurityProfileDB:             "rules": [],
07-12 14:07:13.308  1160  1160 D SecurityProfileDB:             "labels": [
07-12 14:07:13.308  1160  1160 D SecurityProfileDB:                 "GREEN"
07-12 14:07:13.308  1160  1160 D SecurityProfileDB:             ]
07-12 14:07:13.308  1160  1160 D SecurityProfileDB:         },
07-12 14:07:13.308  1160  1160 D SecurityProfileDB:         "com.huawei.health": {
07-12 14:07:13.308  1160  1160 D SecurityProfileDB:             "policy_version": 3,
07-12 14:07:13.308  1160  1160 D SecurityProfileDB:             "apk_digest": {
07-12 14:07:13.308  1160  1160 D SecurityProfileDB:                 "digest_algorithm": "SHA-256",
07-12 14:07:13.308  1160  1160 D SecurityProfileDB:                 "digest": "rdjdHVoumN9pQocmChF6QUqcUK9QsyiveFy\/FGYBOiU=",
07-12 14:07:13.308  1160  1160 D SecurityProfileDB:                 "signature_scheme": "v1_manifest"
07-12 14:07:13.308  1160  1160 D SecurityProfileDB:             },
07-12 14:07:13.308  1160  1160 D SecurityProfileDB:             "rules": [],
07-12 14:07:13.308  1160  1160 D SecurityProfileDB:             "labels": [
07-12 14:07:13.308  1160  1160 D SecurityProfileDB:                 "GREEN"
07-12 14:07:13.308  1160  1160 D SecurityProfileDB:             ]
07-12 14:07:13.308  1160  1160 D SecurityProfileDB:         },
07-12 14:07:13.308  1160  1160 D SecurityProfileDB:         "com.taobao.taobao": {
07-12 14:07:13.308  1160  1160 D SecurityProfileDB:             "policy_version": 3,
07-12 14:07:13.308  1160  1160 D SecurityProfileDB:             "apk_digest": {
07-12 14:07:13.308  1160  1160 D SecurityProfileDB:                 "digest_algorithm": "SHA-256",
07-12 14:07:13.308  1160  1160 D SecurityProfileDB:                 "digest": "4jAFagQCIf+ml6qvM2p3Y6zZoU\/5yel36HfkW0SoC+w=",
07-12 14:07:13.308  1160  1160 D SecurityProfileDB:                 "signature_scheme": "v2"
07-12 14:07:13.308  1160  1160 D SecurityProfileDB:  
07-12 14:07:13.333  1160  1208 E AutofillSession: Error notifying client to finish session
07-12 14:07:13.333  1160  1208 E AutofillSession: android.os.DeadObjectException
07-12 14:07:13.333  1160  1208 E AutofillSession: 	at android.os.BinderProxy.transactNative(Native Method)
07-12 14:07:13.333  1160  1208 E AutofillSession: 	at android.os.BinderProxy.transact(Binder.java:1147)
07-12 14:07:13.333  1160  1208 E AutofillSession: 	at android.view.autofill.IAutoFillManagerClient$Stub$Proxy.setSessionFinished(IAutoFillManagerClient.java:512)
07-12 14:07:13.333  1160  1208 E AutofillSession: 	at com.android.server.autofill.Session.forceRemoveSelfLocked(Session.java:2781)
07-12 14:07:13.333  1160  1208 E AutofillSession: 	at com.android.server.autofill.Session.forceRemoveSelfLocked(Session.java:2768)
07-12 14:07:13.333  1160  1208 E AutofillSession: 	at com.android.server.autofill.AutofillManagerServiceImpl.destroySessionsLocked(AutofillManagerServiceImpl.java:1042)
07-12 14:07:13.333  1160  1208 E AutofillSession: 	at com.android.server.autofill.AutofillManagerService.updateCachedServiceLocked(AutofillManagerService.java:579)
07-12 14:07:13.333  1160  1208 E AutofillSession: 	at com.android.server.autofill.AutofillManagerService.updateCachedServiceLocked(AutofillManagerService.java:569)
07-12 14:07:13.333  1160  1208 E AutofillSession: 	at com.android.server.autofill.AutofillManagerService.access$400(AutofillManagerService.java:100)
07-12 14:07:13.333  1160  1208 E AutofillSession: 	at com.android.server.autofill.AutofillManagerService$2.onSomePackagesChanged(AutofillManagerService.java:215)
07-12 14:07:13.333  1160  1208 E AutofillSession: 	at com.android.internal.content.PackageMonitor.onReceive(PackageMonitor.java:451)
07-12 14:07:13.333  1160  1208 E AutofillSession: 	at android.app.LoadedApk$ReceiverDispatcher$Args.lambda$getRunnable$0(LoadedApk.java:1545)
07-12 14:07:13.333  1160  1208 E AutofillSession: 	at android.app.-$$Lambda$LoadedApk$ReceiverDispatcher$Args$_BumDX2UKsnxLVrE6UJsJZkotuA.run(Unknown Source:2)
07-12 14:07:13.333  1160  1208 E AutofillSession: 	at android.os.Handler.handleCallback(Handler.java:891)
07-12 14:07:13.333  1160  1208 E AutofillSession: 	at android.os.Handler.dispatchMessage(Handler.java:102)
07-12 14:07:13.333  1160  1208 E AutofillSession: 	at android.os.Looper.loop(Looper.java:207)
07-12 14:07:13.333  1160  1208 E AutofillSession: 	at android.os.HandlerThread.run(HandlerThread.java:65)
07-12 14:07:13.333  1160  1208 E AutofillSession: Error notifying client to finish session
07-12 14:07:13.333  1160  1208 E AutofillSession: android.os.DeadObjectException
07-12 14:07:13.333  1160  1208 E AutofillSession: 	at android.os.BinderProxy.transactNative(Native Method)
07-12 14:07:13.333  1160  1208 E AutofillSession: 	at android.os.BinderProxy.transact(Binder.java:1147)
07-12 14:07:13.333  1160  1208 E AutofillSession: 	at android.view.autofill.IAutoFillManagerClient$Stub$Proxy.setSessionFinished(IAutoFillManagerClient.java:512)
07-12 14:07:13.333  1160  1208 E AutofillSession: 	at com.android.server.autofill.Session.forceRemoveSelfLocked(Session.java:2781)
07-12 14:07:13.333  1160  1208 E AutofillSession: 	at com.android.server.autofill.Session.forceRemoveSelfLocked(Session.java:2768)
07-12 14:07:13.333  1160  1208 E AutofillSession: 	at com.android.server.autofill.AutofillManagerServiceImpl.destroySessionsLocked(AutofillManagerServiceImpl.java:1042)
07-12 14:07:13.333  1160  1208 E AutofillSession: 	at com.android.server.autofill.AutofillManagerService.updateCachedServiceLocked(AutofillManagerService.java:579)
07-12 14:07:13.333  1160  1208 E AutofillSession: 	at com.android.server.autofill.AutofillManagerService.updateCachedServiceLocked(AutofillManagerService.java:569)
07-12 14:07:13.333  1160  1208 E AutofillSession: 	at com.android.server.autofill.AutofillManagerService.access$400(AutofillManagerService.java:100)
07-12 14:07:13.333  1160  1208 E AutofillSession: 	at com.android.server.autofill.AutofillManagerService$2.onSomePackagesChanged(AutofillManagerService.java:215)
07-12 14:07:13.333  1160  1208 E AutofillSession: 	at com.android.internal.content.PackageMonitor.onReceive(PackageMonitor.java:451)
07-12 14:07:13.333  1160  1208 E AutofillSession: 	at android.app.LoadedApk$ReceiverDispatcher$Args.lambda$getRunnable$0(LoadedApk.java:1545)
07-12 14:07:13.333  1160  1208 E AutofillSession: 	at android.app.-$$Lambda$LoadedApk$ReceiverDispatcher$Args$_BumDX2UKsnxLVrE6UJsJZkotuA.run(Unknown Source:2)
07-12 14:07:13.333  1160  1208 E AutofillSession: 	at android.os.Handler.handleCallback(Handler.java:891)
07-12 14:07:13.333  1160  1208 E AutofillSession: 	at android.os.Handler.dispatchMessage(Handler.java:102)
07-12 14:07:13.333  1160  1208 E AutofillSession: 	at android.os.Looper.loop(Looper.java:207)
07-12 14:07:13.333  1160  1208 E AutofillSession: 	at android.os.HandlerThread.run(HandlerThread.java:65)
07-12 14:07:13.334  1160  1208 W ContextImpl: Calling a method in the system process without a qualified user: android.app.ContextImpl.startService:1796 com.android.server.security.trustspace.TrustSpaceManagerService.handlePackageDisappeared:294 com.android.server.security.trustspace.TrustSpaceManagerService.access$800:57 com.android.server.security.trustspace.TrustSpaceManagerService$MyPackageMonitor.onPackageRemoved:169 com.android.internal.content.PackageMonitor.onReceive:370 
07-12 14:07:13.339  1160  2001 V HwNotificationManagerService: Notification db cfg changed
07-12 14:07:13.366 32753 32753 W ContextImpl: Calling a method in the system process without a qualified user: android.app.ContextImpl.startService:1796 android.content.ContextWrapper.startService:664 android.content.ContextWrapper.startService:664 com.huawei.systemmanager.antivirus.utils.AntiVirusTools.deleteVirusApk:740 com.huawei.systemmanager.antivirus.AntiVirusReceiver.handlerPackageRemoved:58 
07-12 14:07:13.374  1160  1174 D PackageManager: resolve intent for uid:10021, matchs:3, res:ResolveInfo{95ce98f com.huawei.android.launcher/.unihome.UniHomeLauncher m=0x108000}
07-12 14:07:13.376  1160  1160 D SecurityProfileUtils: getInstalledApkPath name not found,packageName:com.github.android_app_bootstrap,userId:0
07-12 14:07:13.376  1160  1160 I SecurityProfileService: update PackageSigned Info Action:remove, packageName:com.github.android_app_bootstrap
07-12 14:07:13.377  1160  1160 D SecurityProfileDB: writing: {
07-12 14:07:13.377  1160  1160 D SecurityProfileDB:     "overlay_labels": {},
07-12 14:07:13.377  1160  1160 D SecurityProfileDB:     "domains": {
07-12 14:07:13.377  1160  1160 D SecurityProfileDB:         "com.huawei.mycenter": {
07-12 14:07:13.377  1160  1160 D SecurityProfileDB:             "policy_version": 3,
07-12 14:07:13.377  1160  1160 D SecurityProfileDB:             "apk_digest": {
07-12 14:07:13.377  1160  1160 D SecurityProfileDB:                 "digest_algorithm": "SHA-256",
07-12 14:07:13.377  1160  1160 D SecurityProfileDB:                 "digest": "WrCnlug7avgMeo+cEtSs1snLGJ+GtususqR4hsptLaw=",
07-12 14:07:13.377  1160  1160 D SecurityProfileDB:                 "signature_scheme": "v2"
07-12 14:07:13.377  1160  1160 D SecurityProfileDB:             },
07-12 14:07:13.377  1160  1160 D SecurityProfileDB:             "rules": [],
07-12 14:07:13.377  1160  1160 D SecurityProfileDB:             "labels": [
07-12 14:07:13.377  1160  1160 D SecurityProfileDB:                 "GREEN"
07-12 14:07:13.377  1160  1160 D SecurityProfileDB:             ]
07-12 14:07:13.377  1160  1160 D SecurityProfileDB:         },
07-12 14:07:13.377  1160  1160 D SecurityProfileDB:         "com.huawei.scanner": {
07-12 14:07:13.377  1160  1160 D SecurityProfileDB:             "policy_version": 2,
07-12 14:07:13.377  1160  1160 D SecurityProfileDB:             "apk_digest": {
07-12 14:07:13.377  1160  1160 D SecurityProfileDB:                 "digest_algorithm": "SHA-256",
07-12 14:07:13.377  1160  1160 D SecurityProfileDB:                 "digest": "o08UVMOogzO\/CABe7MVxnmSsTSwX728gB1RRjMXhWK8=",
07-12 14:07:13.377  1160  1160 D SecurityProfileDB:                 "signature_scheme": "v2"
07-12 14:07:13.377  1160  1160 D SecurityProfileDB:             },
07-12 14:07:13.377  1160  1160 D SecurityProfileDB:             "rules": [],
07-12 14:07:13.377  1160  1160 D SecurityProfileDB:             "labels": [
07-12 14:07:13.377  1160  1160 D SecurityProfileDB:                 "GREEN"
07-12 14:07:13.377  1160  1160 D SecurityProfileDB:             ]
07-12 14:07:13.377  1160  1160 D SecurityProfileDB:         },
07-12 14:07:13.377  1160  1160 D SecurityProfileDB:         "com.huawei.vassistant": {
07-12 14:07:13.377  1160  1160 D SecurityProfileDB:             "policy_version": 2,
07-12 14:07:13.377  1160  1160 D SecurityProfileDB:             "apk_digest": {
07-12 14:07:13.377  1160  1160 D SecurityProfileDB:                 "digest_algorithm": "SHA-256",
07-12 14:07:13.377  1160  1160 D SecurityProfileDB:                 "digest": "GNmrwkVDQ0jib95wiI8cQ7xN8bYG3kRU4oFwj8jjM1M=",
07-12 14:07:13.377  1160  1160 D SecurityProfileDB:                 "signature_scheme": "v2"
07-12 14:07:13.377  1160  1160 D SecurityProfileDB:             },
07-12 14:07:13.377  1160  1160 D SecurityProfileDB:             "rules": [],
07-12 14:07:13.377  1160  1160 D SecurityProfileDB:             "labels": [
07-12 14:07:13.377  1160  1160 D SecurityProfileDB:                 "GREEN"
07-12 14:07:13.377  1160  1160 D SecurityProfileDB:             ]
07-12 14:07:13.377  1160  1160 D SecurityProfileDB:         },
07-12 14:07:13.377  1160  1160 D SecurityProfileDB:         "com.huawei.search": {
07-12 14:07:13.377  1160  1160 D SecurityProfileDB:             "policy_version": 2,
07-12 14:07:13.377  1160  1160 D SecurityProfileDB:             "apk_digest": {
07-12 14:07:13.377  1160  1160 D SecurityProfileDB:                 "digest_algorithm": "SHA-256",
07-12 14:07:13.377  1160  1160 D SecurityProfileDB:                 "digest": "KdT13so+OJcDTIkNAeKXjifbh4iG2YU3CNHvCa4YufI=",
07-12 14:07:13.377  1160  1160 D SecurityProfileDB:                 "signature_scheme": "v2"
07-12 14:07:13.377  1160  1160 D SecurityProfileDB:             },
07-12 14:07:13.377  1160  1160 D SecurityProfileDB:             "rules": [],
07-12 14:07:13.377  1160  1160 D SecurityProfileDB:             "labels": [
07-12 14:07:13.377  1160  1160 D SecurityProfileDB:                 "NORMAL"
07-12 14:07:13.377  1160  1160 D SecurityProfileDB:             ]
07-12 14:07:13.377  1160  1160 D SecurityProfileDB:         },
07-12 14:07:13.377  1160  1160 D SecurityProfileDB:         "com.android.deskclock": {
07-12 14:07:13.377  1160  1160 D SecurityProfileDB:             "policy_version": 2,
07-12 14:07:13.377  1160  1160 D SecurityProfileDB:             "apk_digest": {
07-12 14:07:13.377  1160  1160 D SecurityProfileDB:                 "digest_algorithm": "SHA-256",
07-12 14:07:13.377  1160  1160 D SecurityProfileDB:                 "digest": "Rbp4EbtHQgMTHAbRPEncg8R+ETFPn5Zm4knD9+mlmBw=",
07-12 14:07:13.377  1160  1160 D SecurityProfileDB:                 "signature_scheme": "v2"
07-12 14:07:13.377  1160  1160 D SecurityProfileDB:             },
07-12 14:07:13.377  1160  1160 D SecurityProfileDB:             "rules": [],
07-12 14:07:13.377  1160  1160 D SecurityProfileDB:             "labels": [
07-12 14:07:13.377  1160  1160 D SecurityProfileDB:                 "GREEN"
07-12 14:07:13.377  1160  1160 D SecurityProfileDB:             ]
07-12 14:07:13.377  1160  1160 D SecurityProfileDB:         },
07-12 14:07:13.377  1160  1160 D SecurityProfileDB:         "com.example.android.notepad": {
07-12 14:07:13.377  1160  1160 D SecurityProfileDB:             "policy_version": 2,
07-12 14:07:13.377  1160  1160 D SecurityProfileDB:             "apk_digest": {
07-12 14:07:13.377  1160  1160 D SecurityProfileDB:                 "digest_algorithm": "SHA-256",
07-12 14:07:13.377  1160  1160 D SecurityProfileDB:                 "digest": "wUzFtRj6JlG3uHTlbsJGgmW6x1JBKsCw1RQXn6BP2co=",
07-12 14:07:13.377  1160  1160 D SecurityProfileDB:                 "signature_scheme": "v2"
07-12 14:07:13.377  1160  1160 D SecurityProfileDB:             },
07-12 14:07:13.377  1160  1160 D SecurityProfileDB:             "rules": [],
07-12 14:07:13.377  1160  1160 D SecurityProfileDB:             "labels": [
07-12 14:07:13.377  1160  1160 D SecurityProfileDB:                 "GREEN"
07-12 14:07:13.377  1160  1160 D SecurityProfileDB:             ]
07-12 14:07:13.377  1160  1160 D SecurityProfileDB:         },
07-12 14:07:13.377  1160  1160 D SecurityProfileDB:         "com.android.gallery3d": {
07-12 14:07:13.377  1160  1160 D SecurityProfileDB:             "policy_version": 3,
07-12 14:07:13.377  1160  1160 D SecurityProfileDB:             "apk_digest": {
07-12 14:07:13.377  1160  1160 D SecurityProfileDB:                 "digest_algorithm": "SHA-256",
07-12 14:07:13.377  1160  1160 D SecurityProfileDB:                 "digest": "TD32mWwW3nfW0kmrOW\/6w8GB\/cXSenoEsX5GqGDotCs=",
07-12 14:07:13.377  1160  1160 D SecurityProfileDB:                 "signature_scheme": "v2"
07-12 14:07:13.377  1160  1160 D SecurityProfileDB:             },
07-12 14:07:13.377  1160  1160 D SecurityProfileDB:             "rules": [],
07-12 14:07:13.377  1160  1160 D SecurityProfileDB:             "labels": [
07-12 14:07:13.377  1160  1160 D SecurityProfileDB:                 "GREEN"
07-12 14:07:13.377  1160  1160 D SecurityProfileDB:             ]
07-12 14:07:13.377  1160  1160 D SecurityProfileDB:         },
07-12 14:07:13.377  1160  1160 D SecurityProfileDB:         "com.huawei.rcsserviceapplication": {
07-12 14:07:13.377  1160  1160 D SecurityProfileDB:             "policy_version": 8,
07-12 14:07:13.377  1160  1160 D SecurityProfileDB:             "apk_digest": {
07-12 14:07:13.377  1160  1160 D SecurityProfileDB:                 "digest_algorithm": "SHA-256",
07-12 14:07:13.377  1160  1160 D SecurityProfileDB:                 "digest": "lL1FyYO7PQqk9NS7Dd7HXvyQROCZHFxkj8f016MzEhQ=",
07-12 14:07:13.377  1160  1160 D SecurityProfileDB:                 "signature_scheme": "v2"
07-12 14:07:13.377  1160  1160 D SecurityProfileDB:             },
07-12 14:07:13.377  1160  1160 D SecurityProfileDB:             "rules": [],
07-12 14:07:13.377  1160  1160 D SecurityProfileDB:             "labels": [
07-12 14:07:13.377  1160  1160 D SecurityProfileDB:                 "GREEN"
07-12 14:07:13.377  1160  1160 D SecurityProfileDB:             ]
07-12 14:07:13.377  1160  1160 D SecurityProfileDB:         },
07-12 14:07:13.377  1160  1160 D SecurityProfileDB:         "com.suning.mobile.ebuy": {
07-12 14:07:13.377  1160  1160 D SecurityProfileDB:             "policy_version": 4,
07-12 14:07:13.377  1160  1160 D SecurityProfileDB:             "apk_digest": {
07-12 14:07:13.377  1160  1160 D SecurityProfileDB:                 "digest_algorithm": "SHA-256",
07-12 14:07:13.377  1160  1160 D SecurityProfileDB:                 "digest": "gevibRJOsrvzbInwhrk+D2Led84IIKGVVBKOTKDPFI8=",
07-12 14:07:13.377  1160  1160 D SecurityProfileDB:                 "signature_scheme": "v1_manifest"
07-12 14:07:13.377  1160  1160 D SecurityProfileDB:             },
07-12 14:07:13.377  1160  1160 D SecurityProfileDB:             "rules": [],
07-12 14:07:13.377  1160  1160 D SecurityProfileDB:             "labels": [
07-12 14:07:13.377  1160  1160 D SecurityProfileDB:                 "GREEN"
07-12 14:07:13.377  1160  1160 D SecurityProfileDB:             ]
07-12 14:07:13.377  1160  1160 D SecurityProfileDB:         },
07-12 14:07:13.377  1160  1160 D SecurityProfileDB:         "com.huawei.health": {
07-12 14:07:13.377  1160  1160 D SecurityProfileDB:             "policy_version": 3,
07-12 14:07:13.377  1160  1160 D SecurityProfileDB:             "apk_digest": {
07-12 14:07:13.377  1160  1160 D SecurityProfileDB:                 "digest_algorithm": "SHA-256",
07-12 14:07:13.377  1160  1160 D SecurityProfileDB:                 "digest": "rdjdHVoumN9pQocmChF6QUqcUK9QsyiveFy\/FGYBOiU=",
07-12 14:07:13.377  1160  1160 D SecurityProfileDB:                 "signature_scheme": "v1_manifest"
07-12 14:07:13.377  1160  1160 D SecurityProfileDB:             },
07-12 14:07:13.377  1160  1160 D SecurityProfileDB:             "rules": [],
07-12 14:07:13.377  1160  1160 D SecurityProfileDB:             "labels": [
07-12 14:07:13.377  1160  1160 D SecurityProfileDB:                 "GREEN"
07-12 14:07:13.377  1160  1160 D SecurityProfileDB:             ]
07-12 14:07:13.377  1160  1160 D SecurityProfileDB:         },
07-12 14:07:13.377  1160  1160 D SecurityProfileDB:         "com.taobao.taobao": {
07-12 14:07:13.377  1160  1160 D SecurityProfileDB:             "policy_version": 3,
07-12 14:07:13.377  1160  1160 D SecurityProfileDB:             "apk_digest": {
07-12 14:07:13.377  1160  1160 D SecurityProfileDB:                 "digest_algorithm": "SHA-256",
07-12 14:07:13.377  1160  1160 D SecurityProfileDB:                 "digest": "4jAFagQCIf+ml6qvM2p3Y6zZoU\/5yel36HfkW0SoC+w=",
07-12 14:07:13.377  1160  1160 D SecurityProfileDB:                 "signature_scheme": "v2"
07-12 14:07:13.377  1160  1160 D SecurityProfileDB:  
07-12 14:07:13.387  1160  8829 D HwSecurityService: find this Resident Plugin
07-12 14:07:13.389  1160  2151 D HwAddViewManager: handleMessage msg=1
07-12 14:07:13.389  1160  2151 D HwAddViewManager: index:0 remove package:com.github.android_app_bootstrap
07-12 14:07:13.389  1160  2151 I HwAddViewManager: remove done, size 1
07-12 14:07:13.394  1160  2001 I ActivityManager: App 10110/com.baidu.BaiduMap targets O+, restricted
07-12 14:07:13.394  1160  2001 W BroadcastQueue: Background execution not allowed: receiving Intent { act=android.intent.action.PACKAGE_REMOVED dat=package:com.github.android_app_bootstrap flg=0x4000010 (has extras) } to com.baidu.BaiduMap/com.baidu.android.pushservice.RegistrationReceiver
07-12 14:07:13.399  1160  1217 I ActivityManager: App 10112/com.jingdong.app.mall targets O+, restricted
07-12 14:07:13.399  1160  1217 W BroadcastQueue: Background execution not allowed: receiving Intent { act=android.intent.action.PACKAGE_REMOVED dat=package:com.github.android_app_bootstrap flg=0x4000010 (has extras) } to com.jingdong.app.mall/.broadcastReceiver.AppStateRecevier
07-12 14:07:13.399  1160  1217 I ActivityManager: App 10112/com.jingdong.app.mall targets O+, restricted
07-12 14:07:13.399  1160  1217 W BroadcastQueue: Background execution not allowed: receiving Intent { act=android.intent.action.PACKAGE_REMOVED dat=package:com.github.android_app_bootstrap flg=0x4000010 (has extras) } to com.jingdong.app.mall/com.huawei.android.pushagent.PushEventReceiver
07-12 14:07:13.399  1160  1217 I ActivityManager: App 10116/com.ss.android.article.video targets O+, restricted
07-12 14:07:13.399  1160  1217 W BroadcastQueue: Background execution not allowed: receiving Intent { act=android.intent.action.PACKAGE_REMOVED dat=package:com.github.android_app_bootstrap flg=0x4000010 (has extras) } to com.ss.android.article.video/com.taobao.agoo.AgooCommondReceiver
07-12 14:07:13.400  1160  1217 I ActivityManager: App 10116/com.ss.android.article.video targets O+, restricted
07-12 14:07:13.400  1160  1217 W BroadcastQueue: Background execution not allowed: receiving Intent { act=android.intent.action.PACKAGE_REMOVED dat=package:com.github.android_app_bootstrap flg=0x4000010 (has extras) } to com.ss.android.article.video/com.aliyun.AliyunMessageReceiver
07-12 14:07:13.400  1160  1217 I ActivityManager: App 10116/com.ss.android.article.video targets O+, restricted
07-12 14:07:13.400  1160  1217 W BroadcastQueue: Background execution not allowed: receiving Intent { act=android.intent.action.PACKAGE_REMOVED dat=package:com.github.android_app_bootstrap flg=0x4000010 (has extras) } to com.ss.android.article.video/com.huawei.android.pushagent.PushEventReceiver
07-12 14:07:13.400  1160  1217 I ActivityManager: App 10116/com.ss.android.article.video targets O+, restricted
07-12 14:07:13.400  1160  1217 W BroadcastQueue: Background execution not allowed: receiving Intent { act=android.intent.action.PACKAGE_REMOVED dat=package:com.github.android_app_bootstrap flg=0x4000010 (has extras) } to com.ss.android.article.video/com.taobao.accs.EventReceiver
07-12 14:07:13.401  1160  1217 I ActivityManager: App 10116/com.ss.android.article.video targets O+, restricted
07-12 14:07:13.401  1160  1217 W BroadcastQueue: Background execution not allowed: receiving Intent { act=android.intent.action.PACKAGE_REMOVED dat=package:com.github.android_app_bootstrap flg=0x4000010 (has extras) } to com.ss.android.article.video/com.ss.android.message.MessageReceiver
07-12 14:07:13.402  1160  1217 I ActivityManager: App 10116/com.ss.android.article.video targets O+, restricted
07-12 14:07:13.402  1160  1217 W BroadcastQueue: Background execution not allowed: receiving Intent { act=android.intent.action.PACKAGE_REMOVED dat=package:com.github.android_app_bootstrap flg=0x4000010 (has extras) } to com.ss.android.article.video/com.baidu.android.pushservice.RegistrationReceiver
07-12 14:07:13.402  1160  1217 I ActivityManager: App 10118/com.suning.mobile.ebuy targets O+, restricted
07-12 14:07:13.402  1160  1217 W BroadcastQueue: Background execution not allowed: receiving Intent { act=android.intent.action.PACKAGE_REMOVED dat=package:com.github.android_app_bootstrap flg=0x4000010 (has extras) } to com.suning.mobile.ebuy/com.taobao.accs.EventReceiver
07-12 14:07:13.402  1160  1217 I ActivityManager: App 10118/com.suning.mobile.ebuy targets O+, restricted
07-12 14:07:13.402  1160  1217 W BroadcastQueue: Background execution not allowed: receiving Intent { act=android.intent.action.PACKAGE_REMOVED dat=package:com.github.android_app_bootstrap flg=0x4000010 (has extras) } to com.suning.mobile.ebuy/com.taobao.agoo.AgooCommondReceiver
07-12 14:07:13.402  1160  1217 V BroadcastQueue: Finished with ordered broadcast BroadcastRecord{e53043d u0 android.intent.action.PACKAGE_REMOVED}
07-12 14:07:13.402  1160  1217 I ActivityManager: App 10014/com.android.documentsui targets O+, restricted
07-12 14:07:13.410  1160  1174 W HwAlarmManagerService: isContainsAppUidInWorksource-->happend NameNotFoundException
07-12 14:07:13.410  1160  1174 W HwAlarmManagerService: isContainsAppUidInWorksource-->happend NameNotFoundException
07-12 14:07:13.412  1160  1174 I HwAlarmManagerService: hwSetAlarm listenerTag: *job.delay*
07-12 14:07:13.412  1160  1174 I JobScheduler.Time: mNextDelayExpiredElapsedMillis: 99548332
07-12 14:07:13.434  1160  1160 W Looper  : Slow dispatch took 128ms main h=android.app.ActivityThread$H c=android.app.-$$Lambda$LoadedApk$ReceiverDispatcher$Args$_BumDX2UKsnxLVrE6UJsJZkotuA@8c88fab m=0
07-12 14:07:13.437  1160  3230 V BroadcastQueue: Finished with ordered broadcast BroadcastRecord{f53341c u0 android.intent.action.PACKAGE_FULLY_REMOVED}
07-12 14:07:13.444  1160  1160 D WifiService: onReceive, action:android.intent.action.PACKAGE_FULLY_REMOVED
07-12 14:07:13.444  1160  1160 D WifiService: onReceive, action:android.intent.action.PACKAGE_FULLY_REMOVED no handle
07-12 14:07:13.445  1160  1160 V AlarmManager: UninstallReceiver onReceive action:android.intent.action.UID_REMOVED
07-12 14:07:13.446  1160  1160 I [SPMN]  : insert GLOBAL -- name = zen_mode, package = android, user = 0, value = 0
07-12 14:07:13.450  1160  2001 W HwAlarmManagerService: isContainsAppUidInWorksource-->happend NameNotFoundException
07-12 14:07:13.451  1160  2001 W HwAlarmManagerService: isContainsAppUidInWorksource-->happend NameNotFoundException
07-12 14:07:13.456  1160  1160 W Looper  : Drained
07-12 14:07:13.456  1160  4690 V HwNotificationManagerService: HwCfgLoadingRunnable: Starts 
07-12 14:07:13.464  1160  4690 D RankingHelper: RankingHelper: setSysMgrCfgMap: get default channel cfg size:82
07-12 14:07:13.464  1160  4690 V HwNotificationManagerService: HwCfgLoadingRunnable: get cfg size:137
07-12 14:07:13.464  1160  4690 V HwNotificationManagerService: HwCfgLoadingRunnable: Ends. 
07-12 14:07:13.494  1160  3230 D PackageManager: resolve intent for uid:10021, matchs:3, res:ResolveInfo{7380c80 com.huawei.android.launcher/.unihome.UniHomeLauncher m=0x108000}
07-12 14:07:13.503  1160  3230 E PowerManagerService: Exception when search wack lock :java.lang.IllegalArgumentException: Wake lock not active: android.os.BinderProxy@c4ed6de from uid 10021
07-12 14:07:13.510  1160  3230 V BroadcastQueue: Finished with ordered broadcast BroadcastRecord{4a423d9 u0 android.intent.action.UID_REMOVED}
07-12 14:07:13.539  1160  3230 D PackageManager: resolve intent for uid:10021, matchs:3, res:ResolveInfo{1ac82b9 com.huawei.android.launcher/.unihome.UniHomeLauncher m=0x108000}
07-12 14:07:13.557  1160  2001 D PackageManager: resolve intent for uid:10021, matchs:3, res:ResolveInfo{a5e36fe com.huawei.android.launcher/.unihome.UniHomeLauncher m=0x108000}
07-12 14:07:15.001  1848  1953 I DeepNoDisturbP: handleStateChanged reason=8
07-12 14:07:15.002  1848  1953 I HidataAppQoeP: handleStateChanged reason=8
07-12 14:07:15.007  1848  1953 I BrowserChrP: handleStateChanged
07-12 14:07:15.600  1160  1263 D SecurityProfileService: [SEAPP_TimeUsage]verifyPackage begin:1562911635600
07-12 14:07:15.600  1160  1263 D SecurityProfileService: verifyPackage apkPath:/data/app/vmdl1865699345.tmp/base.apk
07-12 14:07:15.600  1160  1263 E SecurityProfileService: Not found Exception No APK Signature Scheme v2 block in APK Signing Block
07-12 14:07:15.600  1160  1263 D SecurityProfileService: [SEAPP_TimeUsage]verifyPackage end:1562911635600, Total usage:0ms
07-12 14:07:15.613  1160  1263 D PackageManager: installPackageLI-> install derivePackageAbi case, pkg=Package{1685a57 com.github.android_app_bootstrap}, primaryCpuAbi=arm64-v8a
07-12 14:07:15.618  1160  1263 D PackageManager: mFrozenPackages add package:com.github.android_app_bootstrap
07-12 14:07:15.815  1160  1263 D PackageManager: mFrozenPackages remove package:com.github.android_app_bootstrap
07-12 14:07:15.822  1160  1263 I HwPackageManagerService: insertAppInfo pkgName:com.github.android_app_bootstrap time:99535966
07-12 14:07:15.822  1160  1263 V BackupManagerService: restoreAtInstall pkg=com.github.android_app_bootstrap token=d restoreSet=0
07-12 14:07:15.823  1160  1263 V BackupManagerService: Finishing install immediately
07-12 14:07:15.827  1160  1263 W ContextImpl: Calling a method in the system process without a qualified user: android.app.ContextImpl.sendBroadcast:1208 com.android.server.pm.HwPackageManagerService.parseInstalledPkgInfo:2926 com.android.server.pm.PackageManagerService.parseInstalledPkgInfo:26786 com.android.server.pm.PackageManagerService.access$1000:504 com.android.server.pm.PackageManagerService$PackageHandler.doHandleMessage:1921 
07-12 14:07:15.827  1160  1263 V HwPackageManagerService: POST_INSTALL:  pkgName = com.github.android_app_bootstrap, pkgUri = /data/app/vmdl1865699345.tmp;, pkgInstalledPath = /data/app/vmdl1865699345.tmp, pkgInstallerPackageName = , pkgVerName = 1.0, pkgVerCode = 1, resultCode = 1, pkgUpdate = false, pkgMetaHash = 39b01245cea12a26b9279f94b703d8ad0cf1453c39dfa640fc986add948303a0
07-12 14:07:15.907  1160  1611 D NetdConnector: SND -> {1461 firewall set_uid_rule standby 10189 deny}
07-12 14:07:15.915  1160  1605 D NetdConnector: RCV <- {200 1461 Firewall command succeeded}
07-12 14:07:15.915  1160  1605 D NetdConnector: RCV <- {200 1461 Firewall command succeeded}
07-12 14:07:15.921  1160  1160 V NotificationListeners: enabling notification listener for 0: ComponentInfo{com.baidu.searchbox/com.baidu.searchbox.lockscreen.notification.NotificationMonitorService}
07-12 14:07:15.942  1160  1208 I [SPMN]  : insert SECURE -- name = accessibility_enabled, package = android, user = 0, value = 1
07-12 14:07:15.959  1160  1160 V NotificationListeners: binding: Intent { act=android.service.notification.NotificationListenerService cmp=com.baidu.searchbox/.lockscreen.notification.NotificationMonitorService (has extras) }
07-12 14:07:15.962  1758  1758 W ContextImpl: Calling a method in the system process without a qualified user: android.app.ContextImpl.startService:1796 android.content.ContextWrapper.startService:664 android.content.ContextWrapper.startService:664 com.android.settings.applications.BlackListReceiver.onReceive:41 android.app.ActivityThread.handleReceiver:3856 
07-12 14:07:15.969  1160  1160 W NotificationListeners: Unable to bind notification listener service: Intent { act=android.service.notification.NotificationListenerService cmp=com.baidu.searchbox/.lockscreen.notification.NotificationMonitorService (has extras) }
07-12 14:07:15.969  1160  1160 W NotificationListeners: Not binding notification listener service ComponentInfo{com.achievo.vipshop/com.vips.weiaixingsdk.daemon.services.NotificationDaemonService}: service not found
07-12 14:07:15.969  1160  1160 W NotificationListeners: Not binding notification listener service ComponentInfo{android/com.android.server.emcom.grabservice.NotificationListener}: service not found
07-12 14:07:15.969  1160  1160 W NotificationAssistants: rebindServices() ignore for NotificationAssistantService
07-12 14:07:15.976  1160  1160 D SecurityProfileService: updatePackageInformation,packageName:com.github.android_app_bootstrap
07-12 14:07:15.976  1160  1160 D SecurityProfileService: updateDomainPolicies,packageList:[com.github.android_app_bootstrap]
07-12 14:07:15.976  1160  1160 D SecurityProfileService: resolveActiveDomainPolicies packageName com.github.android_app_bootstrap
07-12 14:07:15.977  1160  1160 D SecurityProfileUtils: getInstalledApkPath name success,packageName:com.github.android_app_bootstrap,userId:0,ApkPath:/data/app/com.github.android_app_bootstrap-dbAne2nQ8J1BAaGlLBUWSw==/base.apk
07-12 14:07:15.977  1160  1160 D SecurityProfileService: selected1 policy:{"labels":[]}
07-12 14:07:15.977  1160  1160 D SecurityProfileService: selected2 policy:{"labels":[]}
07-12 14:07:15.981  1160  1160 D SecurityProfileDB: writing: {
07-12 14:07:15.981  1160  1160 D SecurityProfileDB:     "overlay_labels": {},
07-12 14:07:15.981  1160  1160 D SecurityProfileDB:     "domains": {
07-12 14:07:15.981  1160  1160 D SecurityProfileDB:         "com.huawei.mycenter": {
07-12 14:07:15.981  1160  1160 D SecurityProfileDB:             "policy_version": 3,
07-12 14:07:15.981  1160  1160 D SecurityProfileDB:             "apk_digest": {
07-12 14:07:15.981  1160  1160 D SecurityProfileDB:                 "digest_algorithm": "SHA-256",
07-12 14:07:15.981  1160  1160 D SecurityProfileDB:                 "digest": "WrCnlug7avgMeo+cEtSs1snLGJ+GtususqR4hsptLaw=",
07-12 14:07:15.981  1160  1160 D SecurityProfileDB:                 "signature_scheme": "v2"
07-12 14:07:15.981  1160  1160 D SecurityProfileDB:             },
07-12 14:07:15.981  1160  1160 D SecurityProfileDB:             "rules": [],
07-12 14:07:15.981  1160  1160 D SecurityProfileDB:             "labels": [
07-12 14:07:15.981  1160  1160 D SecurityProfileDB:                 "GREEN"
07-12 14:07:15.981  1160  1160 D SecurityProfileDB:             ]
07-12 14:07:15.981  1160  1160 D SecurityProfileDB:         },
07-12 14:07:15.981  1160  1160 D SecurityProfileDB:         "com.huawei.scanner": {
07-12 14:07:15.981  1160  1160 D SecurityProfileDB:             "policy_version": 2,
07-12 14:07:15.981  1160  1160 D SecurityProfileDB:             "apk_digest": {
07-12 14:07:15.981  1160  1160 D SecurityProfileDB:                 "digest_algorithm": "SHA-256",
07-12 14:07:15.981  1160  1160 D SecurityProfileDB:                 "digest": "o08UVMOogzO\/CABe7MVxnmSsTSwX728gB1RRjMXhWK8=",
07-12 14:07:15.981  1160  1160 D SecurityProfileDB:                 "signature_scheme": "v2"
07-12 14:07:15.981  1160  1160 D SecurityProfileDB:             },
07-12 14:07:15.981  1160  1160 D SecurityProfileDB:             "rules": [],
07-12 14:07:15.981  1160  1160 D SecurityProfileDB:             "labels": [
07-12 14:07:15.981  1160  1160 D SecurityProfileDB:                 "GREEN"
07-12 14:07:15.981  1160  1160 D SecurityProfileDB:             ]
07-12 14:07:15.981  1160  1160 D SecurityProfileDB:         },
07-12 14:07:15.981  1160  1160 D SecurityProfileDB:         "com.huawei.vassistant": {
07-12 14:07:15.981  1160  1160 D SecurityProfileDB:             "policy_version": 2,
07-12 14:07:15.981  1160  1160 D SecurityProfileDB:             "apk_digest": {
07-12 14:07:15.981  1160  1160 D SecurityProfileDB:                 "digest_algorithm": "SHA-256",
07-12 14:07:15.981  1160  1160 D SecurityProfileDB:                 "digest": "GNmrwkVDQ0jib95wiI8cQ7xN8bYG3kRU4oFwj8jjM1M=",
07-12 14:07:15.981  1160  1160 D SecurityProfileDB:                 "signature_scheme": "v2"
07-12 14:07:15.981  1160  1160 D SecurityProfileDB:             },
07-12 14:07:15.981  1160  1160 D SecurityProfileDB:             "rules": [],
07-12 14:07:15.981  1160  1160 D SecurityProfileDB:             "labels": [
07-12 14:07:15.981  1160  1160 D SecurityProfileDB:                 "GREEN"
07-12 14:07:15.981  1160  1160 D SecurityProfileDB:             ]
07-12 14:07:15.981  1160  1160 D SecurityProfileDB:         },
07-12 14:07:15.981  1160  1160 D SecurityProfileDB:         "com.huawei.search": {
07-12 14:07:15.981  1160  1160 D SecurityProfileDB:             "policy_version": 2,
07-12 14:07:15.981  1160  1160 D SecurityProfileDB:             "apk_digest": {
07-12 14:07:15.981  1160  1160 D SecurityProfileDB:                 "digest_algorithm": "SHA-256",
07-12 14:07:15.981  1160  1160 D SecurityProfileDB:                 "digest": "KdT13so+OJcDTIkNAeKXjifbh4iG2YU3CNHvCa4YufI=",
07-12 14:07:15.981  1160  1160 D SecurityProfileDB:                 "signature_scheme": "v2"
07-12 14:07:15.981  1160  1160 D SecurityProfileDB:             },
07-12 14:07:15.981  1160  1160 D SecurityProfileDB:             "rules": [],
07-12 14:07:15.981  1160  1160 D SecurityProfileDB:             "labels": [
07-12 14:07:15.981  1160  1160 D SecurityProfileDB:                 "NORMAL"
07-12 14:07:15.981  1160  1160 D SecurityProfileDB:             ]
07-12 14:07:15.981  1160  1160 D SecurityProfileDB:         },
07-12 14:07:15.981  1160  1160 D SecurityProfileDB:         "com.android.deskclock": {
07-12 14:07:15.981  1160  1160 D SecurityProfileDB:             "policy_version": 2,
07-12 14:07:15.981  1160  1160 D SecurityProfileDB:             "apk_digest": {
07-12 14:07:15.981  1160  1160 D SecurityProfileDB:                 "digest_algorithm": "SHA-256",
07-12 14:07:15.981  1160  1160 D SecurityProfileDB:                 "digest": "Rbp4EbtHQgMTHAbRPEncg8R+ETFPn5Zm4knD9+mlmBw=",
07-12 14:07:15.981  1160  1160 D SecurityProfileDB:                 "signature_scheme": "v2"
07-12 14:07:15.981  1160  1160 D SecurityProfileDB:             },
07-12 14:07:15.981  1160  1160 D SecurityProfileDB:             "rules": [],
07-12 14:07:15.981  1160  1160 D SecurityProfileDB:             "labels": [
07-12 14:07:15.981  1160  1160 D SecurityProfileDB:                 "GREEN"
07-12 14:07:15.981  1160  1160 D SecurityProfileDB:             ]
07-12 14:07:15.981  1160  1160 D SecurityProfileDB:         },
07-12 14:07:15.981  1160  1160 D SecurityProfileDB:         "com.example.android.notepad": {
07-12 14:07:15.981  1160  1160 D SecurityProfileDB:             "policy_version": 2,
07-12 14:07:15.981  1160  1160 D SecurityProfileDB:             "apk_digest": {
07-12 14:07:15.981  1160  1160 D SecurityProfileDB:                 "digest_algorithm": "SHA-256",
07-12 14:07:15.981  1160  1160 D SecurityProfileDB:                 "digest": "wUzFtRj6JlG3uHTlbsJGgmW6x1JBKsCw1RQXn6BP2co=",
07-12 14:07:15.981  1160  1160 D SecurityProfileDB:                 "signature_scheme": "v2"
07-12 14:07:15.981  1160  1160 D SecurityProfileDB:             },
07-12 14:07:15.981  1160  1160 D SecurityProfileDB:             "rules": [],
07-12 14:07:15.981  1160  1160 D SecurityProfileDB:             "labels": [
07-12 14:07:15.981  1160  1160 D SecurityProfileDB:                 "GREEN"
07-12 14:07:15.981  1160  1160 D SecurityProfileDB:             ]
07-12 14:07:15.981  1160  1160 D SecurityProfileDB:         },
07-12 14:07:15.981  1160  1160 D SecurityProfileDB:         "com.android.gallery3d": {
07-12 14:07:15.981  1160  1160 D SecurityProfileDB:             "policy_version": 3,
07-12 14:07:15.981  1160  1160 D SecurityProfileDB:             "apk_digest": {
07-12 14:07:15.981  1160  1160 D SecurityProfileDB:                 "digest_algorithm": "SHA-256",
07-12 14:07:15.981  1160  1160 D SecurityProfileDB:                 "digest": "TD32mWwW3nfW0kmrOW\/6w8GB\/cXSenoEsX5GqGDotCs=",
07-12 14:07:15.981  1160  1160 D SecurityProfileDB:                 "signature_scheme": "v2"
07-12 14:07:15.981  1160  1160 D SecurityProfileDB:             },
07-12 14:07:15.981  1160  1160 D SecurityProfileDB:             "rules": [],
07-12 14:07:15.981  1160  1160 D SecurityProfileDB:             "labels": [
07-12 14:07:15.981  1160  1160 D SecurityProfileDB:                 "GREEN"
07-12 14:07:15.981  1160  1160 D SecurityProfileDB:             ]
07-12 14:07:15.981  1160  1160 D SecurityProfileDB:         },
07-12 14:07:15.981  1160  1160 D SecurityProfileDB:         "com.huawei.rcsserviceapplication": {
07-12 14:07:15.981  1160  1160 D SecurityProfileDB:             "policy_version": 8,
07-12 14:07:15.981  1160  1160 D SecurityProfileDB:             "apk_digest": {
07-12 14:07:15.981  1160  1160 D SecurityProfileDB:                 "digest_algorithm": "SHA-256",
07-12 14:07:15.981  1160  1160 D SecurityProfileDB:                 "digest": "lL1FyYO7PQqk9NS7Dd7HXvyQROCZHFxkj8f016MzEhQ=",
07-12 14:07:15.981  1160  1160 D SecurityProfileDB:                 "signature_scheme": "v2"
07-12 14:07:15.981  1160  1160 D SecurityProfileDB:             },
07-12 14:07:15.981  1160  1160 D SecurityProfileDB:             "rules": [],
07-12 14:07:15.981  1160  1160 D SecurityProfileDB:             "labels": [
07-12 14:07:15.981  1160  1160 D SecurityProfileDB:                 "GREEN"
07-12 14:07:15.981  1160  1160 D SecurityProfileDB:             ]
07-12 14:07:15.981  1160  1160 D SecurityProfileDB:         },
07-12 14:07:15.981  1160  1160 D SecurityProfileDB:         "com.suning.mobile.ebuy": {
07-12 14:07:15.981  1160  1160 D SecurityProfileDB:             "policy_version": 4,
07-12 14:07:15.981  1160  1160 D SecurityProfileDB:             "apk_digest": {
07-12 14:07:15.981  1160  1160 D SecurityProfileDB:                 "digest_algorithm": "SHA-256",
07-12 14:07:15.981  1160  1160 D SecurityProfileDB:                 "digest": "gevibRJOsrvzbInwhrk+D2Led84IIKGVVBKOTKDPFI8=",
07-12 14:07:15.981  1160  1160 D SecurityProfileDB:                 "signature_scheme": "v1_manifest"
07-12 14:07:15.981  1160  1160 D SecurityProfileDB:             },
07-12 14:07:15.981  1160  1160 D SecurityProfileDB:             "rules": [],
07-12 14:07:15.981  1160  1160 D SecurityProfileDB:             "labels": [
07-12 14:07:15.981  1160  1160 D SecurityProfileDB:                 "GREEN"
07-12 14:07:15.981  1160  1160 D SecurityProfileDB:             ]
07-12 14:07:15.981  1160  1160 D SecurityProfileDB:         },
07-12 14:07:15.981  1160  1160 D SecurityProfileDB:         "com.huawei.health": {
07-12 14:07:15.981  1160  1160 D SecurityProfileDB:             "policy_version": 3,
07-12 14:07:15.981  1160  1160 D SecurityProfileDB:             "apk_digest": {
07-12 14:07:15.981  1160  1160 D SecurityProfileDB:                 "digest_algorithm": "SHA-256",
07-12 14:07:15.981  1160  1160 D SecurityProfileDB:                 "digest": "rdjdHVoumN9pQocmChF6QUqcUK9QsyiveFy\/FGYBOiU=",
07-12 14:07:15.981  1160  1160 D SecurityProfileDB:                 "signature_scheme": "v1_manifest"
07-12 14:07:15.981  1160  1160 D SecurityProfileDB:             },
07-12 14:07:15.981  1160  1160 D SecurityProfileDB:             "rules": [],
07-12 14:07:15.981  1160  1160 D SecurityProfileDB:             "labels": [
07-12 14:07:15.981  1160  1160 D SecurityProfileDB:                 "GREEN"
07-12 14:07:15.981  1160  1160 D SecurityProfileDB:             ]
07-12 14:07:15.981  1160  1160 D SecurityProfileDB:         },
07-12 14:07:15.981  1160  1160 D SecurityProfileDB:         "com.taobao.taobao": {
07-12 14:07:15.981  1160  1160 D SecurityProfileDB:             "policy_version": 3,
07-12 14:07:15.981  1160  1160 D SecurityProfileDB:             "apk_digest": {
07-12 14:07:15.981  1160  1160 D SecurityProfileDB:                 "digest_algorithm": "SHA-256",
07-12 14:07:15.981  1160  1160 D SecurityProfileDB:                 "digest": "4jAFagQCIf+ml6qvM2p3Y6zZoU\/5yel36HfkW0SoC+w=",
07-12 14:07:15.981  1160  1160 D SecurityProfileDB:                 "signature_scheme": "v2"
07-12 14:07:15.981  1160  1160 D SecurityProfileDB:  
07-12 14:07:16.027  1160  1208 W ContextImpl: Calling a method in the system process without a qualified user: android.app.ContextImpl.startService:1796 com.android.server.security.trustspace.TrustSpaceManagerService.handlePackageAppeared:251 com.android.server.security.trustspace.TrustSpaceManagerService.access$700:57 com.android.server.security.trustspace.TrustSpaceManagerService$MyPackageMonitor.onPackageAdded:165 com.android.internal.content.PackageMonitor.onReceive:342 
07-12 14:07:16.039  1160  1208 I UKeyManagerService: app is added. The packageName is : com.github.android_app_bootstrapuid = 10189
07-12 14:07:16.039  1160  1208 D UKeyManagerService: calling in false android.uid.system:1000
07-12 14:07:16.039  1160  1208 I UKeyManagerService: The app is not ukey application, packageName : com.github.android_app_bootstrap
07-12 14:07:16.059  1160  1208 I PackageManager: writePermissionsSync -> user:0, put true:, Build.FINGERPRINT:HUAWEI/EML-AL00/HWEML:9/HUAWEIEML-AL00/187C00R1:user/release-keys, fingerprint:HUAWEI/EML-AL00/HWEML:9/HUAWEIEML-AL00/187C00R1:user/release-keys
07-12 14:07:16.074  1160  1160 D SecurityProfileUtils: getInstalledApkPath name success,packageName:com.github.android_app_bootstrap,userId:0,ApkPath:/data/app/com.github.android_app_bootstrap-dbAne2nQ8J1BAaGlLBUWSw==/base.apk
07-12 14:07:16.074  1160  1160 E SecurityProfileService: Not found Exception No APK Signature Scheme v2 block in APK Signing Block
07-12 14:07:16.074  1160  1160 I SecurityProfileService: update PackageSigned Info Action:put, packageName:com.github.android_app_bootstrap,hasValidPolicy:false
07-12 14:07:16.078  1160  1160 D SecurityProfileDB: writing: {
07-12 14:07:16.078  1160  1160 D SecurityProfileDB:     "overlay_labels": {},
07-12 14:07:16.078  1160  1160 D SecurityProfileDB:     "domains": {
07-12 14:07:16.078  1160  1160 D SecurityProfileDB:         "com.huawei.mycenter": {
07-12 14:07:16.078  1160  1160 D SecurityProfileDB:             "policy_version": 3,
07-12 14:07:16.078  1160  1160 D SecurityProfileDB:             "apk_digest": {
07-12 14:07:16.078  1160  1160 D SecurityProfileDB:                 "digest_algorithm": "SHA-256",
07-12 14:07:16.078  1160  1160 D SecurityProfileDB:                 "digest": "WrCnlug7avgMeo+cEtSs1snLGJ+GtususqR4hsptLaw=",
07-12 14:07:16.078  1160  1160 D SecurityProfileDB:                 "signature_scheme": "v2"
07-12 14:07:16.078  1160  1160 D SecurityProfileDB:             },
07-12 14:07:16.078  1160  1160 D SecurityProfileDB:             "rules": [],
07-12 14:07:16.078  1160  1160 D SecurityProfileDB:             "labels": [
07-12 14:07:16.078  1160  1160 D SecurityProfileDB:                 "GREEN"
07-12 14:07:16.078  1160  1160 D SecurityProfileDB:             ]
07-12 14:07:16.078  1160  1160 D SecurityProfileDB:         },
07-12 14:07:16.078  1160  1160 D SecurityProfileDB:         "com.huawei.scanner": {
07-12 14:07:16.078  1160  1160 D SecurityProfileDB:             "policy_version": 2,
07-12 14:07:16.078  1160  1160 D SecurityProfileDB:             "apk_digest": {
07-12 14:07:16.078  1160  1160 D SecurityProfileDB:                 "digest_algorithm": "SHA-256",
07-12 14:07:16.078  1160  1160 D SecurityProfileDB:                 "digest": "o08UVMOogzO\/CABe7MVxnmSsTSwX728gB1RRjMXhWK8=",
07-12 14:07:16.078  1160  1160 D SecurityProfileDB:                 "signature_scheme": "v2"
