07-12 14:08:01.201  5671  5671 I chatty  : uid=2000(shell) dumpsys expire 1 line
07-12 14:08:01.219 18851 18851 E android.browse: Invalid ID 0x6000000d.
07-12 14:08:01.219 18851 18851 E android.browse: No package ID 07 found for ID 0x07654321.
07-12 14:08:01.219 18851 18851 E android.browse: No package ID 08 found for ID 0x08f90000.
07-12 14:08:01.220 18851 18851 I chatty  : uid=10104(com.android.browser) identical 74 lines
07-12 14:08:01.220 18851 18851 E android.browse: No package ID 08 found for ID 0x08f90000.
07-12 14:08:01.251  4888  4888 D HwAppInnerBoostImpl: asyncReportData com.github.android_app_bootstrap,1,2,3,3 interval=2174
07-12 14:08:01.253   633  2093 E uniperf server: uniPerfEvent doParse failed, cmdId=4403
07-12 14:08:01.253   633  2093 D uniperf hal: do uniPerfEvent failed, cmdId=4403, ret=2
07-12 14:08:01.298  4888  4888 D HwAppInnerBoostImpl: asyncReportData com.github.android_app_bootstrap,1,1,6,0 interval=2222
07-12 14:08:01.300   633  2093 E uniperf server: uniPerfEvent doParse failed, cmdId=4402
07-12 14:08:01.301   633  2093 D uniperf hal: do uniPerfEvent failed, cmdId=4402, ret=2
07-12 14:08:01.306   641   641 E WifiHAL : enter wifi_get_link_stats
07-12 14:08:01.361   749   947 W JankService: processEntry, not beta version or commercial log off
07-12 14:08:01.429  5684  5684 I chatty  : uid=2000(shell) dumpsys expire 1 line
07-12 14:08:01.444 18851 18851 E android.browse: Invalid ID 0x6000000d.
07-12 14:08:01.444 18851 18851 E android.browse: No package ID 07 found for ID 0x07654321.
07-12 14:08:01.444 18851 18851 E android.browse: No package ID 08 found for ID 0x08f90000.
07-12 14:08:01.445 18851 18851 E android.browse: No package ID 08 found for ID 0x08f90000.
07-12 14:08:01.472  1737  1737 D StatusBarIconController: setIconVisibility icon is null or visibility not change visibility=false
07-12 14:08:01.474  1737  1737 D StatusBarIconController: setIconVisibility icon is null or visibility not change visibility=false
07-12 14:08:01.476  4888  4888 I sample  :  debug:redirect url: https://m.baidu.com/sf?pd=sd_privacy_terms&ms=1&ms=1&word=%E5%85%8D%E8%B4%A3%E5%A3%B0%E6%98%8E&title=%E5%85%8D%E8%B4%A3%E5%A3%B0%E6%98%8E&openapi=1&from_sf=1&resource_id=37483&dsp=iphone&tn=wisexmlnew&ext=%7B%22pid%22%3A%22mianze-shengming%22%7D&lid=&referlid=9224097818218589594&frsrcid=37483&frorder=1
07-12 14:08:01.477  4888  4888 W InputMethodManager: startInputReason = 4
07-12 14:08:01.478  1160  1522 D HwInputMethodManagerService: ------------startInput--------------
07-12 14:08:01.478  1160  1522 D HwInputMethodManagerService: hideSecSoftInput = false
07-12 14:08:01.481  5692  5692 I chatty  : uid=2000(shell) dumpsys expire 1 line
07-12 14:08:01.498 18851 18851 E android.browse: Invalid ID 0x6000000d.
07-12 14:08:01.499 18851 18851 E android.browse: No package ID 07 found for ID 0x07654321.
07-12 14:08:01.499 18851 18851 E android.browse: No package ID 08 found for ID 0x08f90000.
07-12 14:08:01.499 18851 18851 E android.browse: No package ID 08 found for ID 0x08f90000.
07-12 14:08:01.654  4888  4888 D HwAppInnerBoostImpl: asyncReportData com.github.android_app_bootstrap,2,1,1,0 interval=248
07-12 14:08:01.656   633  2093 E uniperf server: uniPerfEvent doParse failed, cmdId=4400
07-12 14:08:01.656   633  2093 D uniperf hal: do uniPerfEvent failed, cmdId=4400, ret=2
07-12 14:08:01.677  4888  4888 I sample  :  debug:onReceivedTitle:
07-12 14:08:01.681  1919  2212 I hibernation: view remove pid:4888 uid:10189
07-12 14:08:01.684  4888  4915 W libEGL  : EGLNativeWindowType 0x7afb543010 disconnect failed
07-12 14:08:01.685  1160  1522 V WindowManager: removeIfPossible: Window{9391888 u0 Toast}
07-12 14:08:01.690  1160  1522 V WindowManager: Not removing Window{9391888 u0 Toast EXITING} due to exit animation 
07-12 14:08:01.704  1160  1522 V WindowManager: removeIfPossible: Window{9391888 u0 Toast EXITING}
07-12 14:08:01.704  1160  1522 V WindowManager: Not removing Window{9391888 u0 Toast EXITING} due to exit animation 
07-12 14:08:01.710  1160  1522 W WindowManager: removeWindowToken: Attempted to remove non-existing token: android.os.Binder@6ff676e
07-12 14:08:01.710  1160  2424 I NotificationService: cancelToast pkg=com.github.android_app_bootstrap callback=android.app.ITransientNotification$Stub$Proxy@793082a
07-12 14:08:01.711  1160  2424 W WindowManager: removeWindowToken: Attempted to remove non-existing token: android.os.Binder@6ff676e
07-12 14:08:01.804  1160  1511 V WindowManager: Exit animation finished in Window{9391888 u0 Toast EXITING}: remove=true
07-12 14:08:01.838  1160  1511 V WindowManager: postWindowRemoveCleanupLocked: Window{9391888 u0 Toast}
07-12 14:08:01.838  1160  1511 V WindowManager: Removing Window{9391888 u0 Toast} from WindowToken{956be0f android.os.Binder@6ff676e}
07-12 14:08:01.906  4888  4888 D HwAppInnerBoostImpl: asyncReportData com.github.android_app_bootstrap,2,1,2,0 interval=499
07-12 14:08:01.908   633  2093 E uniperf server: uniPerfEvent doParse failed, cmdId=4400
07-12 14:08:01.908   633  2093 D uniperf hal: do uniPerfEvent failed, cmdId=4400, ret=2
07-12 14:08:01.946  4888  5581 W chromium: [WARNING:spdy_session.cc(3144)] Received HEADERS for invalid stream 15
07-12 14:08:01.970  4888  4888 D HwAppInnerBoostImpl: asyncReportData com.github.android_app_bootstrap,2,2,1,3 interval=564
07-12 14:08:01.972   633  2093 E uniperf server: uniPerfEvent doParse failed, cmdId=4401
07-12 14:08:01.972   633  2093 D uniperf hal: do uniPerfEvent failed, cmdId=4401, ret=2
07-12 14:08:02.012  4888  4888 I chromium: [INFO:CONSOLE(2)] "document.registerElement is deprecated and will be removed in M73, around March 2019. Please use window.customElements.define instead. See https://www.chromestatus.com/features/4642138092470272 for more details.", source: https://m.baidu.com/sf?pd=sd_privacy_terms&ms=1&ms=1&word=%E5%85%8D%E8%B4%A3%E5%A3%B0%E6%98%8E&title=%E5%85%8D%E8%B4%A3%E5%A3%B0%E6%98%8E&openapi=1&from_sf=1&resource_id=37483&dsp=iphone&tn=wisexmlnew&ext=%7B%22pid%22%3A%22mianze-shengming%22%7D&lid=&referlid=9224097818218589594&frsrcid=37483&frorder=1 (2)
07-12 14:08:02.049  5705  5705 I chatty  : uid=2000(shell) dumpsys expire 1 line
07-12 14:08:02.059  1884  2069 D HwWifiStatStore: handleMessage : 200
07-12 14:08:02.060 18851 18851 E android.browse: Invalid ID 0x6000000d.
07-12 14:08:02.060 18851 18851 E android.browse: No package ID 07 found for ID 0x07654321.
07-12 14:08:02.060 18851 18851 E android.browse: No package ID 08 found for ID 0x08f90000.
07-12 14:08:02.060 18851 18851 E android.browse: No package ID 08 found for ID 0x08f90000.
07-12 14:08:02.208  4888  4888 D HwAppInnerBoostImpl: asyncReportData com.github.android_app_bootstrap,2,1,3,0 interval=801
07-12 14:08:02.209   633  2093 E uniperf server: uniPerfEvent doParse failed, cmdId=4400
07-12 14:08:02.209   633  2093 D uniperf hal: do uniPerfEvent failed, cmdId=4400, ret=2
07-12 14:08:02.266  1160  1581 I chatty  : uid=1000(system) AlarmManager expire 3 lines
07-12 14:08:02.269  1160  1160 D JobScheduler.Time: Delay-expired alarm fired
07-12 14:08:02.269  1160  1160 I JobScheduler.Time: onControllerStateChanged
07-12 14:08:02.272  1160  1160 W HwAlarmManagerService: isContainsAppUidInWorksource-->happend NameNotFoundException
07-12 14:08:02.272  1160  1160 W HwAlarmManagerService: isContainsAppUidInWorksource-->happend NameNotFoundException
07-12 14:08:02.273  1160  1160 I HwAlarmManagerService: hwSetAlarm listenerTag: *job.delay*
07-12 14:08:02.273  1160  1160 I JobScheduler.Time: mNextDelayExpiredElapsedMillis: 100244344
07-12 14:08:02.274  1160  1160 D JobScheduler: Maybe queuing ready jobs...
07-12 14:08:02.281  5714  5714 I chatty  : uid=2000(shell) dumpsys expire 1 line
07-12 14:08:02.290  1160  2424 V BroadcastQueue: Finished with ordered broadcast BroadcastRecord{66958f7 u0 com.google.android.gms.gcm.ACTION_CHECK_QUEUE}
07-12 14:08:02.303 18851 18851 E android.browse: Invalid ID 0x6000000d.
07-12 14:08:02.303 18851 18851 E android.browse: No package ID 07 found for ID 0x07654321.
07-12 14:08:02.303 18851 18851 E android.browse: No package ID 08 found for ID 0x08f90000.
07-12 14:08:02.303 18851 18851 E android.browse: No package ID 08 found for ID 0x08f90000.
07-12 14:08:02.311 31160 31160 I Finsky  : [1] com.google.android.finsky.scheduler.JobSchedulerEngine$PhoneskyJobSchedulerJobService.onStartJob(3): onJobSchedulerWakeup with jobId 9001
07-12 14:08:02.315  3341  5667 D WorkSource: Insert in WorkSource{} @ 0 uid 10021 name com.google.android.gms
07-12 14:08:02.316  3341  5667 D WorkSource: Insert in WorkSource{} @ 0 uid 10021 name com.google.android.gms
07-12 14:08:02.317  1160  8582 I JobScheduler.Time: onControllerStateChanged
07-12 14:08:02.317  1160  1160 D JobScheduler: queuing all ready jobs for execution:
07-12 14:08:02.318 31160 31160 I Finsky  : [1] nvu.a(21): Scheduling fallback job with id: 9034, and delay: 43200000 ms
07-12 14:08:02.322  1160  8582 I AlarmManager: remove alarm:Alarm{51695c9 type 2 when 164348384 PendingIntent{695d1ef: PendingIntentRecord{ad42004 com.android.vending broadcastIntent}}com.android.vending} according to operation:62141d0
07-12 14:08:02.327 31160 31160 I Finsky  : [1] nvu.a(5): Scheduling fallback in 64799993 (absolute: 164382463)
07-12 14:08:02.329  3341  5667 D WorkSource: Insert in WorkSource{} @ 0 uid 10021 name com.google.android.gms
07-12 14:08:02.330  1160  8582 W HwAlarmManagerService: isContainsAppUidInWorksource-->happend NameNotFoundException
07-12 14:08:02.330  1160  8582 W HwAlarmManagerService: isContainsAppUidInWorksource-->happend NameNotFoundException
07-12 14:08:02.330  4888  4888 V AudioManager: playSoundEffect   effectType: 0
07-12 14:08:02.330  4888  4888 V AudioManager: querySoundEffectsEnabled...
07-12 14:08:02.349  5722  5722 I chatty  : uid=2000(shell) dumpsys expire 1 line
07-12 14:08:02.364 18851 18851 E android.browse: Invalid ID 0x6000000d.
07-12 14:08:02.365 18851 18851 E android.browse: No package ID 07 found for ID 0x07654321.
07-12 14:08:02.365 18851 18851 E android.browse: No package ID 08 found for ID 0x08f90000.
07-12 14:08:02.365 18851 18851 E android.browse: No package ID 08 found for ID 0x08f90000.
07-12 14:08:02.379  3341  5724 I NetRec  : [2216] ahtr.a: Refreshing scores for 89 networks.
07-12 14:08:02.397  4888  4888 W InputMethodManager: startInputReason = 4
07-12 14:08:02.397  1160  8582 D HwInputMethodManagerService: ------------startInput--------------
07-12 14:08:02.397  1160  8582 D HwInputMethodManagerService: hideSecSoftInput = false
07-12 14:08:02.399 31160 31160 I Finsky  : [1] nwc.handleMessage(10): DeviceState: DeviceState{currentTime=1562911682394, isCharging=true, isIdle=false, netAny=true, netNotRoaming=true, netUnmetered=true}
07-12 14:08:02.407 31160  5730 I Finsky  : [418] nxi.b(7): Jobs in database: 1-1337 10-1 10-4 10-6 10-8 10-11 10-12 10-18 10-22 10-26 10-39 10-42 10-47 10-50 12-1 26-1414141414 
07-12 14:08:02.410 31160 31160 I Finsky  : [1] nvv.a(45): Running job: 12-1
07-12 14:08:02.415 31160 31160 I Finsky  : [1] com.google.android.finsky.contentsync.ContentSyncJob.a(23): ContentSyncJob started
07-12 14:08:02.415 31160 31160 I Finsky  : [1] nwc.handleMessage(81): RunningQueue size: 1, PendingQueue size: 0
07-12 14:08:02.416 31160 31160 I Finsky  : [1] nwc.handleMessage(90): Running queue: 12-1 
07-12 14:08:02.418 31160 31194 I Finsky  : [318] dbo.a(5): Completed 0 account content syncs with 0 successful.
07-12 14:08:02.418 31160 31160 I Finsky  : [1] com.google.android.finsky.contentsync.ContentSyncJob.a(21): Installation state replication succeeded.
07-12 14:08:02.419 31160 31160 I Finsky  : [1] nxb.a(11): jobFinished: 12-1. TimeElapsed: 8ms
07-12 14:08:02.422 31160 31160 I Finsky  : [1] nvv.a(10): Job 12-1 finished
07-12 14:08:02.423 31160 31160 I Finsky  : [1] nwc.handleMessage(81): RunningQueue size: 0, PendingQueue size: 0
07-12 14:08:02.423 31160 31160 I Finsky  : [1] nwc.handleMessage(27): Executor finished
07-12 14:08:02.433  1160  1160 D JobScheduler: queuing all ready jobs for execution:
07-12 14:08:02.454 31160 31160 I Finsky  : [1] nxi.b(7): Jobs in database: 1-1337 10-1 10-4 10-6 10-8 10-11 10-12 10-18 10-22 10-26 10-39 10-42 10-47 10-50 26-1414141414 
07-12 14:08:02.455 31160 31160 I Finsky  : [1] nva.a(66): ConstraintMapping: 1-1337, 10-1, 10-4, 10-6, 10-8, 10-11, 10-12, 10-18, 10-22, 10-26, 10-39, 10-42, 10-47, 10-50,  -> L: 12878575ms, D: 48293855ms, C: false, I: false, N: NET_ANY
07-12 14:08:02.455 31160 31160 I Finsky  : [1] nva.a(66): ConstraintMapping: 26-1414141414,  -> L: 26800155ms, D: 27700155ms, C: false, I: false, N: NET_NONE
07-12 14:08:02.456 31160 31160 I Finsky  : [1] com.google.android.finsky.scheduler.JobSchedulerEngine.a(42): Cancelling existing job with id: 9003
07-12 14:08:02.460 31160 31160 I Finsky  : [1] com.google.android.finsky.scheduler.JobSchedulerEngine.a(4): Scheduling job Id: 9000, L: 12878575, D: 48293855, C: false, I: false, N: 1
07-12 14:08:02.462 31160 31160 I Finsky  : [1] com.google.android.finsky.scheduler.JobSchedulerEngine.a(4): Scheduling job Id: 9002, L: 26800155, D: 27700155, C: false, I: false, N: 0
07-12 14:08:02.477  1160  8582 I NotificationService: cancelToast pkg=com.github.android_app_bootstrap callback=android.app.ITransientNotification$Stub$Proxy@771e38a
07-12 14:08:02.480  1160  8582 W NotificationService: Toast already cancelled. pkg=com.github.android_app_bootstrap callback=android.app.ITransientNotification$Stub$Proxy@771e38a
07-12 14:08:02.646   573   616 D         : Received kernel message payload: chr_event 9
07-12 14:08:02.646   573   616 I         : netd received web stat infomation,trigger chr report!
07-12 14:08:02.646   573   616 I         : netd received web stat infomation,trigger chr report!
07-12 14:08:02.646   573   616 I         : ReportType 0 0 0 0 0 0 0 0 0 0 0 0 0 0 0 0 0 0 0 0 0 0 0 0 0 0 0 0 0 0 0 0 0 0 0 0 0 0 0 0 0 0 0 0 0 0 0 0 0 0 0 0 0 0 0 0 0 0 0 0 0 0 0 0 0 0 0 0 0 0 0 0 0 0 0 0 0 0 0 0 0 0 0 0 0 0 0 0 0 0 0 0 0 0 0 0 0 0 0 0 0 0 0 0 0 0 0 0 0 0 0 0 0 0 0 0 0 0 0 0 0 0 0 0 0 0 0 0 0 0 0 0 0 0 0 0 0 0 0 0 0 0 0 0 0 0 0 0 0 0 0 0 0 0 0 0 0 0 0 0 0 0 0 0 0 0 0 0 0 0 0 0 0 0 0 0 0 0 0 0 0 0 0 0 0 0 0 0 0 0 0 0 0 0 0 0 0 0 0 0 0 0 0 0 0 0 0 0 0 0 0 0 0 0 0 0 0 0 0 0 0 0 0 0 0 0 0 0 0 ReportType 0 379 80 1 0 0 1 22 1 0 0 0 0 0 16 0 0 0 0 1 0 0 0 0 0 0 0 0 0 0 0 0 0 0 0 0 0 0 0 0 0 0 0 0 0 0 0 0 0 0 0 0 0 0 0 0 0 0 0 0 0 0 0 0 0 0 0 0 0 0 0 0 0 0 0 0 0 0 0 0 0 0 0 0 0 0 0 0 0 0 0 0 0 0 0 0 0 0 0 0 0 0 0 0 0 0 0 0 0 0 0 0 0 0 0 0 0 0 0 0 0 0 0 0 0 0 0 0 0 0 0 0 0 0 0 0 0 0 0 0 0 0 0 0 0 0 0 0 0 0 0 0 0 0 0 0 0 0 0 0 0 0 0 0 0 0 0 0 0 0 0 0 0 0 0 0 0 0 0 0 0 0 0 0 0 0 0 0 0 0 0 0 0 0 0 0 0 0 0 0 0 0 0 0 0 0 0 0 0 0 0 0 46 0 9 80 80 80 0 0 0 0 0 0 0 0 32 0 1
07-12 14:08:02.646   573   616 W SocketListener: sending broadcast to Pid = 1160, Uid = 1000 
07-12 14:08:02.648  1160  1605 D NetdConnector: RCV <- {661 ReportType 0 0 0 0 0 0 0 0 0 0 0 0 0 0 0 0 0 0 0 0 0 0 0 0 0 0 0 0 0 0 0 0 0 0 0 0 0 0 0 0 0 0 0 0 0 0 0 0 0 0 0 0 0 0 0 0 0 0 0 0 0 0 0 0 0 0 0 0 0 0 0 0 0 0 0 0 0 0 0 0 0 0 0 0 0 0 0 0 0 0 0 0 0 0 0 0 0 0 0 0 0 0 0 0 0 0 0 0 0 0 0 0 0 0 0 0 0 0 0 0 0 0 0 0 0 0 0 0 0 0 0 0 0 0 0 0 0 0 0 0 0 0 0 0 0 0 0 0 0 0 0 0 0 0 0 0 0 0 0 0 0 0 0 0 0 0 0 0 0 0 0 0 0 0 0 0 0 0 0 0 0 0 0 0 0 0 0 0 0 0 0 0 0 0 0 0 0 0 0 0 0 0 0 0 0 0 0 0 0 0 0 0 0 0 0 0 0 0 0 0 0 0 0 0 0 0 0 0 0 ReportType 0 379 80 1 0 0 1 22 1 0 0 0 0 0 16 0 0 0 0 1 0 0 0 0 0 0 0 0 0 0 0 0 0 0 0 0 0 0 0 0 0 0 0 0 0 0 0 0 0 0 0 0 0 0 0 0 0 0 0 0 0 0 0 0 0 0 0 0 0 0 0 0 0 0 0 0 0 0 0 0 0 0 0 0 0 0 0 0 0 0 0 0 0 0 0 0 0 0 0 0 0 0 0 0 0 0 0 0 0 0 0 0 0 0 0 0 0 0 0 0 0 0 0 0 0 0 0 0 0 0 0 0 0 0 0 0 0 0 0 0 0 0 0 0 0 0 0 0 0 0 0 0 0 0 0 0 0 0 0 0 0 0 0 0 0 0 0 0 0 0 0 0 0 0 0 0 0 0 0 0 0 0 0 0 0 0 0 0 0 0 0 0 0 0 0 0 0 0 0 0 0 0 0 0 0 0 0 0 0 0 0 0 46 0 9 80 80 80 0 0 0 0 0 0 0 0 32 0 1}
07-12 14:08:02.649  1160  1605 D NetdConnector: RCV <- {661 ReportType 0 0 0 0 0 0 0 0 0 0 0 0 0 0 0 0 0 0 0 0 0 0 0 0 0 0 0 0 0 0 0 0 0 0 0 0 0 0 0 0 0 0 0 0 0 0 0 0 0 0 0 0 0 0 0 0 0 0 0 0 0 0 0 0 0 0 0 0 0 0 0 0 0 0 0 0 0 0 0 0 0 0 0 0 0 0 0 0 0 0 0 0 0 0 0 0 0 0 0 0 0 0 0 0 0 0 0 0 0 0 0 0 0 0 0 0 0 0 0 0 0 0 0 0 0 0 0 0 0 0 0 0 0 0 0 0 0 0 0 0 0 0 0 0 0 0 0 0 0 0 0 0 0 0 0 0 0 0 0 0 0 0 0 0 0 0 0 0 0 0 0 0 0 0 0 0 0 0 0 0 0 0 0 0 0 0 0 0 0 0 0 0 0 0 0 0 0 0 0 0 0 0 0 0 0 0 0 0 0 0 0 0 0 0 0 0 0 0 0 0 0 0 0 0 0 0 0 0 0 ReportType 0 379 80 1 0 0 1 22 1 0 0 0 0 0 16 0 0 0 0 1 0 0 0 0 0 0 0 0 0 0 0 0 0 0 0 0 0 0 0 0 0 0 0 0 0 0 0 0 0 0 0 0 0 0 0 0 0 0 0 0 0 0 0 0 0 0 0 0 0 0 0 0 0 0 0 0 0 0 0 0 0 0 0 0 0 0 0 0 0 0 0 0 0 0 0 0 0 0 0 0 0 0 0 0 0 0 0 0 0 0 0 0 0 0 0 0 0 0 0 0 0 0 0 0 0 0 0 0 0 0 0 0 0 0 0 0 0 0 0 0 0 0 0 0 0 0 0 0 0 0 0 0 0 0 0 0 0 0 0 0 0 0 0 0 0 0 0 0 0 0 0 0 0 0 0 0 0 0 0 0 0 0 0 0 0 0 0 0 0 0 0 0 0 0 0 0 0 0 0 0 0 0 0 0 0 0 0 0 0 0 0 0 46 0 9 80 80 80 0 0 0 0 0 0 0 0 32 0 1}
07-12 14:08:02.650  1160  1243 D NetdConnector: RCV unsolicited event from native daemon, event = 661
07-12 14:08:02.654  1160  1243 D HwNetworkManagementService: onEvent receive Web Stat Report:661 ReportType 0 0 0 0 0 0 0 0 0 0 0 0 0 0 0 0 0 0 0 0 0 0 0 0 0 0 0 0 0 0 0 0 0 0 0 0 0 0 0 0 0 0 0 0 0 0 0 0 0 0 0 0 0 0 0 0 0 0 0 0 0 0 0 0 0 0 0 0 0 0 0 0 0 0 0 0 0 0 0 0 0 0 0 0 0 0 0 0 0 0 0 0 0 0 0 0 0 0 0 0 0 0 0 0 0 0 0 0 0 0 0 0 0 0 0 0 0 0 0 0 0 0 0 0 0 0 0 0 0 0 0 0 0 0 0 0 0 0 0 0 0 0 0 0 0 0 0 0 0 0 0 0 0 0 0 0 0 0 0 0 0 0 0 0 0 0 0 0 0 0 0 0 0 0 0 0 0 0 0 0 0 0 0 0 0 0 0 0 0 0 0 0 0 0 0 0 0 0 0 0 0 0 0 0 0 0 0 0 0 0 0 0 0 0 0 0 0 0 0 0 0 0 0 0 0 0 0 0 0 ReportType 0 379 80 1 0 0 1 22 1 0 0 0 0 0 16 0 0 0 0 1 0 0 0 0 0 0 0 0 0 0 0 0 0 0 0 0 0 0 0 0 0 0 0 0 0 0 0 0 0 0 0 0 0 0 0 0 0 0 0 0 0 0 0 0 0 0 0 0 0 0 0 0 0 0 0 0 0 0 0 0 0 0 0 0 0 0 0 0 0 0 0 0 0 0 0 0 0 0 0 0 0 0 0 0 0 0 0 0 0 0 0 0 0 0 0 0 0 0 0 0 0 0 0 0 0 0 0 0 0 0 0 0 0 0 0 0 0 0 0 0 0 0 0 0 0 0 0 0 0 0 0 0 0 0 0 0 0 0 0 0 0 0 0 0 0 0 0 0 0 0 0 0 0 0 0 0 0 0 0 0 0 0 0 0 0 0 0 0 0 0 0 0 0 0 0 0 0 0 0 0 0 0 0 0 0 0 0 0 0 0 0 0 46 0 9 80 80 80 0 0 0 0 0 0 0 0 32 0 1
07-12 14:08:02.654  1160  1243 W ContextImpl: Calling a method in the system process without a qualified user: android.app.ContextImpl.sendBroadcast:1208 com.android.server.HwNetworkManagementService.sendWebStatMessage:1299 com.android.server.HwServiceFactoryImpl$HwNetworkManagementServiceImpl.sendWebStatMessage:732 com.android.server.NetworkManagementService$NetdCallbackReceiver.onEvent:1095 com.android.server.NativeDaemonConnector.handleMessage:176 
07-12 14:08:02.657  1884  2069 D HwWifiStatStore: handleMessage : 2011
07-12 14:08:02.658  1884  2069 D HwWifiStatStore: handleWebStatReport data is: Bundle[{HighestWebDelay=80, LowestWebDelay=80, VideoAvgSpeed=0, DelayL1=1, DelayL2=0, DelayL3=0, DelayL4=0, DelayL5=0, DelayL6=0, VideoFreezNum=0, VideoTime=0, AccVideoTime=0, TotalNum=1, WebDelay=80, TcpSuccNum=1, ReportType=0, LastTcpRTT=9, AccVideoAvgSpeed=0, SuccNum=1, RTT=379, TcpTotalNum=22, RTTL1=16, RTTL2=0, RTTL3=0, RTTL4=0, RTTL5=0, tcp_handshake_delay=32, ServerAddr=0, NoAckNum=0, HighestTcpRTT=46, LowestTcpRTT=0, FailNum=0, AccVideoFreezNum=0, RTTAbnServerAddr=0, http_get_delay=0, LastWebDelay=80}]
07-12 14:08:02.953  5734  5734 I chatty  : uid=2000(shell) dumpsys expire 1 line
07-12 14:08:02.970 18851 18851 E android.browse: Invalid ID 0x6000000d.
07-12 14:08:02.970 18851 18851 E android.browse: No package ID 07 found for ID 0x07654321.
07-12 14:08:02.971 18851 18851 E android.browse: No package ID 08 found for ID 0x08f90000.
07-12 14:08:02.972 18851 18851 E android.browse: No package ID 08 found for ID 0x08f90000.
07-12 14:08:03.073  5742  5742 W dumpsys : type=1400 audit(0.0:26664): avc: denied { read } for name="pipe-max-size" dev="proc" ino=3013222 scontext=u:r:shell:s0 tcontext=u:object_r:proc_pipe_conf:s0 tclass=file permissive=0
07-12 14:08:03.086 18851 18851 E android.browse: Invalid ID 0x6000000d.
07-12 14:08:03.086 18851 18851 E android.browse: No package ID 07 found for ID 0x07654321.
07-12 14:08:03.086 18851 18851 E android.browse: No package ID 08 found for ID 0x08f90000.
07-12 14:08:03.087 18851 18851 E android.browse: No package ID 08 found for ID 0x08f90000.
07-12 14:08:03.116  4888  4888 V AudioManager: playSoundEffect   effectType: 0
07-12 14:08:03.116  4888  4888 V AudioManager: querySoundEffectsEnabled...
07-12 14:08:03.118  4888  4888 D HwAppInnerBoostImpl: asyncReportData com.github.android_app_bootstrap,1,1,4,0 interval=1711
07-12 14:08:03.119   633  2093 E uniperf server: uniPerfEvent doParse failed, cmdId=4402
07-12 14:08:03.119   633  2093 D uniperf hal: do uniPerfEvent failed, cmdId=4402, ret=2
07-12 14:08:03.124  5084  5116 W AccessibilityInteractionClient: old interaction Id is: -1,current interaction Id is:31
07-12 14:08:03.133  5750  5750 W dumpsys : type=1400 audit(0.0:26665): avc: denied { read } for name="pipe-max-size" dev="proc" ino=3013222 scontext=u:r:shell:s0 tcontext=u:object_r:proc_pipe_conf:s0 tclass=file permissive=0
07-12 14:08:03.150 18851 18851 E android.browse: Invalid ID 0x6000000d.
07-12 14:08:03.151 18851 18851 E android.browse: No package ID 07 found for ID 0x07654321.
07-12 14:08:03.151 18851 18851 E android.browse: No package ID 08 found for ID 0x08f90000.
07-12 14:08:03.152 18851 18851 E android.browse: No package ID 08 found for ID 0x08f90000.
07-12 14:08:03.200  5084  5116 W AccessibilityInteractionClient: old interaction Id is: -1,current interaction Id is:32
07-12 14:08:03.206  5084  5116 W AccessibilityInteractionClient: old interaction Id is: -1,current interaction Id is:33
07-12 14:08:03.642  1160  1160 I chatty  : uid=1000 system_server expire 4 lines
07-12 14:08:03.645  1848  1953 I DeepNoDisturbP: handleStateChanged reason=8
07-12 14:08:03.645  1848  1848 D DaemonMessageAdapter: onMobileSignalStrengthChanged, subId: 0, signalStrength: SignalStrength: 99 114 -50 -46 32767 -1 32767 -1 0 0 0 -1 0 2147483647 0 120 0 0 cdma use_rsrp_and_rssnr_for_lte_level rscp [-128, -118, -108, -98] [-115, -105, -95, -85]
07-12 14:08:03.646  1848  1953 I HidataAppQoeP: handleStateChanged reason=8
07-12 14:08:03.646  1848  1848 D DaemonMessageAdapter: SignalStrength update result, ss: SignalStrengthInfo: 259853884 mGsmSignalStrength: 99 mWcdmaRscp: 0 mWcdmaEcio: 0 mLteRsrp: 0 mLteRsrq: 0 mCdmaDbm: -50 mCdmaEcio: -46 mEvdoDbm: 32767 mEvdoEcio: -1 mLteRssnr: 0
07-12 14:08:03.652  1848  1953 I BrowserChrP: handleStateChanged
07-12 14:08:03.753  5759  5759 W dumpsys : type=1400 audit(0.0:26666): avc: denied { read } for name="pipe-max-size" dev="proc" ino=3013222 scontext=u:r:shell:s0 tcontext=u:object_r:proc_pipe_conf:s0 tclass=file permissive=0
07-12 14:08:03.773 18851 18851 E android.browse: Invalid ID 0x6000000d.
07-12 14:08:03.773 18851 18851 E android.browse: No package ID 07 found for ID 0x07654321.
07-12 14:08:03.774 18851 18851 E android.browse: No package ID 08 found for ID 0x08f90000.
07-12 14:08:03.775 18851 18851 E android.browse: No package ID 08 found for ID 0x08f90000.
07-12 14:08:03.817  5084  5084 W AccessibilityInteractionClient: old interaction Id is: -1,current interaction Id is:25
07-12 14:08:03.864  5084  5084 W AccessibilityInteractionClient: old interaction Id is: -1,current interaction Id is:26
07-12 14:08:03.961  5768  5768 W dumpsys : type=1400 audit(0.0:26667): avc: denied { read } for name="pipe-max-size" dev="proc" ino=3013222 scontext=u:r:shell:s0 tcontext=u:object_r:proc_pipe_conf:s0 tclass=file permissive=0
07-12 14:08:03.977 18851 18851 E android.browse: Invalid ID 0x6000000d.
07-12 14:08:03.981 18851 18851 E android.browse: No package ID 07 found for ID 0x07654321.
07-12 14:08:03.982 18851 18851 E android.browse: No package ID 08 found for ID 0x08f90000.
07-12 14:08:03.982 18851 18851 E android.browse: No package ID 08 found for ID 0x08f90000.
07-12 14:08:04.020  4888  4888 D HwAppInnerBoostImpl: asyncReportData com.github.android_app_bootstrap,2,1,1,0 interval=99
07-12 14:08:04.023   633  2093 E uniperf server: uniPerfEvent doParse failed, cmdId=4400
07-12 14:08:04.023   633  2093 D uniperf hal: do uniPerfEvent failed, cmdId=4400, ret=2
07-12 14:08:04.024  5084  5116 W AccessibilityInteractionClient: old interaction Id is: -1,current interaction Id is:34
07-12 14:08:04.029  5776  5776 W dumpsys : type=1400 audit(0.0:26668): avc: denied { read } for name="pipe-max-size" dev="proc" ino=3013222 scontext=u:r:shell:s0 tcontext=u:object_r:proc_pipe_conf:s0 tclass=file permissive=0
07-12 14:08:04.042  4888  4888 W InputMethodManager: startInputReason = 4
07-12 14:08:04.043 18851 18851 E android.browse: Invalid ID 0x6000000d.
07-12 14:08:04.043  1160 11125 D HwInputMethodManagerService: ------------startInput--------------
07-12 14:08:04.043  1160 11125 D HwInputMethodManagerService: hideSecSoftInput = false
07-12 14:08:04.043 18851 18851 E android.browse: No package ID 07 found for ID 0x07654321.
07-12 14:08:04.044 18851 18851 E android.browse: No package ID 08 found for ID 0x08f90000.
07-12 14:08:04.044 18851 18851 E android.browse: No package ID 08 found for ID 0x08f90000.
07-12 14:08:04.059  5084  5116 W AccessibilityInteractionClient: old interaction Id is: -1,current interaction Id is:35
07-12 14:08:04.070  5084  5116 W AccessibilityInteractionClient: old interaction Id is: -1,current interaction Id is:36
07-12 14:08:04.078  5084  5116 W AccessibilityInteractionClient: old interaction Id is: -1,current interaction Id is:37
07-12 14:08:04.082  5084  5116 W AccessibilityInteractionClient: old interaction Id is: -1,current interaction Id is:38
07-12 14:08:04.088  5084  5116 W AccessibilityInteractionClient: old interaction Id is: -1,current interaction Id is:39
07-12 14:08:04.091  5084  5116 W AccessibilityInteractionClient: old interaction Id is: -1,current interaction Id is:40
07-12 14:08:04.327   641   641 E WifiHAL : enter wifi_get_link_stats
07-12 14:08:04.386  4888  4888 D HwAppInnerBoostImpl: asyncReportData com.github.android_app_bootstrap,2,1,2,0 interval=465
07-12 14:08:04.389   633  2093 E uniperf server: uniPerfEvent doParse failed, cmdId=4400
07-12 14:08:04.389   633  2093 D uniperf hal: do uniPerfEvent failed, cmdId=4400, ret=2
07-12 14:08:04.477  1737  1737 D StatusBarIconController: setIconVisibility icon is null or visibility not change visibility=false
07-12 14:08:04.479  1737  1737 D StatusBarIconController: setIconVisibility icon is null or visibility not change visibility=false
07-12 14:08:04.493  5576  5576 D AwareBitmapCacher: handleInit disable com.google.android.webview:sandboxed_process0
07-12 14:08:04.624  3341  5724 W NetRec  : [2216] ahtr.a: Timeout after 2240 ms while waiting for score updates. Returning 1.
07-12 14:08:04.629  5784  5784 W dumpsys : type=1400 audit(0.0:26669): avc: denied { read } for name="pipe-max-size" dev="proc" ino=3013222 scontext=u:r:shell:s0 tcontext=u:object_r:proc_pipe_conf:s0 tclass=file permissive=0
07-12 14:08:04.635  3341  5724 I NetRec  : [2216] ahtr.a: Still entries pending update, scheduling new rapid_refresh_scores_task refresh.
07-12 14:08:04.636  1160 11125 I chatty  : uid=1000(system) Binder:1160_1D expire 24 lines
07-12 14:08:04.642  3341  5724 I NetRec  : [2216] ahtr.a: Completed rapid_refresh_scores_task score refresh task in 2291 ms, returning 1
07-12 14:08:04.643  4888  4888 D HwAppInnerBoostImpl: asyncReportData com.github.android_app_bootstrap,2,1,3,0 interval=722
07-12 14:08:04.648   633  2093 E uniperf server: uniPerfEvent doParse failed, cmdId=4400
07-12 14:08:04.648   633  2093 D uniperf hal: do uniPerfEvent failed, cmdId=4400, ret=2
07-12 14:08:04.648  1160  8582 V BroadcastQueue: Finished with ordered broadcast BroadcastRecord{55eaca9 u0 com.google.android.gms.gcm.ACTION_SCHEDULE}
07-12 14:08:04.649 18851 18851 E android.browse: Invalid ID 0x6000000d.
07-12 14:08:04.653 18851 18851 E android.browse: No package ID 07 found for ID 0x07654321.
07-12 14:08:04.654 18851 18851 E android.browse: No package ID 08 found for ID 0x08f90000.
07-12 14:08:04.654 18851 18851 E android.browse: No package ID 08 found for ID 0x08f90000.
07-12 14:08:04.679  3341  2003 D WorkSource: Insert in WorkSource{} @ 0 uid 10021 name com.google.android.gms
07-12 14:08:04.680  1160 11125 W HwAlarmManagerService: isContainsAppUidInWorksource-->happend NameNotFoundException
07-12 14:08:04.680  1160 11125 W HwAlarmManagerService: isContainsAppUidInWorksource-->happend NameNotFoundException
07-12 14:08:04.686  5084  5084 W AccessibilityInteractionClient: old interaction Id is: -1,current interaction Id is:27
07-12 14:08:04.745  1160  1802 W Watchdog: hungtask: writing kick
07-12 14:08:04.769  5798  5798 W dumpsys : type=1400 audit(0.0:26670): avc: denied { read } for name="pipe-max-size" dev="proc" ino=3013222 scontext=u:r:shell:s0 tcontext=u:object_r:proc_pipe_conf:s0 tclass=file permissive=0
07-12 14:08:04.782 18851 18851 E android.browse: Invalid ID 0x6000000d.
07-12 14:08:04.782 18851 18851 E android.browse: No package ID 07 found for ID 0x07654321.
07-12 14:08:04.782 18851 18851 E android.browse: No package ID 08 found for ID 0x08f90000.
07-12 14:08:04.783 18851 18851 E android.browse: No package ID 08 found for ID 0x08f90000.
07-12 14:08:04.812  4888  4888 V AudioManager: playSoundEffect   effectType: 0
07-12 14:08:04.812  4888  4888 V AudioManager: querySoundEffectsEnabled...
07-12 14:08:04.820  5084  5116 W AccessibilityInteractionClient: old interaction Id is: -1,current interaction Id is:41
07-12 14:08:04.837  5813  5813 W dumpsys : type=1400 audit(0.0:26671): avc: denied { read } for name="pipe-max-size" dev="proc" ino=3013222 scontext=u:r:shell:s0 tcontext=u:object_r:proc_pipe_conf:s0 tclass=file permissive=0
07-12 14:08:04.852 18851 18851 E android.browse: Invalid ID 0x6000000d.
07-12 14:08:04.853 18851 18851 E android.browse: No package ID 07 found for ID 0x07654321.
07-12 14:08:04.853 18851 18851 E android.browse: No package ID 08 found for ID 0x08f90000.
07-12 14:08:04.854 18851 18851 E android.browse: No package ID 08 found for ID 0x08f90000.
07-12 14:08:04.907  4888  4888 W InputMethodManager: startInputReason = 4
07-12 14:08:04.907  1160 11125 D HwInputMethodManagerService: ------------startInput--------------
07-12 14:08:04.908  1160 11125 D HwInputMethodManagerService: hideSecSoftInput = false
07-12 14:08:04.910  5084  5116 W AccessibilityInteractionClient: old interaction Id is: -1,current interaction Id is:42
07-12 14:08:04.914  5084  5116 W AccessibilityInteractionClient: old interaction Id is: -1,current interaction Id is:43
07-12 14:08:05.064  1884  2069 D HwWifiStatStore: handleMessage : 200
07-12 14:08:05.421  1160  1684 I chatty  : uid=1000(system) HuaweiWifiWatch expire 2 lines
07-12 14:08:05.424  1160  1666 I chatty  : uid=1000(system) HwWifiConnectiv expire 1 line
07-12 14:08:05.473  5822  5822 W dumpsys : type=1400 audit(0.0:26672): avc: denied { read } for name="pipe-max-size" dev="proc" ino=3013222 scontext=u:r:shell:s0 tcontext=u:object_r:proc_pipe_conf:s0 tclass=file permissive=0
07-12 14:08:05.480  1737  1737 D StatusBarIconController: setIconVisibility icon is null or visibility not change visibility=false
07-12 14:08:05.482  1737  1737 D StatusBarIconController: setIconVisibility icon is null or visibility not change visibility=false
07-12 14:08:05.482  1737  1737 D StatusBarIconController: setIconVisibility icon is null or visibility not change visibility=false
07-12 14:08:05.491 18851 18851 E android.browse: Invalid ID 0x6000000d.
07-12 14:08:05.491 18851 18851 E android.browse: No package ID 07 found for ID 0x07654321.
07-12 14:08:05.492 18851 18851 E android.browse: No package ID 08 found for ID 0x08f90000.
07-12 14:08:05.493 18851 18851 E android.browse: No package ID 08 found for ID 0x08f90000.
07-12 14:08:05.519  5084  5084 W AccessibilityInteractionClient: old interaction Id is: -1,current interaction Id is:28
07-12 14:08:05.565  5830  5830 W dumpsys : type=1400 audit(0.0:26673): avc: denied { read } for name="pipe-max-size" dev="proc" ino=3013222 scontext=u:r:shell:s0 tcontext=u:object_r:proc_pipe_conf:s0 tclass=file permissive=0
07-12 14:08:05.581 18851 18851 E android.browse: Invalid ID 0x6000000d.
07-12 14:08:05.581 18851 18851 E android.browse: No package ID 07 found for ID 0x07654321.
07-12 14:08:05.581 18851 18851 E android.browse: No package ID 08 found for ID 0x08f90000.
07-12 14:08:05.582 18851 18851 E android.browse: No package ID 08 found for ID 0x08f90000.
07-12 14:08:05.610  4888  4888 V AudioManager: playSoundEffect   effectType: 0
07-12 14:08:05.610  4888  4888 V AudioManager: querySoundEffectsEnabled...
07-12 14:08:05.611  4888  4888 D HwAppInnerBoostImpl: asyncReportData com.github.android_app_bootstrap,1,1,4,0 interval=1690
07-12 14:08:05.613   633  2093 E uniperf server: uniPerfEvent doParse failed, cmdId=4402
07-12 14:08:05.613   633  2093 D uniperf hal: do uniPerfEvent failed, cmdId=4402, ret=2
07-12 14:08:05.619  5084  5116 W AccessibilityInteractionClient: old interaction Id is: -1,current interaction Id is:44
07-12 14:08:05.637  5839  5839 W dumpsys : type=1400 audit(0.0:26674): avc: denied { read } for name="pipe-max-size" dev="proc" ino=3013222 scontext=u:r:shell:s0 tcontext=u:object_r:proc_pipe_conf:s0 tclass=file permissive=0
07-12 14:08:05.650  5084  5116 W AccessibilityInteractionClient: old interaction Id is: -1,current interaction Id is:45
07-12 14:08:05.656 18851 18851 E android.browse: Invalid ID 0x6000000d.
07-12 14:08:05.656 18851 18851 E android.browse: No package ID 07 found for ID 0x07654321.
07-12 14:08:05.656 18851 18851 E android.browse: No package ID 08 found for ID 0x08f90000.
07-12 14:08:05.657 18851 18851 E android.browse: No package ID 08 found for ID 0x08f90000.
07-12 14:08:05.682  5084  5116 W AccessibilityInteractionClient: old interaction Id is: -1,current interaction Id is:46
07-12 14:08:05.984  1160  1613 I chatty  : uid=1000(system) WifiService expire 10 lines
07-12 14:08:06.134   733   733 E Thermal-daemon: [charger_ic] temp_new :36  temp_old :35
07-12 14:08:06.135  1919  1939 I ThermalService: Receive temperature change, type: 2, temp: 36 from thermald
07-12 14:08:06.136   733   733 E Thermal-daemon: Report temperature: [charger_ic] temp :36  report_threshold:1
07-12 14:08:06.137   733   733 E Thermal-daemon: [ap] temp_new :37  temp_old :36
07-12 14:08:06.138  1919  1939 I ThermalService: Receive temperature change, type: 0, temp: 37 from thermald
07-12 14:08:06.138   733   733 E Thermal-daemon: Report temperature: [ap] temp :37  report_threshold:1
07-12 14:08:06.138  1919  2857 D HwThermalStateManager: Thermal type: 0 cur_temperature:37
07-12 14:08:06.229  5847  5847 W dumpsys : type=1400 audit(0.0:26675): avc: denied { read } for name="pipe-max-size" dev="proc" ino=3013222 scontext=u:r:shell:s0 tcontext=u:object_r:proc_pipe_conf:s0 tclass=file permissive=0
07-12 14:08:06.249 18851 18851 E android.browse: Invalid ID 0x6000000d.
07-12 14:08:06.249 18851 18851 E android.browse: No package ID 07 found for ID 0x07654321.
07-12 14:08:06.250 18851 18851 E android.browse: No package ID 08 found for ID 0x08f90000.
07-12 14:08:06.251 18851 18851 E android.browse: No package ID 08 found for ID 0x08f90000.
07-12 14:08:06.296  5084  5084 W AccessibilityInteractionClient: old interaction Id is: -1,current interaction Id is:29
07-12 14:08:06.312  1884  2085 D HwInnerWifiManagerImpl: SupplicantState = COMPLETED
07-12 14:08:06.313  1884  2085 D HwInnerWifiManagerImpl: isPhoneAP = false
07-12 14:08:06.314  1884  2085 W DoneDirFilePackUtil: collectAllFilesInDoneDir NumberFormatException
07-12 14:08:06.315  1884  2085 I chatty  : uid=1000(system) UploadAgent identical 2 lines
07-12 14:08:06.316  1884  2085 W DoneDirFilePackUtil: collectAllFilesInDoneDir NumberFormatException
07-12 14:08:06.349  1160  1219 I chatty  : uid=1000(system) android.ui expire 14 lines
07-12 14:08:06.381  5855  5855 W dumpsys : type=1400 audit(0.0:26676): avc: denied { read } for name="pipe-max-size" dev="proc" ino=3013222 scontext=u:r:shell:s0 tcontext=u:object_r:proc_pipe_conf:s0 tclass=file permissive=0
07-12 14:08:06.394 18851 18851 E android.browse: Invalid ID 0x6000000d.
07-12 14:08:06.394 18851 18851 E android.browse: No package ID 07 found for ID 0x07654321.
07-12 14:08:06.395 18851 18851 E android.browse: No package ID 08 found for ID 0x08f90000.
07-12 14:08:06.395 18851 18851 E android.browse: No package ID 08 found for ID 0x08f90000.
07-12 14:08:06.426  4888  4888 V AudioManager: playSoundEffect   effectType: 0
07-12 14:08:06.426  4888  4888 V AudioManager: querySoundEffectsEnabled...
07-12 14:08:06.427  4888  4888 D HwAppInnerBoostImpl: asyncReportData com.github.android_app_bootstrap,2,1,1,0 interval=79
07-12 14:08:06.428   633  2093 E uniperf server: uniPerfEvent doParse failed, cmdId=4400
07-12 14:08:06.429   633  2093 D uniperf hal: do uniPerfEvent failed, cmdId=4400, ret=2
07-12 14:08:06.434  5084  5116 W AccessibilityInteractionClient: old interaction Id is: -1,current interaction Id is:47
07-12 14:08:06.445  5864  5864 W dumpsys : type=1400 audit(0.0:26677): avc: denied { read } for name="pipe-max-size" dev="proc" ino=3013222 scontext=u:r:shell:s0 tcontext=u:object_r:proc_pipe_conf:s0 tclass=file permissive=0
07-12 14:08:06.452  1160  2424 I chatty  : uid=1000(system) Binder:1160_D expire 3 lines
07-12 14:08:06.458 18851 18851 E android.browse: Invalid ID 0x6000000d.
07-12 14:08:06.458 18851 18851 E android.browse: No package ID 07 found for ID 0x07654321.
07-12 14:08:06.458 18851 18851 E android.browse: No package ID 08 found for ID 0x08f90000.
07-12 14:08:06.459 18851 18851 E android.browse: No package ID 08 found for ID 0x08f90000.
07-12 14:08:06.482  5084  5116 W AccessibilityInteractionClient: old interaction Id is: -1,current interaction Id is:48
07-12 14:08:06.483  1737  1737 D StatusBarIconController: setIconVisibility icon is null or visibility not change visibility=false
07-12 14:08:06.483  1737  1737 E ndroid.systemu: Invalid ID 0x00000000.
07-12 14:08:06.483  1737  1737 E HwNotchUtils: setIconForView iconId is not found
07-12 14:08:06.483  1737  1737 D StatusBarIconController: setIconVisibility icon is null or visibility not change visibility=false
07-12 14:08:06.483  1737  1737 E ndroid.systemu: Invalid ID 0x00000000.
07-12 14:08:06.483  1737  1737 E HwNotchUtils: setIconForView iconId is not found
07-12 14:08:06.483  1737  1737 D StatusBarIconController: setIconVisibility icon is null or visibility not change visibility=false
07-12 14:08:06.484  1737  1737 E ndroid.systemu: Invalid ID 0x00000000.
07-12 14:08:06.484  1737  1737 E HwNotchUtils: setIconForView iconId is not found
07-12 14:08:06.489  5084  5116 W AccessibilityInteractionClient: old interaction Id is: -1,current interaction Id is:49
07-12 14:08:07.041  5872  5872 W dumpsys : type=1400 audit(0.0:26678): avc: denied { read } for name="pipe-max-size" dev="proc" ino=3013222 scontext=u:r:shell:s0 tcontext=u:object_r:proc_pipe_conf:s0 tclass=file permissive=0
07-12 14:08:07.041  1160  1661 I chatty  : uid=1000(system) WiFiArpStateMac expire 2 lines
07-12 14:08:07.054 18851 18851 E android.browse: Invalid ID 0x6000000d.
07-12 14:08:07.054 18851 18851 E android.browse: No package ID 07 found for ID 0x07654321.
07-12 14:08:07.055 18851 18851 E android.browse: No package ID 08 found for ID 0x08f90000.
07-12 14:08:07.055 18851 18851 E android.browse: No package ID 08 found for ID 0x08f90000.
07-12 14:08:07.081  5084  5084 W AccessibilityInteractionClient: old interaction Id is: -1,current interaction Id is:30
07-12 14:08:07.104  5084  5084 W AccessibilityInteractionClient: old interaction Id is: -1,current interaction Id is:31
07-12 14:08:07.108  5084  5084 W AccessibilityInteractionClient: old interaction Id is: -1,current interaction Id is:32
07-12 14:08:07.112  5084  5084 W AccessibilityInteractionClient: old interaction Id is: -1,current interaction Id is:33
07-12 14:08:07.116  5084  5084 W AccessibilityInteractionClient: old interaction Id is: -1,current interaction Id is:34
07-12 14:08:07.119  5084  5084 W AccessibilityInteractionClient: old interaction Id is: -1,current interaction Id is:35
07-12 14:08:07.123  5084  5084 W AccessibilityInteractionClient: old interaction Id is: -1,current interaction Id is:36
07-12 14:08:07.127  5084  5084 W AccessibilityInteractionClient: old interaction Id is: -1,current interaction Id is:37
07-12 14:08:07.134  5084  5084 W AccessibilityInteractionClient: old interaction Id is: -1,current interaction Id is:38
07-12 14:08:07.139  5084  5084 W AccessibilityInteractionClient: old interaction Id is: -1,current interaction Id is:39
07-12 14:08:07.142  5084  5084 W AccessibilityInteractionClient: old interaction Id is: -1,current interaction Id is:40
07-12 14:08:07.146  5084  5084 W AccessibilityInteractionClient: old interaction Id is: -1,current interaction Id is:41
07-12 14:08:07.152  5084  5084 W AccessibilityInteractionClient: old interaction Id is: -1,current interaction Id is:42
07-12 14:08:07.158  5084  5084 W AccessibilityInteractionClient: old interaction Id is: -1,current interaction Id is:43
07-12 14:08:07.164  5084  5084 W AccessibilityInteractionClient: old interaction Id is: -1,current interaction Id is:44
07-12 14:08:07.169  5084  5084 W AccessibilityInteractionClient: old interaction Id is: -1,current interaction Id is:45
07-12 14:08:07.237  5880  5880 W dumpsys : type=1400 audit(0.0:26679): avc: denied { read } for name="pipe-max-size" dev="proc" ino=3013222 scontext=u:r:shell:s0 tcontext=u:object_r:proc_pipe_conf:s0 tclass=file permissive=0
07-12 14:08:07.252 18851 18851 E android.browse: Invalid ID 0x6000000d.
07-12 14:08:07.252 18851 18851 E android.browse: No package ID 07 found for ID 0x07654321.
07-12 14:08:07.252 18851 18851 E android.browse: No package ID 08 found for ID 0x08f90000.
07-12 14:08:07.253 18851 18851 E android.browse: No package ID 08 found for ID 0x08f90000.
07-12 14:08:07.283  4888  4888 V AudioManager: playSoundEffect   effectType: 0
07-12 14:08:07.283  4888  4888 V AudioManager: querySoundEffectsEnabled...
07-12 14:08:07.284  4888  4888 D HwAppInnerBoostImpl: asyncReportData com.github.android_app_bootstrap,1,1,2,0 interval=935
07-12 14:08:07.286   633  2093 E uniperf server: uniPerfEvent doParse failed, cmdId=4402
07-12 14:08:07.286   633  2093 D uniperf hal: do uniPerfEvent failed, cmdId=4402, ret=2
07-12 14:08:07.293  5084  5116 W AccessibilityInteractionClient: old interaction Id is: -1,current interaction Id is:50
07-12 14:08:07.309  5888  5888 W dumpsys : type=1400 audit(0.0:26680): avc: denied { read } for name="pipe-max-size" dev="proc" ino=3013222 scontext=u:r:shell:s0 tcontext=u:object_r:proc_pipe_conf:s0 tclass=file permissive=0
07-12 14:08:07.323 18851 18851 E android.browse: Invalid ID 0x6000000d.
07-12 14:08:07.323 18851 18851 E android.browse: No package ID 07 found for ID 0x07654321.
07-12 14:08:07.323 18851 18851 E android.browse: No package ID 08 found for ID 0x08f90000.
07-12 14:08:07.324 18851 18851 E android.browse: No package ID 08 found for ID 0x08f90000.
07-12 14:08:07.339  1973  1983 I ndroid.launche: Compiler allocated 7MB to compile void android.view.ViewRootImpl$InputStage.dump(java.lang.String, java.io.PrintWriter)
07-12 14:08:07.360  5084  5116 W AccessibilityInteractionClient: old interaction Id is: -1,current interaction Id is:51
07-12 14:08:07.366   641   641 E WifiHAL : enter wifi_get_link_stats
07-12 14:08:07.372  5084  5116 W AccessibilityInteractionClient: old interaction Id is: -1,current interaction Id is:52
07-12 14:08:07.385  1160  1614 I chatty  : uid=1000(system) WifiStateMachin expire 8 lines
07-12 14:08:07.483  1737  1737 D StatusBarIconController: setIconVisibility icon is null or visibility not change visibility=false
07-12 14:08:07.483  1737  1737 D StatusBarIconController: setIconVisibility icon is null or visibility not change visibility=false
07-12 14:08:07.909  5896  5896 W dumpsys : type=1400 audit(0.0:26681): avc: denied { read } for name="pipe-max-size" dev="proc" ino=3013222 scontext=u:r:shell:s0 tcontext=u:object_r:proc_pipe_conf:s0 tclass=file permissive=0
07-12 14:08:07.929 18851 18851 E android.browse: Invalid ID 0x6000000d.
07-12 14:08:07.929 18851 18851 E android.browse: No package ID 07 found for ID 0x07654321.
07-12 14:08:07.930 18851 18851 E android.browse: No package ID 08 found for ID 0x08f90000.
07-12 14:08:07.931 18851 18851 E android.browse: No package ID 08 found for ID 0x08f90000.
07-12 14:08:07.976  5084  5084 W AccessibilityInteractionClient: old interaction Id is: -1,current interaction Id is:46
07-12 14:08:08.038  4888  4888 D HwAppInnerBoostImpl: asyncReportData com.github.android_app_bootstrap,1,1,3,0 interval=1689
07-12 14:08:08.039   633  2093 E uniperf server: uniPerfEvent doParse failed, cmdId=4402
07-12 14:08:08.039   633  2093 D uniperf hal: do uniPerfEvent failed, cmdId=4402, ret=2
07-12 14:08:08.071  1884  2069 D HwWifiStatStore: handleMessage : 200
07-12 14:08:08.073  5904  5904 W dumpsys : type=1400 audit(0.0:26682): avc: denied { read } for name="pipe-max-size" dev="proc" ino=3013222 scontext=u:r:shell:s0 tcontext=u:object_r:proc_pipe_conf:s0 tclass=file permissive=0
07-12 14:08:08.087 18851 18851 E android.browse: Invalid ID 0x6000000d.
07-12 14:08:08.087 18851 18851 E android.browse: No package ID 07 found for ID 0x07654321.
07-12 14:08:08.087 18851 18851 E android.browse: No package ID 08 found for ID 0x08f90000.
07-12 14:08:08.088 18851 18851 E android.browse: No package ID 08 found for ID 0x08f90000.
07-12 14:08:08.121  4888  4888 V AudioManager: playSoundEffect   effectType: 0
07-12 14:08:08.121  4888  4888 V AudioManager: querySoundEffectsEnabled...
07-12 14:08:08.126  5084  5116 W AccessibilityInteractionClient: old interaction Id is: -1,current interaction Id is:53
07-12 14:08:08.141  5913  5913 W dumpsys : type=1400 audit(0.0:26683): avc: denied { read } for name="pipe-max-size" dev="proc" ino=3013222 scontext=u:r:shell:s0 tcontext=u:object_r:proc_pipe_conf:s0 tclass=file permissive=0
07-12 14:08:08.154 18851 18851 E android.browse: Invalid ID 0x6000000d.
07-12 14:08:08.155 18851 18851 E android.browse: No package ID 07 found for ID 0x07654321.
07-12 14:08:08.155 18851 18851 E android.browse: No package ID 08 found for ID 0x08f90000.
07-12 14:08:08.155 18851 18851 E android.browse: No package ID 08 found for ID 0x08f90000.
07-12 14:08:08.487  1737  1737 D StatusBarIconController: setIconVisibility icon is null or visibility not change visibility=false
07-12 14:08:08.488  1737  1737 E ndroid.systemu: Invalid ID 0x00000000.
07-12 14:08:08.488  1737  1737 E HwNotchUtils: setIconForView iconId is not found
07-12 14:08:08.488  1737  1737 D StatusBarIconController: setIconVisibility icon is null or visibility not change visibility=false
07-12 14:08:08.488  1737  1737 E ndroid.systemu: Invalid ID 0x00000000.
07-12 14:08:08.489  1737  1737 E HwNotchUtils: setIconForView iconId is not found
07-12 14:08:08.489  1737  1737 D StatusBarIconController: setIconVisibility icon is null or visibility not change visibility=false
07-12 14:08:08.489  1737  1737 E ndroid.systemu: Invalid ID 0x00000000.
07-12 14:08:08.489  1737  1737 E HwNotchUtils: setIconForView iconId is not found
07-12 14:08:08.541  4888  4888 D HwAppInnerBoostImpl: asyncReportData com.github.android_app_bootstrap,1,1,4,0 interval=2192
07-12 14:08:08.542   633  2093 E uniperf server: uniPerfEvent doParse failed, cmdId=4402
07-12 14:08:08.543   633  2093 D uniperf hal: do uniPerfEvent failed, cmdId=4402, ret=2
07-12 14:08:08.721  5921  5921 W dumpsys : type=1400 audit(0.0:26684): avc: denied { read } for name="pipe-max-size" dev="proc" ino=3013222 scontext=u:r:shell:s0 tcontext=u:object_r:proc_pipe_conf:s0 tclass=file permissive=0
07-12 14:08:08.733  1848  1848 D DaemonMessageAdapter: onMobileSignalStrengthChanged, subId: 0, signalStrength: SignalStrength: 99 114 -46 -73 32767 -1 32767 -1 0 0 0 -1 0 2147483647 0 120 0 0 cdma use_rsrp_and_rssnr_for_lte_level rscp [-128, -118, -108, -98] [-115, -105, -95, -85]
07-12 14:08:08.733  1848  1848 D DaemonMessageAdapter: SignalStrength update result, ss: SignalStrengthInfo: 259853884 mGsmSignalStrength: 99 mWcdmaRscp: 0 mWcdmaEcio: 0 mLteRsrp: 0 mLteRsrq: 0 mCdmaDbm: -46 mCdmaEcio: -73 mEvdoDbm: 32767 mEvdoEcio: -1 mLteRssnr: 0
07-12 14:08:08.735  1848  1953 I DeepNoDisturbP: handleStateChanged reason=8
07-12 14:08:08.735  1848  1953 I HidataAppQoeP: handleStateChanged reason=8
07-12 14:08:08.739 18851 18851 E android.browse: Invalid ID 0x6000000d.
07-12 14:08:08.739 18851 18851 E android.browse: No package ID 07 found for ID 0x07654321.
07-12 14:08:08.740 18851 18851 E android.browse: No package ID 08 found for ID 0x08f90000.
07-12 14:08:08.740  1848  1953 I BrowserChrP: handleStateChanged
07-12 14:08:08.740 18851 18851 E android.browse: No package ID 08 found for ID 0x08f90000.
07-12 14:08:08.773  5084  5084 W AccessibilityInteractionClient: old interaction Id is: -1,current interaction Id is:47
07-12 14:08:08.802  4888  4888 D HwAppInnerBoostImpl: asyncReportData com.github.android_app_bootstrap,1,1,5,0 interval=2453
07-12 14:08:08.806   633  2093 E uniperf server: uniPerfEvent doParse failed, cmdId=4402
07-12 14:08:08.806   633  2093 D uniperf hal: do uniPerfEvent failed, cmdId=4402, ret=2
07-12 14:08:08.873  5934  5934 W dumpsys : type=1400 audit(0.0:26685): avc: denied { read } for name="pipe-max-size" dev="proc" ino=3013222 scontext=u:r:shell:s0 tcontext=u:object_r:proc_pipe_conf:s0 tclass=file permissive=0
07-12 14:08:08.884 18851 18851 E android.browse: Invalid ID 0x6000000d.
07-12 14:08:08.884 18851 18851 E android.browse: No package ID 07 found for ID 0x07654321.
07-12 14:08:08.885 18851 18851 E android.browse: No package ID 08 found for ID 0x08f90000.
07-12 14:08:08.885 18851 18851 E android.browse: No package ID 08 found for ID 0x08f90000.
07-12 14:08:08.919  5084  5116 W AccessibilityInteractionClient: old interaction Id is: -1,current interaction Id is:54
07-12 14:08:08.925  4888  4888 W InputMethodManager: startInputReason = 4
07-12 14:08:08.927  1160  8829 D HwInputMethodManagerService: ------------startInput--------------
